<html>
<body>
<pre>
<h1>µVision Build Log</h1>
<h2>Tool Versions:</h2>
IDE-Version: ¦ÌVision V5.23.0.0
Copyright (C) 2017 ARM Ltd and ARM Germany GmbH. All rights reserved.
License Information: A Lx18342412426@outlook.com, A, LIC=3UURA-1QG49-5BREB-2F8N6-BYKSI-U5V59
 
Tool Versions:
Toolchain:       MDK-ARM Professional  Version: 5.23
Toolchain Path:  D:\Keil_v5\ARM\ARMCC\Bin
C Compiler:      Armcc.exe V5.06 update 4 (build 422)
Assembler:       Armasm.exe V5.06 update 4 (build 422)
Linker/Locator:  ArmLink.exe V5.06 update 4 (build 422)
Library Manager: ArmAr.exe V5.06 update 4 (build 422)
Hex Converter:   FromElf.exe V5.06 update 4 (build 422)
CPU DLL:         SARMCM3.DLL V5.23
Dialog DLL:      DCM.DLL V1.15.0.0
Target DLL:      STLink\ST-LINKIII-KEIL_SWO.dll V2.0.18.0
Dialog DLL:      TCM.DLL V1.27.0.0
 
<h2>Project:</h2>
D:\ARM_CONTROL_SDK\INNFOS_CAN_SDK_STM32\MDK\SCA_Controller.uvprojx
Project File Date:  11/11/2020

<h2>Output:</h2>
*** Using Compiler 'V5.06 update 4 (build 422)', folder: 'D:\Keil_v5\ARM\ARMCC\Bin'
Rebuild target 'SCA_Controller'
compiling stm32f4xx_it.c...
compiling bsp.c...
compiling SCA_APP.c...
compiling system_stm32f4xx.c...
compiling bsp_can.c...
compiling SCA_API.c...
compiling main.c...
..\USER\main.c(164): warning:  #1035-D: single-precision operand implicitly converted to double-precision
  	*z = -
i / 180.0);
..\USER\main.c(363): warning:  #550-D: variable "a_dir"  was set but never used
  		int a_dir = 0;
..\USER\main.c: 2 warnings, 0 errors
assembling startup_stm32f429_439xx.s...
compiling SCA_Protocol.c...
compiling sys.c...
compiling delay.c...
compiling timer.c...
compiling usart.c...
compiling misc.c...
compiling stm32f4xx_gpio.c...
compiling arm_nn_activations_q15.c...
compiling stm32f4xx_syscfg.c...
compiling arm_nn_activations_q7.c...
compiling stm32f4xx_rcc.c...
compiling stm32f4xx_usart.c...
compiling stm32f4xx_tim.c...
compiling stm32f4xx_can.c...
compiling arm_relu_q15.c...
compiling arm_relu_q7.c...
compiling arm_convolve_1x1_HWC_q7_fast_nonsquare.c...
compiling arm_convolve_HWC_q15_basic.c...
compiling arm_convolve_HWC_q15_fast.c...
compiling arm_convolve_HWC_q7_RGB.c...
compiling arm_convolve_HWC_q7_basic.c...
compiling arm_convolve_HWC_q7_basic_nonsquare.c...
compiling arm_convolve_HWC_q7_fast.c...
compiling arm_convolve_HWC_q7_fast_nonsquare.c...
compiling arm_depthwise_separable_conv_HWC_q7.c...
compiling arm_depthwise_conv_u8_basic_ver1.c...
compiling arm_depthwise_separable_conv_HWC_q7_nonsquare.c...
compiling arm_nn_mat_mult_kernel_q7_q15.c...
compiling arm_nn_mat_mult_kernel_q7_q15_reordered.c...
compiling arm_fully_connected_mat_q7_vec_q15.c...
compiling arm_fully_connected_mat_q7_vec_q15_opt.c...
compiling arm_fully_connected_q15.c...
compiling arm_fully_connected_q15_opt.c...
compiling arm_fully_connected_q7.c...
compiling arm_fully_connected_q7_opt.c...
compiling arm_nn_mult_q15.c...
compiling arm_nn_mult_q7.c...
compiling arm_nntables.c...
compiling arm_q7_to_q15_no_shift.c...
compiling arm_q7_to_q15_reordered_no_shift.c...
compiling arm_pool_q7_HWC.c...
compiling arm_softmax_q15.c...
compiling arm_softmax_q7.c...
linking...
Program Size: Code=59140 RO-data=1052 RW-data=120 ZI-data=3536  
FromELF: creating hex file...
".\Object\SCA_Controller.axf" - 0 Error(s), 2 Warning(s).

<h2>Software Packages used:</h2>

Package Vendor: ARM
                http://www.keil.com/pack/ARM.CMSIS.5.6.0.pack
                ARM::CMSIS:CORE:5.3.0
                CMSIS (Cortex Microcontroller Software Interface Standard)
   * Component: CORE Version: 5.3.0
   * Component: DSP Variant: Library Version: 1.7.0
   * Component: NN Lib Version: 1.2.0

<h2>Collection of Component include folders:</h2>
  .\RTE\_SCA_Controller
  D:\Keil_v5\ARM\PACK\ARM\CMSIS\5.6.0\CMSIS\Core\Include
  D:\Keil_v5\ARM\PACK\ARM\CMSIS\5.6.0\CMSIS\DSP\Include
  D:\Keil_v5\ARM\PACK\ARM\CMSIS\5.6.0\CMSIS\NN\Include
  D:\Keil_v5\ARM\PACK\Keil\STM32F4xx_DFP\2.14.0\Drivers\CMSIS\Device\ST\STM32F4xx\Include

<h2>Collection of Component Files used:</h2>

   * Component: ARM::CMSIS:CORE:5.3.0

   * Component: ARM::CMSIS:DSP:Library:1.7.0
      Include file:  CMSIS\DSP\Include\arm_math.h
      Library file:  CMSIS\DSP\Lib\ARM\arm_cortexM4lf_math.lib

   * Component: ARM::CMSIS:NN Lib:1.2.0
      Source file:   CMSIS\NN\Source\ConvolutionFunctions\arm_depthwise_conv_u8_basic_ver1.c
      Source file:   CMSIS\NN\Source\ActivationFunctions\arm_relu_q15.c
      Source file:   CMSIS\NN\Source\NNSupportFunctions\arm_nntables.c
      Source file:   CMSIS\NN\Source\ConvolutionFunctions\arm_depthwise_separable_conv_HWC_q7.c
      Source file:   CMSIS\NN\Source\FullyConnectedFunctions\arm_fully_connected_mat_q7_vec_q15_opt.c
      Source file:   CMSIS\NN\Source\FullyConnectedFunctions\arm_fully_connected_q15_opt.c
      Source file:   CMSIS\NN\Source\ConvolutionFunctions\arm_nn_mat_mult_kernel_q7_q15.c
      Source file:   CMSIS\NN\Source\NNSupportFunctions\arm_nn_mult_q7.c
      Source file:   CMSIS\NN\Source\ConvolutionFunctions\arm_convolve_HWC_q15_fast.c
      Source file:   CMSIS\NN\Source\ConvolutionFunctions\arm_nn_mat_mult_kernel_q7_q15_reordered.c
      Source file:   CMSIS\NN\Source\ConvolutionFunctions\arm_convolve_1x1_HWC_q7_fast_nonsquare.c
      Source file:   CMSIS\NN\Source\ConvolutionFunctions\arm_convolve_HWC_q15_basic.c
      Source file:   CMSIS\NN\Source\ConvolutionFunctions\arm_convolve_HWC_q7_RGB.c
      Source file:   CMSIS\NN\Source\ConvolutionFunctions\arm_convolve_HWC_q7_fast_nonsquare.c
      Source file:   CMSIS\NN\Source\FullyConnectedFunctions\arm_fully_connected_mat_q7_vec_q15.c
      Source file:   CMSIS\NN\Source\NNSupportFunctions\arm_q7_to_q15_no_shift.c
      Source file:   CMSIS\NN\Source\FullyConnectedFunctions\arm_fully_connected_q15.c
      Source file:   CMSIS\NN\Source\ConvolutionFunctions\arm_convolve_HWC_q7_basic_nonsquare.c
      Source file:   CMSIS\NN\Source\NNSupportFunctions\arm_q7_to_q15_reordered_no_shift.c
      Source file:   CMSIS\NN\Source\FullyConnectedFunctions\arm_fully_connected_q7.c
      Source file:   CMSIS\NN\Source\NNSupportFunctions\arm_nn_mult_q15.c
      Source file:   CMSIS\NN\Source\ConvolutionFunctions\arm_convolve_HWC_q7_fast.c
      Source file:   CMSIS\NN\Source\ActivationFunctions\arm_nn_activations_q7.c
      Source file:   CMSIS\NN\Source\ActivationFunctions\arm_relu_q7.c
      Source file:   CMSIS\NN\Source\ConvolutionFunctions\arm_depthwise_separable_conv_HWC_q7_nonsquare.c
      Source file:   CMSIS\NN\Source\ConvolutionFunctions\arm_convolve_HWC_q7_basic.c
      Include file:  CMSIS\NN\Include\arm_nnfunctions.h
      Source file:   CMSIS\NN\Source\ActivationFunctions\arm_nn_activations_q15.c
      Source file:   CMSIS\NN\Source\FullyConnectedFunctions\arm_fully_connected_q7_opt.c
      Source file:   CMSIS\NN\Source\PoolingFunctions\arm_pool_q7_HWC.c
      Source file:   CMSIS\NN\Source\SoftmaxFunctions\arm_softmax_q15.c
      Source file:   CMSIS\NN\Source\SoftmaxFunctions\arm_softmax_q7.c
Build Time Elapsed:  00:00:09
</pre>
</body>
</html>
