<!doctype html public "-//w3c//dtd html 4.0 transitional//en">
<html><head>
<title>Static Call Graph - [.\Object\SCA_Controller.axf]</title></head>
<body><HR>
<H1>Static Call Graph for image .\Object\SCA_Controller.axf</H1><HR>
<BR><P>#&#060CALLGRAPH&#062# ARM Linker, 5060422: Last Updated: Wed Nov 11 20:50:41 2020
<BR><P>
<H3>Maximum Stack Usage =        552 bytes + Unknown(Functions without stacksize, Cycles, Untraceable Function Pointers)</H3><H3>
Call chain for Maximum Stack Depth:</H3>
__rt_entry_main &rArr; main &rArr; CMD_Handler &rArr; SCA_Lookup &rArr; lookupActuators &rArr; __2printf &rArr; _printf_char_file &rArr; _printf_char_common &rArr; __printf
<P>
<H3>
Functions with no stack information
</H3><UL>
 <LI><a href="#[164]">__user_initial_stackheap</a>
</UL>
</UL>
<P>
<H3>
Mutually Recursive functions
</H3> <LI><a href="#[20]">ADC_IRQHandler</a>&nbsp;&nbsp;&nbsp;&rArr;&nbsp;&nbsp;&nbsp;<a href="#[20]">ADC_IRQHandler</a><BR>
</UL>
<P>
<H3>
Function Pointers
</H3><UL>
 <LI><a href="#[20]">ADC_IRQHandler</a> from startup_stm32f429_439xx.o(.text) referenced from startup_stm32f429_439xx.o(RESET)
 <LI><a href="#[8]">BusFault_Handler</a> from stm32f4xx_it.o(.text) referenced from startup_stm32f429_439xx.o(RESET)
 <LI><a href="#[22]">CAN1_RX0_IRQHandler</a> from bsp_can.o(.text) referenced from startup_stm32f429_439xx.o(RESET)
 <LI><a href="#[23]">CAN1_RX1_IRQHandler</a> from startup_stm32f429_439xx.o(.text) referenced from startup_stm32f429_439xx.o(RESET)
 <LI><a href="#[24]">CAN1_SCE_IRQHandler</a> from startup_stm32f429_439xx.o(.text) referenced from startup_stm32f429_439xx.o(RESET)
 <LI><a href="#[69]">CAN1_Send_Msg</a> from bsp_can.o(.text) referenced from sca_app.o(.text)
 <LI><a href="#[21]">CAN1_TX_IRQHandler</a> from startup_stm32f429_439xx.o(.text) referenced from startup_stm32f429_439xx.o(RESET)
 <LI><a href="#[4e]">CAN2_RX0_IRQHandler</a> from startup_stm32f429_439xx.o(.text) referenced from startup_stm32f429_439xx.o(RESET)
 <LI><a href="#[4f]">CAN2_RX1_IRQHandler</a> from bsp_can.o(.text) referenced from startup_stm32f429_439xx.o(RESET)
 <LI><a href="#[50]">CAN2_SCE_IRQHandler</a> from startup_stm32f429_439xx.o(.text) referenced from startup_stm32f429_439xx.o(RESET)
 <LI><a href="#[4d]">CAN2_TX_IRQHandler</a> from startup_stm32f429_439xx.o(.text) referenced from startup_stm32f429_439xx.o(RESET)
 <LI><a href="#[5d]">CRYP_IRQHandler</a> from startup_stm32f429_439xx.o(.text) referenced from startup_stm32f429_439xx.o(RESET)
 <LI><a href="#[5c]">DCMI_IRQHandler</a> from startup_stm32f429_439xx.o(.text) referenced from startup_stm32f429_439xx.o(RESET)
 <LI><a href="#[19]">DMA1_Stream0_IRQHandler</a> from startup_stm32f429_439xx.o(.text) referenced from startup_stm32f429_439xx.o(RESET)
 <LI><a href="#[1a]">DMA1_Stream1_IRQHandler</a> from startup_stm32f429_439xx.o(.text) referenced from startup_stm32f429_439xx.o(RESET)
 <LI><a href="#[1b]">DMA1_Stream2_IRQHandler</a> from startup_stm32f429_439xx.o(.text) referenced from startup_stm32f429_439xx.o(RESET)
 <LI><a href="#[1c]">DMA1_Stream3_IRQHandler</a> from startup_stm32f429_439xx.o(.text) referenced from startup_stm32f429_439xx.o(RESET)
 <LI><a href="#[1d]">DMA1_Stream4_IRQHandler</a> from startup_stm32f429_439xx.o(.text) referenced from startup_stm32f429_439xx.o(RESET)
 <LI><a href="#[1e]">DMA1_Stream5_IRQHandler</a> from startup_stm32f429_439xx.o(.text) referenced from startup_stm32f429_439xx.o(RESET)
 <LI><a href="#[1f]">DMA1_Stream6_IRQHandler</a> from startup_stm32f429_439xx.o(.text) referenced from startup_stm32f429_439xx.o(RESET)
 <LI><a href="#[3d]">DMA1_Stream7_IRQHandler</a> from startup_stm32f429_439xx.o(.text) referenced from startup_stm32f429_439xx.o(RESET)
 <LI><a href="#[68]">DMA2D_IRQHandler</a> from startup_stm32f429_439xx.o(.text) referenced from startup_stm32f429_439xx.o(RESET)
 <LI><a href="#[46]">DMA2_Stream0_IRQHandler</a> from startup_stm32f429_439xx.o(.text) referenced from startup_stm32f429_439xx.o(RESET)
 <LI><a href="#[47]">DMA2_Stream1_IRQHandler</a> from startup_stm32f429_439xx.o(.text) referenced from startup_stm32f429_439xx.o(RESET)
 <LI><a href="#[48]">DMA2_Stream2_IRQHandler</a> from startup_stm32f429_439xx.o(.text) referenced from startup_stm32f429_439xx.o(RESET)
 <LI><a href="#[49]">DMA2_Stream3_IRQHandler</a> from startup_stm32f429_439xx.o(.text) referenced from startup_stm32f429_439xx.o(RESET)
 <LI><a href="#[4a]">DMA2_Stream4_IRQHandler</a> from startup_stm32f429_439xx.o(.text) referenced from startup_stm32f429_439xx.o(RESET)
 <LI><a href="#[52]">DMA2_Stream5_IRQHandler</a> from startup_stm32f429_439xx.o(.text) referenced from startup_stm32f429_439xx.o(RESET)
 <LI><a href="#[53]">DMA2_Stream6_IRQHandler</a> from startup_stm32f429_439xx.o(.text) referenced from startup_stm32f429_439xx.o(RESET)
 <LI><a href="#[54]">DMA2_Stream7_IRQHandler</a> from startup_stm32f429_439xx.o(.text) referenced from startup_stm32f429_439xx.o(RESET)
 <LI><a href="#[b]">DebugMon_Handler</a> from stm32f4xx_it.o(.text) referenced from startup_stm32f429_439xx.o(RESET)
 <LI><a href="#[4b]">ETH_IRQHandler</a> from startup_stm32f429_439xx.o(.text) referenced from startup_stm32f429_439xx.o(RESET)
 <LI><a href="#[4c]">ETH_WKUP_IRQHandler</a> from startup_stm32f429_439xx.o(.text) referenced from startup_stm32f429_439xx.o(RESET)
 <LI><a href="#[14]">EXTI0_IRQHandler</a> from startup_stm32f429_439xx.o(.text) referenced from startup_stm32f429_439xx.o(RESET)
 <LI><a href="#[36]">EXTI15_10_IRQHandler</a> from startup_stm32f429_439xx.o(.text) referenced from startup_stm32f429_439xx.o(RESET)
 <LI><a href="#[15]">EXTI1_IRQHandler</a> from startup_stm32f429_439xx.o(.text) referenced from startup_stm32f429_439xx.o(RESET)
 <LI><a href="#[16]">EXTI2_IRQHandler</a> from startup_stm32f429_439xx.o(.text) referenced from startup_stm32f429_439xx.o(RESET)
 <LI><a href="#[17]">EXTI3_IRQHandler</a> from startup_stm32f429_439xx.o(.text) referenced from startup_stm32f429_439xx.o(RESET)
 <LI><a href="#[18]">EXTI4_IRQHandler</a> from startup_stm32f429_439xx.o(.text) referenced from startup_stm32f429_439xx.o(RESET)
 <LI><a href="#[25]">EXTI9_5_IRQHandler</a> from startup_stm32f429_439xx.o(.text) referenced from startup_stm32f429_439xx.o(RESET)
 <LI><a href="#[12]">FLASH_IRQHandler</a> from startup_stm32f429_439xx.o(.text) referenced from startup_stm32f429_439xx.o(RESET)
 <LI><a href="#[3e]">FMC_IRQHandler</a> from startup_stm32f429_439xx.o(.text) referenced from startup_stm32f429_439xx.o(RESET)
 <LI><a href="#[5f]">FPU_IRQHandler</a> from startup_stm32f429_439xx.o(.text) referenced from startup_stm32f429_439xx.o(RESET)
 <LI><a href="#[5e]">HASH_RNG_IRQHandler</a> from startup_stm32f429_439xx.o(.text) referenced from startup_stm32f429_439xx.o(RESET)
 <LI><a href="#[6]">HardFault_Handler</a> from stm32f4xx_it.o(.text) referenced from startup_stm32f429_439xx.o(RESET)
 <LI><a href="#[2e]">I2C1_ER_IRQHandler</a> from startup_stm32f429_439xx.o(.text) referenced from startup_stm32f429_439xx.o(RESET)
 <LI><a href="#[2d]">I2C1_EV_IRQHandler</a> from startup_stm32f429_439xx.o(.text) referenced from startup_stm32f429_439xx.o(RESET)
 <LI><a href="#[30]">I2C2_ER_IRQHandler</a> from startup_stm32f429_439xx.o(.text) referenced from startup_stm32f429_439xx.o(RESET)
 <LI><a href="#[2f]">I2C2_EV_IRQHandler</a> from startup_stm32f429_439xx.o(.text) referenced from startup_stm32f429_439xx.o(RESET)
 <LI><a href="#[57]">I2C3_ER_IRQHandler</a> from startup_stm32f429_439xx.o(.text) referenced from startup_stm32f429_439xx.o(RESET)
 <LI><a href="#[56]">I2C3_EV_IRQHandler</a> from startup_stm32f429_439xx.o(.text) referenced from startup_stm32f429_439xx.o(RESET)
 <LI><a href="#[67]">LTDC_ER_IRQHandler</a> from startup_stm32f429_439xx.o(.text) referenced from startup_stm32f429_439xx.o(RESET)
 <LI><a href="#[66]">LTDC_IRQHandler</a> from startup_stm32f429_439xx.o(.text) referenced from startup_stm32f429_439xx.o(RESET)
 <LI><a href="#[7]">MemManage_Handler</a> from stm32f4xx_it.o(.text) referenced from startup_stm32f429_439xx.o(RESET)
 <LI><a href="#[5]">NMI_Handler</a> from stm32f4xx_it.o(.text) referenced from startup_stm32f429_439xx.o(RESET)
 <LI><a href="#[51]">OTG_FS_IRQHandler</a> from startup_stm32f429_439xx.o(.text) referenced from startup_stm32f429_439xx.o(RESET)
 <LI><a href="#[38]">OTG_FS_WKUP_IRQHandler</a> from startup_stm32f429_439xx.o(.text) referenced from startup_stm32f429_439xx.o(RESET)
 <LI><a href="#[59]">OTG_HS_EP1_IN_IRQHandler</a> from startup_stm32f429_439xx.o(.text) referenced from startup_stm32f429_439xx.o(RESET)
 <LI><a href="#[58]">OTG_HS_EP1_OUT_IRQHandler</a> from startup_stm32f429_439xx.o(.text) referenced from startup_stm32f429_439xx.o(RESET)
 <LI><a href="#[5b]">OTG_HS_IRQHandler</a> from startup_stm32f429_439xx.o(.text) referenced from startup_stm32f429_439xx.o(RESET)
 <LI><a href="#[5a]">OTG_HS_WKUP_IRQHandler</a> from startup_stm32f429_439xx.o(.text) referenced from startup_stm32f429_439xx.o(RESET)
 <LI><a href="#[f]">PVD_IRQHandler</a> from startup_stm32f429_439xx.o(.text) referenced from startup_stm32f429_439xx.o(RESET)
 <LI><a href="#[c]">PendSV_Handler</a> from stm32f4xx_it.o(.text) referenced from startup_stm32f429_439xx.o(RESET)
 <LI><a href="#[13]">RCC_IRQHandler</a> from startup_stm32f429_439xx.o(.text) referenced from startup_stm32f429_439xx.o(RESET)
 <LI><a href="#[37]">RTC_Alarm_IRQHandler</a> from startup_stm32f429_439xx.o(.text) referenced from startup_stm32f429_439xx.o(RESET)
 <LI><a href="#[11]">RTC_WKUP_IRQHandler</a> from startup_stm32f429_439xx.o(.text) referenced from startup_stm32f429_439xx.o(RESET)
 <LI><a href="#[4]">Reset_Handler</a> from startup_stm32f429_439xx.o(.text) referenced from startup_stm32f429_439xx.o(RESET)
 <LI><a href="#[65]">SAI1_IRQHandler</a> from startup_stm32f429_439xx.o(.text) referenced from startup_stm32f429_439xx.o(RESET)
 <LI><a href="#[3f]">SDIO_IRQHandler</a> from startup_stm32f429_439xx.o(.text) referenced from startup_stm32f429_439xx.o(RESET)
 <LI><a href="#[31]">SPI1_IRQHandler</a> from startup_stm32f429_439xx.o(.text) referenced from startup_stm32f429_439xx.o(RESET)
 <LI><a href="#[32]">SPI2_IRQHandler</a> from startup_stm32f429_439xx.o(.text) referenced from startup_stm32f429_439xx.o(RESET)
 <LI><a href="#[41]">SPI3_IRQHandler</a> from startup_stm32f429_439xx.o(.text) referenced from startup_stm32f429_439xx.o(RESET)
 <LI><a href="#[62]">SPI4_IRQHandler</a> from startup_stm32f429_439xx.o(.text) referenced from startup_stm32f429_439xx.o(RESET)
 <LI><a href="#[63]">SPI5_IRQHandler</a> from startup_stm32f429_439xx.o(.text) referenced from startup_stm32f429_439xx.o(RESET)
 <LI><a href="#[64]">SPI6_IRQHandler</a> from startup_stm32f429_439xx.o(.text) referenced from startup_stm32f429_439xx.o(RESET)
 <LI><a href="#[a]">SVC_Handler</a> from stm32f4xx_it.o(.text) referenced from startup_stm32f429_439xx.o(RESET)
 <LI><a href="#[d]">SysTick_Handler</a> from stm32f4xx_it.o(.text) referenced from startup_stm32f429_439xx.o(RESET)
 <LI><a href="#[6a]">SystemInit</a> from system_stm32f4xx.o(.text) referenced from startup_stm32f429_439xx.o(.text)
 <LI><a href="#[10]">TAMP_STAMP_IRQHandler</a> from startup_stm32f429_439xx.o(.text) referenced from startup_stm32f429_439xx.o(RESET)
 <LI><a href="#[26]">TIM1_BRK_TIM9_IRQHandler</a> from startup_stm32f429_439xx.o(.text) referenced from startup_stm32f429_439xx.o(RESET)
 <LI><a href="#[29]">TIM1_CC_IRQHandler</a> from startup_stm32f429_439xx.o(.text) referenced from startup_stm32f429_439xx.o(RESET)
 <LI><a href="#[28]">TIM1_TRG_COM_TIM11_IRQHandler</a> from startup_stm32f429_439xx.o(.text) referenced from startup_stm32f429_439xx.o(RESET)
 <LI><a href="#[27]">TIM1_UP_TIM10_IRQHandler</a> from startup_stm32f429_439xx.o(.text) referenced from startup_stm32f429_439xx.o(RESET)
 <LI><a href="#[2a]">TIM2_IRQHandler</a> from timer.o(.text) referenced from startup_stm32f429_439xx.o(RESET)
 <LI><a href="#[2b]">TIM3_IRQHandler</a> from timer.o(.text) referenced from startup_stm32f429_439xx.o(RESET)
 <LI><a href="#[2c]">TIM4_IRQHandler</a> from timer.o(.text) referenced from startup_stm32f429_439xx.o(RESET)
 <LI><a href="#[40]">TIM5_IRQHandler</a> from startup_stm32f429_439xx.o(.text) referenced from startup_stm32f429_439xx.o(RESET)
 <LI><a href="#[44]">TIM6_DAC_IRQHandler</a> from timer.o(.text) referenced from startup_stm32f429_439xx.o(RESET)
 <LI><a href="#[45]">TIM7_IRQHandler</a> from startup_stm32f429_439xx.o(.text) referenced from startup_stm32f429_439xx.o(RESET)
 <LI><a href="#[39]">TIM8_BRK_TIM12_IRQHandler</a> from startup_stm32f429_439xx.o(.text) referenced from startup_stm32f429_439xx.o(RESET)
 <LI><a href="#[3c]">TIM8_CC_IRQHandler</a> from startup_stm32f429_439xx.o(.text) referenced from startup_stm32f429_439xx.o(RESET)
 <LI><a href="#[3b]">TIM8_TRG_COM_TIM14_IRQHandler</a> from timer.o(.text) referenced from startup_stm32f429_439xx.o(RESET)
 <LI><a href="#[3a]">TIM8_UP_TIM13_IRQHandler</a> from timer.o(.text) referenced from startup_stm32f429_439xx.o(RESET)
 <LI><a href="#[42]">UART4_IRQHandler</a> from startup_stm32f429_439xx.o(.text) referenced from startup_stm32f429_439xx.o(RESET)
 <LI><a href="#[43]">UART5_IRQHandler</a> from startup_stm32f429_439xx.o(.text) referenced from startup_stm32f429_439xx.o(RESET)
 <LI><a href="#[60]">UART7_IRQHandler</a> from startup_stm32f429_439xx.o(.text) referenced from startup_stm32f429_439xx.o(RESET)
 <LI><a href="#[61]">UART8_IRQHandler</a> from startup_stm32f429_439xx.o(.text) referenced from startup_stm32f429_439xx.o(RESET)
 <LI><a href="#[33]">USART1_IRQHandler</a> from usart.o(.text) referenced from startup_stm32f429_439xx.o(RESET)
 <LI><a href="#[34]">USART2_IRQHandler</a> from startup_stm32f429_439xx.o(.text) referenced from startup_stm32f429_439xx.o(RESET)
 <LI><a href="#[35]">USART3_IRQHandler</a> from startup_stm32f429_439xx.o(.text) referenced from startup_stm32f429_439xx.o(RESET)
 <LI><a href="#[55]">USART6_IRQHandler</a> from startup_stm32f429_439xx.o(.text) referenced from startup_stm32f429_439xx.o(RESET)
 <LI><a href="#[9]">UsageFault_Handler</a> from stm32f4xx_it.o(.text) referenced from startup_stm32f429_439xx.o(RESET)
 <LI><a href="#[e]">WWDG_IRQHandler</a> from startup_stm32f429_439xx.o(.text) referenced from startup_stm32f429_439xx.o(RESET)
 <LI><a href="#[6e]">__main</a> from __main.o(!!!main) referenced from startup_stm32f429_439xx.o(.text)
 <LI><a href="#[6d]">_printf_input_char</a> from _printf_char_common.o(.text) referenced from _printf_char_common.o(.text)
 <LI><a href="#[6c]">fputc</a> from usart.o(.text) referenced from _printf_char_file.o(.text)
</UL>
<P>
<H3>
Global Symbols
</H3>
<P><STRONG><a name="[6e]"></a>__main</STRONG> (Thumb, 8 bytes, Stack size 0 bytes, __main.o(!!!main))
<BR><BR>[Calls]<UL><LI><a href="#[70]">&gt;&gt;</a>&nbsp;&nbsp;&nbsp;__rt_entry
<LI><a href="#[6f]">&gt;&gt;</a>&nbsp;&nbsp;&nbsp;__scatterload
</UL>

<P><STRONG><a name="[6f]"></a>__scatterload</STRONG> (Thumb, 0 bytes, Stack size unknown bytes, __scatter.o(!!!scatter))
<BR><BR>[Called By]<UL><LI><a href="#[6e]">&gt;&gt;</a>&nbsp;&nbsp;&nbsp;__main
</UL>

<P><STRONG><a name="[71]"></a>__scatterload_rt2</STRONG> (Thumb, 44 bytes, Stack size unknown bytes, __scatter.o(!!!scatter), UNUSED)
<BR><BR>[Calls]<UL><LI><a href="#[70]">&gt;&gt;</a>&nbsp;&nbsp;&nbsp;__rt_entry
</UL>

<P><STRONG><a name="[173]"></a>__scatterload_rt2_thumb_only</STRONG> (Thumb, 0 bytes, Stack size unknown bytes, __scatter.o(!!!scatter), UNUSED)

<P><STRONG><a name="[174]"></a>__scatterload_null</STRONG> (Thumb, 0 bytes, Stack size unknown bytes, __scatter.o(!!!scatter), UNUSED)

<P><STRONG><a name="[72]"></a>__scatterload_copy</STRONG> (Thumb, 26 bytes, Stack size unknown bytes, __scatter_copy.o(!!handler_copy), UNUSED)
<BR><BR>[Calls]<UL><LI><a href="#[72]">&gt;&gt;</a>&nbsp;&nbsp;&nbsp;__scatterload_copy
</UL>
<BR>[Called By]<UL><LI><a href="#[72]">&gt;&gt;</a>&nbsp;&nbsp;&nbsp;__scatterload_copy
</UL>

<P><STRONG><a name="[175]"></a>__scatterload_zeroinit</STRONG> (Thumb, 28 bytes, Stack size unknown bytes, __scatter_zi.o(!!handler_zi), UNUSED)

<P><STRONG><a name="[73]"></a>_printf_d</STRONG> (Thumb, 0 bytes, Stack size unknown bytes, _printf_d.o(.ARM.Collect$$_printf_percent$$00000009))
<BR><BR>[Stack]<UL><LI>Max Depth = 56 + Unknown Stack Size
<LI>Call Chain = _printf_d &rArr; _printf_int_dec &rArr; _printf_int_common
</UL>
<BR>[Calls]<UL><LI><a href="#[74]">&gt;&gt;</a>&nbsp;&nbsp;&nbsp;_printf_int_dec
</UL>

<P><STRONG><a name="[15c]"></a>_printf_percent</STRONG> (Thumb, 0 bytes, Stack size unknown bytes, _printf_percent.o(.ARM.Collect$$_printf_percent$$00000000))
<BR><BR>[Called By]<UL><LI><a href="#[15b]">&gt;&gt;</a>&nbsp;&nbsp;&nbsp;__printf
</UL>

<P><STRONG><a name="[176]"></a>_printf_percent_end</STRONG> (Thumb, 0 bytes, Stack size unknown bytes, _printf_percent_end.o(.ARM.Collect$$_printf_percent$$00000017))

<P><STRONG><a name="[7a]"></a>__rt_lib_init</STRONG> (Thumb, 0 bytes, Stack size unknown bytes, libinit.o(.ARM.Collect$$libinit$$00000000))
<BR><BR>[Called By]<UL><LI><a href="#[79]">&gt;&gt;</a>&nbsp;&nbsp;&nbsp;__rt_entry_li
</UL>

<P><STRONG><a name="[75]"></a>__rt_lib_init_fp_1</STRONG> (Thumb, 0 bytes, Stack size unknown bytes, libinit2.o(.ARM.Collect$$libinit$$00000001))
<BR><BR>[Calls]<UL><LI><a href="#[76]">&gt;&gt;</a>&nbsp;&nbsp;&nbsp;_fp_init
</UL>

<P><STRONG><a name="[177]"></a>__rt_lib_init_alloca_1</STRONG> (Thumb, 0 bytes, Stack size unknown bytes, libinit2.o(.ARM.Collect$$libinit$$0000002E))

<P><STRONG><a name="[178]"></a>__rt_lib_init_argv_1</STRONG> (Thumb, 0 bytes, Stack size unknown bytes, libinit2.o(.ARM.Collect$$libinit$$0000002C))

<P><STRONG><a name="[179]"></a>__rt_lib_init_atexit_1</STRONG> (Thumb, 0 bytes, Stack size unknown bytes, libinit2.o(.ARM.Collect$$libinit$$0000001B))

<P><STRONG><a name="[17a]"></a>__rt_lib_init_clock_1</STRONG> (Thumb, 0 bytes, Stack size unknown bytes, libinit2.o(.ARM.Collect$$libinit$$00000021))

<P><STRONG><a name="[17b]"></a>__rt_lib_init_cpp_1</STRONG> (Thumb, 0 bytes, Stack size unknown bytes, libinit2.o(.ARM.Collect$$libinit$$00000032))

<P><STRONG><a name="[17c]"></a>__rt_lib_init_exceptions_1</STRONG> (Thumb, 0 bytes, Stack size unknown bytes, libinit2.o(.ARM.Collect$$libinit$$00000030))

<P><STRONG><a name="[17d]"></a>__rt_lib_init_fp_trap_1</STRONG> (Thumb, 0 bytes, Stack size unknown bytes, libinit2.o(.ARM.Collect$$libinit$$0000001F))

<P><STRONG><a name="[17e]"></a>__rt_lib_init_getenv_1</STRONG> (Thumb, 0 bytes, Stack size unknown bytes, libinit2.o(.ARM.Collect$$libinit$$00000023))

<P><STRONG><a name="[17f]"></a>__rt_lib_init_heap_1</STRONG> (Thumb, 0 bytes, Stack size unknown bytes, libinit2.o(.ARM.Collect$$libinit$$0000000A))

<P><STRONG><a name="[180]"></a>__rt_lib_init_lc_collate_1</STRONG> (Thumb, 0 bytes, Stack size unknown bytes, libinit2.o(.ARM.Collect$$libinit$$00000011))

<P><STRONG><a name="[181]"></a>__rt_lib_init_lc_ctype_1</STRONG> (Thumb, 0 bytes, Stack size unknown bytes, libinit2.o(.ARM.Collect$$libinit$$00000013))

<P><STRONG><a name="[182]"></a>__rt_lib_init_lc_monetary_1</STRONG> (Thumb, 0 bytes, Stack size unknown bytes, libinit2.o(.ARM.Collect$$libinit$$00000015))

<P><STRONG><a name="[183]"></a>__rt_lib_init_lc_numeric_1</STRONG> (Thumb, 0 bytes, Stack size unknown bytes, libinit2.o(.ARM.Collect$$libinit$$00000017))

<P><STRONG><a name="[184]"></a>__rt_lib_init_lc_time_1</STRONG> (Thumb, 0 bytes, Stack size unknown bytes, libinit2.o(.ARM.Collect$$libinit$$00000019))

<P><STRONG><a name="[185]"></a>__rt_lib_init_preinit_1</STRONG> (Thumb, 0 bytes, Stack size unknown bytes, libinit2.o(.ARM.Collect$$libinit$$00000004))

<P><STRONG><a name="[186]"></a>__rt_lib_init_rand_1</STRONG> (Thumb, 0 bytes, Stack size unknown bytes, libinit2.o(.ARM.Collect$$libinit$$0000000E))

<P><STRONG><a name="[187]"></a>__rt_lib_init_return</STRONG> (Thumb, 0 bytes, Stack size unknown bytes, libinit2.o(.ARM.Collect$$libinit$$00000033))

<P><STRONG><a name="[188]"></a>__rt_lib_init_signal_1</STRONG> (Thumb, 0 bytes, Stack size unknown bytes, libinit2.o(.ARM.Collect$$libinit$$0000001D))

<P><STRONG><a name="[189]"></a>__rt_lib_init_stdio_1</STRONG> (Thumb, 0 bytes, Stack size unknown bytes, libinit2.o(.ARM.Collect$$libinit$$00000025))

<P><STRONG><a name="[18a]"></a>__rt_lib_init_user_alloc_1</STRONG> (Thumb, 0 bytes, Stack size unknown bytes, libinit2.o(.ARM.Collect$$libinit$$0000000C))

<P><STRONG><a name="[7f]"></a>__rt_lib_shutdown</STRONG> (Thumb, 0 bytes, Stack size unknown bytes, libshutdown.o(.ARM.Collect$$libshutdown$$00000000))
<BR><BR>[Called By]<UL><LI><a href="#[7e]">&gt;&gt;</a>&nbsp;&nbsp;&nbsp;__rt_exit_ls
</UL>

<P><STRONG><a name="[18b]"></a>__rt_lib_shutdown_cpp_1</STRONG> (Thumb, 0 bytes, Stack size unknown bytes, libshutdown2.o(.ARM.Collect$$libshutdown$$00000002))

<P><STRONG><a name="[18c]"></a>__rt_lib_shutdown_fp_trap_1</STRONG> (Thumb, 0 bytes, Stack size unknown bytes, libshutdown2.o(.ARM.Collect$$libshutdown$$00000007))

<P><STRONG><a name="[18d]"></a>__rt_lib_shutdown_heap_1</STRONG> (Thumb, 0 bytes, Stack size unknown bytes, libshutdown2.o(.ARM.Collect$$libshutdown$$0000000F))

<P><STRONG><a name="[18e]"></a>__rt_lib_shutdown_return</STRONG> (Thumb, 0 bytes, Stack size unknown bytes, libshutdown2.o(.ARM.Collect$$libshutdown$$00000010))

<P><STRONG><a name="[18f]"></a>__rt_lib_shutdown_signal_1</STRONG> (Thumb, 0 bytes, Stack size unknown bytes, libshutdown2.o(.ARM.Collect$$libshutdown$$0000000A))

<P><STRONG><a name="[190]"></a>__rt_lib_shutdown_stdio_1</STRONG> (Thumb, 0 bytes, Stack size unknown bytes, libshutdown2.o(.ARM.Collect$$libshutdown$$00000004))

<P><STRONG><a name="[191]"></a>__rt_lib_shutdown_user_alloc_1</STRONG> (Thumb, 0 bytes, Stack size unknown bytes, libshutdown2.o(.ARM.Collect$$libshutdown$$0000000C))

<P><STRONG><a name="[70]"></a>__rt_entry</STRONG> (Thumb, 0 bytes, Stack size unknown bytes, __rtentry.o(.ARM.Collect$$rtentry$$00000000))
<BR><BR>[Called By]<UL><LI><a href="#[6e]">&gt;&gt;</a>&nbsp;&nbsp;&nbsp;__main
<LI><a href="#[71]">&gt;&gt;</a>&nbsp;&nbsp;&nbsp;__scatterload_rt2
</UL>

<P><STRONG><a name="[192]"></a>__rt_entry_presh_1</STRONG> (Thumb, 0 bytes, Stack size unknown bytes, __rtentry2.o(.ARM.Collect$$rtentry$$00000002))

<P><STRONG><a name="[77]"></a>__rt_entry_sh</STRONG> (Thumb, 0 bytes, Stack size unknown bytes, __rtentry4.o(.ARM.Collect$$rtentry$$00000004))
<BR><BR>[Stack]<UL><LI>Max Depth = 8 + Unknown Stack Size
<LI>Call Chain = __rt_entry_sh &rArr; __user_setup_stackheap
</UL>
<BR>[Calls]<UL><LI><a href="#[78]">&gt;&gt;</a>&nbsp;&nbsp;&nbsp;__user_setup_stackheap
</UL>

<P><STRONG><a name="[79]"></a>__rt_entry_li</STRONG> (Thumb, 0 bytes, Stack size unknown bytes, __rtentry2.o(.ARM.Collect$$rtentry$$0000000A))
<BR><BR>[Calls]<UL><LI><a href="#[7a]">&gt;&gt;</a>&nbsp;&nbsp;&nbsp;__rt_lib_init
</UL>

<P><STRONG><a name="[193]"></a>__rt_entry_postsh_1</STRONG> (Thumb, 0 bytes, Stack size unknown bytes, __rtentry2.o(.ARM.Collect$$rtentry$$00000009))

<P><STRONG><a name="[7b]"></a>__rt_entry_main</STRONG> (Thumb, 0 bytes, Stack size unknown bytes, __rtentry2.o(.ARM.Collect$$rtentry$$0000000D))
<BR><BR>[Stack]<UL><LI>Max Depth = 552 + Unknown Stack Size
<LI>Call Chain = __rt_entry_main &rArr; main &rArr; CMD_Handler &rArr; SCA_Lookup &rArr; lookupActuators &rArr; __2printf &rArr; _printf_char_file &rArr; _printf_char_common &rArr; __printf
</UL>
<BR>[Calls]<UL><LI><a href="#[7c]">&gt;&gt;</a>&nbsp;&nbsp;&nbsp;main
<LI><a href="#[7d]">&gt;&gt;</a>&nbsp;&nbsp;&nbsp;exit
</UL>

<P><STRONG><a name="[194]"></a>__rt_entry_postli_1</STRONG> (Thumb, 0 bytes, Stack size unknown bytes, __rtentry2.o(.ARM.Collect$$rtentry$$0000000C))

<P><STRONG><a name="[165]"></a>__rt_exit</STRONG> (Thumb, 0 bytes, Stack size unknown bytes, rtexit.o(.ARM.Collect$$rtexit$$00000000))
<BR><BR>[Called By]<UL><LI><a href="#[7d]">&gt;&gt;</a>&nbsp;&nbsp;&nbsp;exit
</UL>

<P><STRONG><a name="[7e]"></a>__rt_exit_ls</STRONG> (Thumb, 0 bytes, Stack size unknown bytes, rtexit2.o(.ARM.Collect$$rtexit$$00000003))
<BR><BR>[Calls]<UL><LI><a href="#[7f]">&gt;&gt;</a>&nbsp;&nbsp;&nbsp;__rt_lib_shutdown
</UL>

<P><STRONG><a name="[195]"></a>__rt_exit_prels_1</STRONG> (Thumb, 0 bytes, Stack size unknown bytes, rtexit2.o(.ARM.Collect$$rtexit$$00000002))

<P><STRONG><a name="[80]"></a>__rt_exit_exit</STRONG> (Thumb, 0 bytes, Stack size unknown bytes, rtexit2.o(.ARM.Collect$$rtexit$$00000004))
<BR><BR>[Calls]<UL><LI><a href="#[81]">&gt;&gt;</a>&nbsp;&nbsp;&nbsp;_sys_exit
</UL>

<P><STRONG><a name="[196]"></a>motor_parameter_init</STRONG> (Thumb, 106 bytes, Stack size 0 bytes, main.o(.text), UNUSED)

<P><STRONG><a name="[82]"></a>motor_act</STRONG> (Thumb, 162 bytes, Stack size 24 bytes, main.o(.text))
<BR><BR>[Stack]<UL><LI>Max Depth = 104<LI>Call Chain = motor_act &rArr; setPosition &rArr; SCA_Write_3 &rArr; canTransmit
</UL>
<BR>[Calls]<UL><LI><a href="#[84]">&gt;&gt;</a>&nbsp;&nbsp;&nbsp;setPosition
<LI><a href="#[83]">&gt;&gt;</a>&nbsp;&nbsp;&nbsp;getInstance
</UL>
<BR>[Called By]<UL><LI><a href="#[3b]">&gt;&gt;</a>&nbsp;&nbsp;&nbsp;TIM8_TRG_COM_TIM14_IRQHandler
<LI><a href="#[3a]">&gt;&gt;</a>&nbsp;&nbsp;&nbsp;TIM8_UP_TIM13_IRQHandler
<LI><a href="#[2c]">&gt;&gt;</a>&nbsp;&nbsp;&nbsp;TIM4_IRQHandler
<LI><a href="#[2b]">&gt;&gt;</a>&nbsp;&nbsp;&nbsp;TIM3_IRQHandler
<LI><a href="#[8c]">&gt;&gt;</a>&nbsp;&nbsp;&nbsp;CMD_Handler
</UL>

<P><STRONG><a name="[85]"></a>update_status</STRONG> (Thumb, 84 bytes, Stack size 8 bytes, main.o(.text))
<BR><BR>[Stack]<UL><LI>Max Depth = 72<LI>Call Chain = update_status &rArr; requestCVPValue &rArr; SCA_Read &rArr; canTransmit
</UL>
<BR>[Calls]<UL><LI><a href="#[87]">&gt;&gt;</a>&nbsp;&nbsp;&nbsp;requestCVPValue
<LI><a href="#[86]">&gt;&gt;</a>&nbsp;&nbsp;&nbsp;isOnline
</UL>
<BR>[Called By]<UL><LI><a href="#[7c]">&gt;&gt;</a>&nbsp;&nbsp;&nbsp;main
</UL>

<P><STRONG><a name="[88]"></a>motor_act_position</STRONG> (Thumb, 180 bytes, Stack size 24 bytes, main.o(.text))
<BR><BR>[Stack]<UL><LI>Max Depth = 24<LI>Call Chain = motor_act_position
</UL>
<BR>[Calls]<UL><LI><a href="#[83]">&gt;&gt;</a>&nbsp;&nbsp;&nbsp;getInstance
<LI><a href="#[89]">&gt;&gt;</a>&nbsp;&nbsp;&nbsp;TIM_Cmd
</UL>
<BR>[Called By]<UL><LI><a href="#[8c]">&gt;&gt;</a>&nbsp;&nbsp;&nbsp;CMD_Handler
</UL>

<P><STRONG><a name="[7c]"></a>main</STRONG> (Thumb, 194 bytes, Stack size 0 bytes, main.o(.text))
<BR><BR>[Stack]<UL><LI>Max Depth = 552 + Unknown Stack Size
<LI>Call Chain = main &rArr; CMD_Handler &rArr; SCA_Lookup &rArr; lookupActuators &rArr; __2printf &rArr; _printf_char_file &rArr; _printf_char_common &rArr; __printf
</UL>
<BR>[Calls]<UL><LI><a href="#[8f]">&gt;&gt;</a>&nbsp;&nbsp;&nbsp;delay_ms
<LI><a href="#[95]">&gt;&gt;</a>&nbsp;&nbsp;&nbsp;TIM_init
<LI><a href="#[89]">&gt;&gt;</a>&nbsp;&nbsp;&nbsp;TIM_Cmd
<LI><a href="#[94]">&gt;&gt;</a>&nbsp;&nbsp;&nbsp;TIM2_init
<LI><a href="#[8d]">&gt;&gt;</a>&nbsp;&nbsp;&nbsp;SCA_Lookup
<LI><a href="#[8e]">&gt;&gt;</a>&nbsp;&nbsp;&nbsp;SCA_Init
<LI><a href="#[92]">&gt;&gt;</a>&nbsp;&nbsp;&nbsp;BSP_Init
<LI><a href="#[85]">&gt;&gt;</a>&nbsp;&nbsp;&nbsp;update_status
<LI><a href="#[8c]">&gt;&gt;</a>&nbsp;&nbsp;&nbsp;CMD_Handler
<LI><a href="#[8a]">&gt;&gt;</a>&nbsp;&nbsp;&nbsp;Log
<LI><a href="#[93]">&gt;&gt;</a>&nbsp;&nbsp;&nbsp;__hardfp_sinf
</UL>
<BR>[Called By]<UL><LI><a href="#[7b]">&gt;&gt;</a>&nbsp;&nbsp;&nbsp;__rt_entry_main
</UL>

<P><STRONG><a name="[5]"></a>NMI_Handler</STRONG> (Thumb, 2 bytes, Stack size 0 bytes, stm32f4xx_it.o(.text))
<BR>[Address Reference Count : 1]<UL><LI> startup_stm32f429_439xx.o(RESET)
</UL>
<P><STRONG><a name="[6]"></a>HardFault_Handler</STRONG> (Thumb, 4 bytes, Stack size 0 bytes, stm32f4xx_it.o(.text))
<BR>[Address Reference Count : 1]<UL><LI> startup_stm32f429_439xx.o(RESET)
</UL>
<P><STRONG><a name="[7]"></a>MemManage_Handler</STRONG> (Thumb, 4 bytes, Stack size 0 bytes, stm32f4xx_it.o(.text))
<BR>[Address Reference Count : 1]<UL><LI> startup_stm32f429_439xx.o(RESET)
</UL>
<P><STRONG><a name="[8]"></a>BusFault_Handler</STRONG> (Thumb, 4 bytes, Stack size 0 bytes, stm32f4xx_it.o(.text))
<BR>[Address Reference Count : 1]<UL><LI> startup_stm32f429_439xx.o(RESET)
</UL>
<P><STRONG><a name="[9]"></a>UsageFault_Handler</STRONG> (Thumb, 4 bytes, Stack size 0 bytes, stm32f4xx_it.o(.text))
<BR>[Address Reference Count : 1]<UL><LI> startup_stm32f429_439xx.o(RESET)
</UL>
<P><STRONG><a name="[a]"></a>SVC_Handler</STRONG> (Thumb, 2 bytes, Stack size 0 bytes, stm32f4xx_it.o(.text))
<BR>[Address Reference Count : 1]<UL><LI> startup_stm32f429_439xx.o(RESET)
</UL>
<P><STRONG><a name="[b]"></a>DebugMon_Handler</STRONG> (Thumb, 2 bytes, Stack size 0 bytes, stm32f4xx_it.o(.text))
<BR>[Address Reference Count : 1]<UL><LI> startup_stm32f429_439xx.o(RESET)
</UL>
<P><STRONG><a name="[c]"></a>PendSV_Handler</STRONG> (Thumb, 2 bytes, Stack size 0 bytes, stm32f4xx_it.o(.text))
<BR>[Address Reference Count : 1]<UL><LI> startup_stm32f429_439xx.o(RESET)
</UL>
<P><STRONG><a name="[d]"></a>SysTick_Handler</STRONG> (Thumb, 2 bytes, Stack size 0 bytes, stm32f4xx_it.o(.text))
<BR>[Address Reference Count : 1]<UL><LI> startup_stm32f429_439xx.o(RESET)
</UL>
<P><STRONG><a name="[6a]"></a>SystemInit</STRONG> (Thumb, 88 bytes, Stack size 8 bytes, system_stm32f4xx.o(.text))
<BR><BR>[Stack]<UL><LI>Max Depth = 20<LI>Call Chain = SystemInit &rArr; SetSysClock
</UL>
<BR>[Calls]<UL><LI><a href="#[96]">&gt;&gt;</a>&nbsp;&nbsp;&nbsp;SetSysClock
</UL>
<BR>[Address Reference Count : 1]<UL><LI> startup_stm32f429_439xx.o(.text)
</UL>
<P><STRONG><a name="[197]"></a>SystemCoreClockUpdate</STRONG> (Thumb, 174 bytes, Stack size 16 bytes, system_stm32f4xx.o(.text), UNUSED)

<P><STRONG><a name="[97]"></a>LED_Init</STRONG> (Thumb, 56 bytes, Stack size 16 bytes, bsp.o(.text))
<BR><BR>[Stack]<UL><LI>Max Depth = 36<LI>Call Chain = LED_Init &rArr; GPIO_Init
</UL>
<BR>[Calls]<UL><LI><a href="#[98]">&gt;&gt;</a>&nbsp;&nbsp;&nbsp;RCC_AHB1PeriphClockCmd
<LI><a href="#[9a]">&gt;&gt;</a>&nbsp;&nbsp;&nbsp;GPIO_ResetBits
<LI><a href="#[99]">&gt;&gt;</a>&nbsp;&nbsp;&nbsp;GPIO_Init
</UL>
<BR>[Called By]<UL><LI><a href="#[92]">&gt;&gt;</a>&nbsp;&nbsp;&nbsp;BSP_Init
</UL>

<P><STRONG><a name="[92]"></a>BSP_Init</STRONG> (Thumb, 38 bytes, Stack size 8 bytes, bsp.o(.text))
<BR><BR>[Stack]<UL><LI>Max Depth = 116<LI>Call Chain = BSP_Init &rArr; uart_init &rArr; USART_Init &rArr; RCC_GetClocksFreq
</UL>
<BR>[Calls]<UL><LI><a href="#[9d]">&gt;&gt;</a>&nbsp;&nbsp;&nbsp;uart_init
<LI><a href="#[9c]">&gt;&gt;</a>&nbsp;&nbsp;&nbsp;delay_init
<LI><a href="#[9b]">&gt;&gt;</a>&nbsp;&nbsp;&nbsp;NVIC_PriorityGroupConfig
<LI><a href="#[9f]">&gt;&gt;</a>&nbsp;&nbsp;&nbsp;CAN2_Initializes
<LI><a href="#[9e]">&gt;&gt;</a>&nbsp;&nbsp;&nbsp;CAN1_Initializes
<LI><a href="#[97]">&gt;&gt;</a>&nbsp;&nbsp;&nbsp;LED_Init
</UL>
<BR>[Called By]<UL><LI><a href="#[7c]">&gt;&gt;</a>&nbsp;&nbsp;&nbsp;main
</UL>

<P><STRONG><a name="[9e]"></a>CAN1_Initializes</STRONG> (Thumb, 232 bytes, Stack size 48 bytes, bsp_can.o(.text))
<BR><BR>[Stack]<UL><LI>Max Depth = 68<LI>Call Chain = CAN1_Initializes &rArr; GPIO_PinAFConfig
</UL>
<BR>[Calls]<UL><LI><a href="#[a0]">&gt;&gt;</a>&nbsp;&nbsp;&nbsp;RCC_APB1PeriphClockCmd
<LI><a href="#[a4]">&gt;&gt;</a>&nbsp;&nbsp;&nbsp;NVIC_Init
<LI><a href="#[a1]">&gt;&gt;</a>&nbsp;&nbsp;&nbsp;GPIO_PinAFConfig
<LI><a href="#[a2]">&gt;&gt;</a>&nbsp;&nbsp;&nbsp;CAN_Init
<LI><a href="#[a5]">&gt;&gt;</a>&nbsp;&nbsp;&nbsp;CAN_ITConfig
<LI><a href="#[a3]">&gt;&gt;</a>&nbsp;&nbsp;&nbsp;CAN_FilterInit
<LI><a href="#[98]">&gt;&gt;</a>&nbsp;&nbsp;&nbsp;RCC_AHB1PeriphClockCmd
<LI><a href="#[99]">&gt;&gt;</a>&nbsp;&nbsp;&nbsp;GPIO_Init
</UL>
<BR>[Called By]<UL><LI><a href="#[92]">&gt;&gt;</a>&nbsp;&nbsp;&nbsp;BSP_Init
</UL>

<P><STRONG><a name="[22]"></a>CAN1_RX0_IRQHandler</STRONG> (Thumb, 24 bytes, Stack size 24 bytes, bsp_can.o(.text))
<BR><BR>[Stack]<UL><LI>Max Depth = 52<LI>Call Chain = CAN1_RX0_IRQHandler &rArr; canDispatch &rArr; R2dataProcess
</UL>
<BR>[Calls]<UL><LI><a href="#[a7]">&gt;&gt;</a>&nbsp;&nbsp;&nbsp;canDispatch
<LI><a href="#[a6]">&gt;&gt;</a>&nbsp;&nbsp;&nbsp;CAN_Receive
</UL>
<BR>[Address Reference Count : 1]<UL><LI> startup_stm32f429_439xx.o(RESET)
</UL>
<P><STRONG><a name="[69]"></a>CAN1_Send_Msg</STRONG> (Thumb, 138 bytes, Stack size 48 bytes, bsp_can.o(.text))
<BR><BR>[Stack]<UL><LI>Max Depth = 56<LI>Call Chain = CAN1_Send_Msg &rArr; CAN_TransmitStatus
</UL>
<BR>[Calls]<UL><LI><a href="#[a9]">&gt;&gt;</a>&nbsp;&nbsp;&nbsp;CAN_TransmitStatus
<LI><a href="#[a8]">&gt;&gt;</a>&nbsp;&nbsp;&nbsp;CAN_Transmit
</UL>
<BR>[Address Reference Count : 1]<UL><LI> sca_app.o(.text)
</UL>
<P><STRONG><a name="[aa]"></a>CAN1_Receive_Msg</STRONG> (Thumb, 32 bytes, Stack size 8 bytes, bsp_can.o(.text), UNUSED)
<BR><BR>[Calls]<UL><LI><a href="#[a6]">&gt;&gt;</a>&nbsp;&nbsp;&nbsp;CAN_Receive
<LI><a href="#[ab]">&gt;&gt;</a>&nbsp;&nbsp;&nbsp;CAN_MessagePending
</UL>

<P><STRONG><a name="[9f]"></a>CAN2_Initializes</STRONG> (Thumb, 238 bytes, Stack size 48 bytes, bsp_can.o(.text))
<BR><BR>[Stack]<UL><LI>Max Depth = 68<LI>Call Chain = CAN2_Initializes &rArr; GPIO_PinAFConfig
</UL>
<BR>[Calls]<UL><LI><a href="#[a0]">&gt;&gt;</a>&nbsp;&nbsp;&nbsp;RCC_APB1PeriphClockCmd
<LI><a href="#[a4]">&gt;&gt;</a>&nbsp;&nbsp;&nbsp;NVIC_Init
<LI><a href="#[a1]">&gt;&gt;</a>&nbsp;&nbsp;&nbsp;GPIO_PinAFConfig
<LI><a href="#[ac]">&gt;&gt;</a>&nbsp;&nbsp;&nbsp;CAN_SlaveStartBank
<LI><a href="#[a2]">&gt;&gt;</a>&nbsp;&nbsp;&nbsp;CAN_Init
<LI><a href="#[a5]">&gt;&gt;</a>&nbsp;&nbsp;&nbsp;CAN_ITConfig
<LI><a href="#[a3]">&gt;&gt;</a>&nbsp;&nbsp;&nbsp;CAN_FilterInit
<LI><a href="#[98]">&gt;&gt;</a>&nbsp;&nbsp;&nbsp;RCC_AHB1PeriphClockCmd
<LI><a href="#[99]">&gt;&gt;</a>&nbsp;&nbsp;&nbsp;GPIO_Init
</UL>
<BR>[Called By]<UL><LI><a href="#[92]">&gt;&gt;</a>&nbsp;&nbsp;&nbsp;BSP_Init
</UL>

<P><STRONG><a name="[4f]"></a>CAN2_RX1_IRQHandler</STRONG> (Thumb, 24 bytes, Stack size 24 bytes, bsp_can.o(.text))
<BR><BR>[Stack]<UL><LI>Max Depth = 52<LI>Call Chain = CAN2_RX1_IRQHandler &rArr; canDispatch &rArr; R2dataProcess
</UL>
<BR>[Calls]<UL><LI><a href="#[a7]">&gt;&gt;</a>&nbsp;&nbsp;&nbsp;canDispatch
<LI><a href="#[a6]">&gt;&gt;</a>&nbsp;&nbsp;&nbsp;CAN_Receive
</UL>
<BR>[Address Reference Count : 1]<UL><LI> startup_stm32f429_439xx.o(RESET)
</UL>
<P><STRONG><a name="[ad]"></a>CAN2_Send_Msg</STRONG> (Thumb, 138 bytes, Stack size 48 bytes, bsp_can.o(.text), UNUSED)
<BR><BR>[Calls]<UL><LI><a href="#[a9]">&gt;&gt;</a>&nbsp;&nbsp;&nbsp;CAN_TransmitStatus
<LI><a href="#[a8]">&gt;&gt;</a>&nbsp;&nbsp;&nbsp;CAN_Transmit
</UL>

<P><STRONG><a name="[ae]"></a>CAN2_Receive_Msg</STRONG> (Thumb, 32 bytes, Stack size 8 bytes, bsp_can.o(.text), UNUSED)
<BR><BR>[Calls]<UL><LI><a href="#[a6]">&gt;&gt;</a>&nbsp;&nbsp;&nbsp;CAN_Receive
<LI><a href="#[ab]">&gt;&gt;</a>&nbsp;&nbsp;&nbsp;CAN_MessagePending
</UL>

<P><STRONG><a name="[8d]"></a>SCA_Lookup</STRONG> (Thumb, 24 bytes, Stack size 8 bytes, sca_app.o(.text))
<BR><BR>[Stack]<UL><LI>Max Depth = 544 + Unknown Stack Size
<LI>Call Chain = SCA_Lookup &rArr; lookupActuators &rArr; __2printf &rArr; _printf_char_file &rArr; _printf_char_common &rArr; __printf
</UL>
<BR>[Calls]<UL><LI><a href="#[af]">&gt;&gt;</a>&nbsp;&nbsp;&nbsp;lookupActuators
</UL>
<BR>[Called By]<UL><LI><a href="#[7c]">&gt;&gt;</a>&nbsp;&nbsp;&nbsp;main
<LI><a href="#[8c]">&gt;&gt;</a>&nbsp;&nbsp;&nbsp;CMD_Handler
</UL>

<P><STRONG><a name="[8e]"></a>SCA_Init</STRONG> (Thumb, 62 bytes, Stack size 8 bytes, sca_app.o(.text))
<BR><BR>[Stack]<UL><LI>Max Depth = 168 + Unknown Stack Size
<LI>Call Chain = SCA_Init &rArr; enableAllActuators &rArr; enableActuator &rArr; __2printf &rArr; _printf_char_file &rArr; _printf_char_common &rArr; __printf
</UL>
<BR>[Calls]<UL><LI><a href="#[b0]">&gt;&gt;</a>&nbsp;&nbsp;&nbsp;setupActuators
<LI><a href="#[b1]">&gt;&gt;</a>&nbsp;&nbsp;&nbsp;enableAllActuators
<LI><a href="#[83]">&gt;&gt;</a>&nbsp;&nbsp;&nbsp;getInstance
</UL>
<BR>[Called By]<UL><LI><a href="#[7c]">&gt;&gt;</a>&nbsp;&nbsp;&nbsp;main
<LI><a href="#[8c]">&gt;&gt;</a>&nbsp;&nbsp;&nbsp;CMD_Handler
</UL>

<P><STRONG><a name="[b2]"></a>SCA_Homing</STRONG> (Thumb, 190 bytes, Stack size 8 bytes, sca_app.o(.text), UNUSED)
<BR><BR>[Calls]<UL><LI><a href="#[b3]">&gt;&gt;</a>&nbsp;&nbsp;&nbsp;getPosition
<LI><a href="#[84]">&gt;&gt;</a>&nbsp;&nbsp;&nbsp;setPosition
<LI><a href="#[8f]">&gt;&gt;</a>&nbsp;&nbsp;&nbsp;delay_ms
<LI><a href="#[91]">&gt;&gt;</a>&nbsp;&nbsp;&nbsp;activateActuatorMode
</UL>
<BR>[Called By]<UL><LI><a href="#[b4]">&gt;&gt;</a>&nbsp;&nbsp;&nbsp;SCA_Exp1
</UL>

<P><STRONG><a name="[b4]"></a>SCA_Exp1</STRONG> (Thumb, 154 bytes, Stack size 8 bytes, sca_app.o(.text), UNUSED)
<BR><BR>[Calls]<UL><LI><a href="#[b5]">&gt;&gt;</a>&nbsp;&nbsp;&nbsp;setPositionFast
<LI><a href="#[b2]">&gt;&gt;</a>&nbsp;&nbsp;&nbsp;SCA_Homing
<LI><a href="#[84]">&gt;&gt;</a>&nbsp;&nbsp;&nbsp;setPosition
<LI><a href="#[8f]">&gt;&gt;</a>&nbsp;&nbsp;&nbsp;delay_ms
</UL>

<P><STRONG><a name="[b6]"></a>SCA_Exp2</STRONG> (Thumb, 192 bytes, Stack size 8 bytes, sca_app.o(.text), UNUSED)
<BR><BR>[Calls]<UL><LI><a href="#[b8]">&gt;&gt;</a>&nbsp;&nbsp;&nbsp;setVelocityFast
<LI><a href="#[b7]">&gt;&gt;</a>&nbsp;&nbsp;&nbsp;setVelocity
<LI><a href="#[8f]">&gt;&gt;</a>&nbsp;&nbsp;&nbsp;delay_ms
<LI><a href="#[91]">&gt;&gt;</a>&nbsp;&nbsp;&nbsp;activateActuatorMode
</UL>

<P><STRONG><a name="[83]"></a>getInstance</STRONG> (Thumb, 50 bytes, Stack size 0 bytes, sca_api.o(.text))
<BR><BR>[Called By]<UL><LI><a href="#[3b]">&gt;&gt;</a>&nbsp;&nbsp;&nbsp;TIM8_TRG_COM_TIM14_IRQHandler
<LI><a href="#[3a]">&gt;&gt;</a>&nbsp;&nbsp;&nbsp;TIM8_UP_TIM13_IRQHandler
<LI><a href="#[2c]">&gt;&gt;</a>&nbsp;&nbsp;&nbsp;TIM4_IRQHandler
<LI><a href="#[2b]">&gt;&gt;</a>&nbsp;&nbsp;&nbsp;TIM3_IRQHandler
<LI><a href="#[11a]">&gt;&gt;</a>&nbsp;&nbsp;&nbsp;setActuatorID
<LI><a href="#[119]">&gt;&gt;</a>&nbsp;&nbsp;&nbsp;setInverterRecoveryTemperature
<LI><a href="#[118]">&gt;&gt;</a>&nbsp;&nbsp;&nbsp;setInverterProtectedTemperature
<LI><a href="#[117]">&gt;&gt;</a>&nbsp;&nbsp;&nbsp;setMotorRecoveryTemperature
<LI><a href="#[116]">&gt;&gt;</a>&nbsp;&nbsp;&nbsp;setMotorProtectedTemperature
<LI><a href="#[115]">&gt;&gt;</a>&nbsp;&nbsp;&nbsp;setLockEnergy
<LI><a href="#[114]">&gt;&gt;</a>&nbsp;&nbsp;&nbsp;setCurrentLimit
<LI><a href="#[113]">&gt;&gt;</a>&nbsp;&nbsp;&nbsp;setCurrentCutoffFrequency
<LI><a href="#[112]">&gt;&gt;</a>&nbsp;&nbsp;&nbsp;enableCurrentFilter
<LI><a href="#[110]">&gt;&gt;</a>&nbsp;&nbsp;&nbsp;getCurrent
<LI><a href="#[10e]">&gt;&gt;</a>&nbsp;&nbsp;&nbsp;setCurrent
<LI><a href="#[10d]">&gt;&gt;</a>&nbsp;&nbsp;&nbsp;setProfileVelocityMaxVelocity
<LI><a href="#[10c]">&gt;&gt;</a>&nbsp;&nbsp;&nbsp;setProfileVelocityDeceleration
<LI><a href="#[10b]">&gt;&gt;</a>&nbsp;&nbsp;&nbsp;setProfileVelocityAcceleration
<LI><a href="#[10a]">&gt;&gt;</a>&nbsp;&nbsp;&nbsp;setVelocityLimit
<LI><a href="#[109]">&gt;&gt;</a>&nbsp;&nbsp;&nbsp;setVelocityCutoffFrequency
<LI><a href="#[108]">&gt;&gt;</a>&nbsp;&nbsp;&nbsp;enableVelocityFilter
<LI><a href="#[107]">&gt;&gt;</a>&nbsp;&nbsp;&nbsp;setVelocityUmin
<LI><a href="#[106]">&gt;&gt;</a>&nbsp;&nbsp;&nbsp;setVelocityUmax
<LI><a href="#[105]">&gt;&gt;</a>&nbsp;&nbsp;&nbsp;setVelocityKi
<LI><a href="#[104]">&gt;&gt;</a>&nbsp;&nbsp;&nbsp;setVelocityKp
<LI><a href="#[102]">&gt;&gt;</a>&nbsp;&nbsp;&nbsp;getVelocity
<LI><a href="#[101]">&gt;&gt;</a>&nbsp;&nbsp;&nbsp;setProfilePositionMaxVelocity
<LI><a href="#[100]">&gt;&gt;</a>&nbsp;&nbsp;&nbsp;setProfilePositionDeceleration
<LI><a href="#[ff]">&gt;&gt;</a>&nbsp;&nbsp;&nbsp;setProfilePositionAcceleration
<LI><a href="#[fe]">&gt;&gt;</a>&nbsp;&nbsp;&nbsp;clearHomingInfo
<LI><a href="#[fc]">&gt;&gt;</a>&nbsp;&nbsp;&nbsp;setPositionCutoffFrequency
<LI><a href="#[fb]">&gt;&gt;</a>&nbsp;&nbsp;&nbsp;enablePositionFilter
<LI><a href="#[fa]">&gt;&gt;</a>&nbsp;&nbsp;&nbsp;setHomingPosition
<LI><a href="#[f9]">&gt;&gt;</a>&nbsp;&nbsp;&nbsp;enablePositionLimit
<LI><a href="#[f8]">&gt;&gt;</a>&nbsp;&nbsp;&nbsp;setMinimumPosition
<LI><a href="#[f7]">&gt;&gt;</a>&nbsp;&nbsp;&nbsp;setMaximumPosition
<LI><a href="#[f6]">&gt;&gt;</a>&nbsp;&nbsp;&nbsp;setPositionOffset
<LI><a href="#[f5]">&gt;&gt;</a>&nbsp;&nbsp;&nbsp;setPositionUmin
<LI><a href="#[f4]">&gt;&gt;</a>&nbsp;&nbsp;&nbsp;setPositionUmax
<LI><a href="#[f3]">&gt;&gt;</a>&nbsp;&nbsp;&nbsp;setPositionKi
<LI><a href="#[f2]">&gt;&gt;</a>&nbsp;&nbsp;&nbsp;setPositionKp
<LI><a href="#[ef]">&gt;&gt;</a>&nbsp;&nbsp;&nbsp;saveAllParams
<LI><a href="#[ed]">&gt;&gt;</a>&nbsp;&nbsp;&nbsp;clearError
<LI><a href="#[ec]">&gt;&gt;</a>&nbsp;&nbsp;&nbsp;disableActuator
<LI><a href="#[ea]">&gt;&gt;</a>&nbsp;&nbsp;&nbsp;enableActuator
<LI><a href="#[e9]">&gt;&gt;</a>&nbsp;&nbsp;&nbsp;getActuatorSerialNumber
<LI><a href="#[e8]">&gt;&gt;</a>&nbsp;&nbsp;&nbsp;getActuatorLastState
<LI><a href="#[e7]">&gt;&gt;</a>&nbsp;&nbsp;&nbsp;getCurrentRange
<LI><a href="#[e5]">&gt;&gt;</a>&nbsp;&nbsp;&nbsp;getErrorCode
<LI><a href="#[e4]">&gt;&gt;</a>&nbsp;&nbsp;&nbsp;getActuatorMode
<LI><a href="#[e3]">&gt;&gt;</a>&nbsp;&nbsp;&nbsp;getPositionKp
<LI><a href="#[e2]">&gt;&gt;</a>&nbsp;&nbsp;&nbsp;getPositionKi
<LI><a href="#[e1]">&gt;&gt;</a>&nbsp;&nbsp;&nbsp;getPositionUmax
<LI><a href="#[e0]">&gt;&gt;</a>&nbsp;&nbsp;&nbsp;getPositionUmin
<LI><a href="#[df]">&gt;&gt;</a>&nbsp;&nbsp;&nbsp;getPositionOffset
<LI><a href="#[de]">&gt;&gt;</a>&nbsp;&nbsp;&nbsp;getMaximumPosition
<LI><a href="#[dd]">&gt;&gt;</a>&nbsp;&nbsp;&nbsp;getMinimumPosition
<LI><a href="#[dc]">&gt;&gt;</a>&nbsp;&nbsp;&nbsp;isPositionLimitEnable
<LI><a href="#[db]">&gt;&gt;</a>&nbsp;&nbsp;&nbsp;isPositionFilterEnable
<LI><a href="#[da]">&gt;&gt;</a>&nbsp;&nbsp;&nbsp;getPositionCutoffFrequency
<LI><a href="#[d9]">&gt;&gt;</a>&nbsp;&nbsp;&nbsp;getProfilePositionAcceleration
<LI><a href="#[d8]">&gt;&gt;</a>&nbsp;&nbsp;&nbsp;getProfilePositionDeceleration
<LI><a href="#[d7]">&gt;&gt;</a>&nbsp;&nbsp;&nbsp;getProfilePositionMaxVelocity
<LI><a href="#[d6]">&gt;&gt;</a>&nbsp;&nbsp;&nbsp;getVelocityKp
<LI><a href="#[d5]">&gt;&gt;</a>&nbsp;&nbsp;&nbsp;getVelocityKi
<LI><a href="#[d4]">&gt;&gt;</a>&nbsp;&nbsp;&nbsp;getVelocityUmax
<LI><a href="#[d3]">&gt;&gt;</a>&nbsp;&nbsp;&nbsp;getVelocityUmin
<LI><a href="#[d2]">&gt;&gt;</a>&nbsp;&nbsp;&nbsp;isVelocityFilterEnable
<LI><a href="#[d1]">&gt;&gt;</a>&nbsp;&nbsp;&nbsp;getVelocityCutoffFrequency
<LI><a href="#[d0]">&gt;&gt;</a>&nbsp;&nbsp;&nbsp;getVelocityLimit
<LI><a href="#[cf]">&gt;&gt;</a>&nbsp;&nbsp;&nbsp;getProfileVelocityAcceleration
<LI><a href="#[ce]">&gt;&gt;</a>&nbsp;&nbsp;&nbsp;getProfileVelocityDeceleration
<LI><a href="#[cd]">&gt;&gt;</a>&nbsp;&nbsp;&nbsp;getProfileVelocityMaxVelocity
<LI><a href="#[cc]">&gt;&gt;</a>&nbsp;&nbsp;&nbsp;getCurrentKp
<LI><a href="#[cb]">&gt;&gt;</a>&nbsp;&nbsp;&nbsp;getCurrentKi
<LI><a href="#[ca]">&gt;&gt;</a>&nbsp;&nbsp;&nbsp;isCurrentFilterEnable
<LI><a href="#[c9]">&gt;&gt;</a>&nbsp;&nbsp;&nbsp;getCurrentCutoffFrequency
<LI><a href="#[c8]">&gt;&gt;</a>&nbsp;&nbsp;&nbsp;getCurrentLimit
<LI><a href="#[c7]">&gt;&gt;</a>&nbsp;&nbsp;&nbsp;getVoltage
<LI><a href="#[c6]">&gt;&gt;</a>&nbsp;&nbsp;&nbsp;getLockEnergy
<LI><a href="#[c5]">&gt;&gt;</a>&nbsp;&nbsp;&nbsp;getMotorTemperature
<LI><a href="#[c4]">&gt;&gt;</a>&nbsp;&nbsp;&nbsp;getInverterTemperature
<LI><a href="#[c3]">&gt;&gt;</a>&nbsp;&nbsp;&nbsp;getMotorProtectedTemperature
<LI><a href="#[c2]">&gt;&gt;</a>&nbsp;&nbsp;&nbsp;getMotorRecoveryTemperature
<LI><a href="#[c1]">&gt;&gt;</a>&nbsp;&nbsp;&nbsp;getInverterProtectedTemperature
<LI><a href="#[c0]">&gt;&gt;</a>&nbsp;&nbsp;&nbsp;getInverterRecoveryTemperature
<LI><a href="#[bf]">&gt;&gt;</a>&nbsp;&nbsp;&nbsp;isUpdate
<LI><a href="#[be]">&gt;&gt;</a>&nbsp;&nbsp;&nbsp;isEnable
<LI><a href="#[bc]">&gt;&gt;</a>&nbsp;&nbsp;&nbsp;resetController
<LI><a href="#[b7]">&gt;&gt;</a>&nbsp;&nbsp;&nbsp;setVelocity
<LI><a href="#[b3]">&gt;&gt;</a>&nbsp;&nbsp;&nbsp;getPosition
<LI><a href="#[a7]">&gt;&gt;</a>&nbsp;&nbsp;&nbsp;canDispatch
<LI><a href="#[84]">&gt;&gt;</a>&nbsp;&nbsp;&nbsp;setPosition
<LI><a href="#[87]">&gt;&gt;</a>&nbsp;&nbsp;&nbsp;requestCVPValue
<LI><a href="#[86]">&gt;&gt;</a>&nbsp;&nbsp;&nbsp;isOnline
<LI><a href="#[91]">&gt;&gt;</a>&nbsp;&nbsp;&nbsp;activateActuatorMode
<LI><a href="#[8e]">&gt;&gt;</a>&nbsp;&nbsp;&nbsp;SCA_Init
<LI><a href="#[88]">&gt;&gt;</a>&nbsp;&nbsp;&nbsp;motor_act_position
<LI><a href="#[82]">&gt;&gt;</a>&nbsp;&nbsp;&nbsp;motor_act
</UL>

<P><STRONG><a name="[86]"></a>isOnline</STRONG> (Thumb, 94 bytes, Stack size 24 bytes, sca_api.o(.text))
<BR><BR>[Stack]<UL><LI>Max Depth = 64<LI>Call Chain = isOnline &rArr; SCA_Read &rArr; canTransmit
</UL>
<BR>[Calls]<UL><LI><a href="#[ba]">&gt;&gt;</a>&nbsp;&nbsp;&nbsp;delay_us
<LI><a href="#[b9]">&gt;&gt;</a>&nbsp;&nbsp;&nbsp;SCA_Read
<LI><a href="#[83]">&gt;&gt;</a>&nbsp;&nbsp;&nbsp;getInstance
</UL>
<BR>[Called By]<UL><LI><a href="#[af]">&gt;&gt;</a>&nbsp;&nbsp;&nbsp;lookupActuators
<LI><a href="#[85]">&gt;&gt;</a>&nbsp;&nbsp;&nbsp;update_status
</UL>

<P><STRONG><a name="[af]"></a>lookupActuators</STRONG> (Thumb, 98 bytes, Stack size 408 bytes, sca_api.o(.text))
<BR><BR>[Stack]<UL><LI>Max Depth = 536 + Unknown Stack Size
<LI>Call Chain = lookupActuators &rArr; __2printf &rArr; _printf_char_file &rArr; _printf_char_common &rArr; __printf
</UL>
<BR>[Calls]<UL><LI><a href="#[86]">&gt;&gt;</a>&nbsp;&nbsp;&nbsp;isOnline
<LI><a href="#[bb]">&gt;&gt;</a>&nbsp;&nbsp;&nbsp;__aeabi_memcpy4
<LI><a href="#[8b]">&gt;&gt;</a>&nbsp;&nbsp;&nbsp;__2printf
</UL>
<BR>[Called By]<UL><LI><a href="#[8d]">&gt;&gt;</a>&nbsp;&nbsp;&nbsp;SCA_Lookup
</UL>

<P><STRONG><a name="[b0]"></a>setupActuators</STRONG> (Thumb, 62 bytes, Stack size 0 bytes, sca_api.o(.text))
<BR><BR>[Called By]<UL><LI><a href="#[8e]">&gt;&gt;</a>&nbsp;&nbsp;&nbsp;SCA_Init
</UL>

<P><STRONG><a name="[bc]"></a>resetController</STRONG> (Thumb, 138 bytes, Stack size 24 bytes, sca_api.o(.text), UNUSED)
<BR><BR>[Calls]<UL><LI><a href="#[83]">&gt;&gt;</a>&nbsp;&nbsp;&nbsp;getInstance
<LI><a href="#[bd]">&gt;&gt;</a>&nbsp;&nbsp;&nbsp;__aeabi_memclr4
</UL>

<P><STRONG><a name="[be]"></a>isEnable</STRONG> (Thumb, 96 bytes, Stack size 24 bytes, sca_api.o(.text))
<BR><BR>[Stack]<UL><LI>Max Depth = 64<LI>Call Chain = isEnable &rArr; SCA_Read &rArr; canTransmit
</UL>
<BR>[Calls]<UL><LI><a href="#[ba]">&gt;&gt;</a>&nbsp;&nbsp;&nbsp;delay_us
<LI><a href="#[b9]">&gt;&gt;</a>&nbsp;&nbsp;&nbsp;SCA_Read
<LI><a href="#[83]">&gt;&gt;</a>&nbsp;&nbsp;&nbsp;getInstance
</UL>
<BR>[Called By]<UL><LI><a href="#[ec]">&gt;&gt;</a>&nbsp;&nbsp;&nbsp;disableActuator
<LI><a href="#[ea]">&gt;&gt;</a>&nbsp;&nbsp;&nbsp;enableActuator
</UL>

<P><STRONG><a name="[bf]"></a>isUpdate</STRONG> (Thumb, 30 bytes, Stack size 16 bytes, sca_api.o(.text), UNUSED)
<BR><BR>[Calls]<UL><LI><a href="#[83]">&gt;&gt;</a>&nbsp;&nbsp;&nbsp;getInstance
</UL>

<P><STRONG><a name="[c0]"></a>getInverterRecoveryTemperature</STRONG> (Thumb, 100 bytes, Stack size 24 bytes, sca_api.o(.text))
<BR><BR>[Stack]<UL><LI>Max Depth = 64<LI>Call Chain = getInverterRecoveryTemperature &rArr; SCA_Read &rArr; canTransmit
</UL>
<BR>[Calls]<UL><LI><a href="#[ba]">&gt;&gt;</a>&nbsp;&nbsp;&nbsp;delay_us
<LI><a href="#[b9]">&gt;&gt;</a>&nbsp;&nbsp;&nbsp;SCA_Read
<LI><a href="#[83]">&gt;&gt;</a>&nbsp;&nbsp;&nbsp;getInstance
</UL>
<BR>[Called By]<UL><LI><a href="#[e6]">&gt;&gt;</a>&nbsp;&nbsp;&nbsp;regainAttrbute
</UL>

<P><STRONG><a name="[c1]"></a>getInverterProtectedTemperature</STRONG> (Thumb, 100 bytes, Stack size 24 bytes, sca_api.o(.text))
<BR><BR>[Stack]<UL><LI>Max Depth = 64<LI>Call Chain = getInverterProtectedTemperature &rArr; SCA_Read &rArr; canTransmit
</UL>
<BR>[Calls]<UL><LI><a href="#[ba]">&gt;&gt;</a>&nbsp;&nbsp;&nbsp;delay_us
<LI><a href="#[b9]">&gt;&gt;</a>&nbsp;&nbsp;&nbsp;SCA_Read
<LI><a href="#[83]">&gt;&gt;</a>&nbsp;&nbsp;&nbsp;getInstance
</UL>
<BR>[Called By]<UL><LI><a href="#[e6]">&gt;&gt;</a>&nbsp;&nbsp;&nbsp;regainAttrbute
</UL>

<P><STRONG><a name="[c2]"></a>getMotorRecoveryTemperature</STRONG> (Thumb, 100 bytes, Stack size 24 bytes, sca_api.o(.text))
<BR><BR>[Stack]<UL><LI>Max Depth = 64<LI>Call Chain = getMotorRecoveryTemperature &rArr; SCA_Read &rArr; canTransmit
</UL>
<BR>[Calls]<UL><LI><a href="#[ba]">&gt;&gt;</a>&nbsp;&nbsp;&nbsp;delay_us
<LI><a href="#[b9]">&gt;&gt;</a>&nbsp;&nbsp;&nbsp;SCA_Read
<LI><a href="#[83]">&gt;&gt;</a>&nbsp;&nbsp;&nbsp;getInstance
</UL>
<BR>[Called By]<UL><LI><a href="#[e6]">&gt;&gt;</a>&nbsp;&nbsp;&nbsp;regainAttrbute
</UL>

<P><STRONG><a name="[c3]"></a>getMotorProtectedTemperature</STRONG> (Thumb, 100 bytes, Stack size 24 bytes, sca_api.o(.text))
<BR><BR>[Stack]<UL><LI>Max Depth = 64<LI>Call Chain = getMotorProtectedTemperature &rArr; SCA_Read &rArr; canTransmit
</UL>
<BR>[Calls]<UL><LI><a href="#[ba]">&gt;&gt;</a>&nbsp;&nbsp;&nbsp;delay_us
<LI><a href="#[b9]">&gt;&gt;</a>&nbsp;&nbsp;&nbsp;SCA_Read
<LI><a href="#[83]">&gt;&gt;</a>&nbsp;&nbsp;&nbsp;getInstance
</UL>
<BR>[Called By]<UL><LI><a href="#[e6]">&gt;&gt;</a>&nbsp;&nbsp;&nbsp;regainAttrbute
</UL>

<P><STRONG><a name="[c4]"></a>getInverterTemperature</STRONG> (Thumb, 182 bytes, Stack size 24 bytes, sca_api.o(.text))
<BR><BR>[Stack]<UL><LI>Max Depth = 64<LI>Call Chain = getInverterTemperature &rArr; SCA_Read &rArr; canTransmit
</UL>
<BR>[Calls]<UL><LI><a href="#[ba]">&gt;&gt;</a>&nbsp;&nbsp;&nbsp;delay_us
<LI><a href="#[b9]">&gt;&gt;</a>&nbsp;&nbsp;&nbsp;SCA_Read
<LI><a href="#[83]">&gt;&gt;</a>&nbsp;&nbsp;&nbsp;getInstance
</UL>
<BR>[Called By]<UL><LI><a href="#[e6]">&gt;&gt;</a>&nbsp;&nbsp;&nbsp;regainAttrbute
</UL>

<P><STRONG><a name="[c5]"></a>getMotorTemperature</STRONG> (Thumb, 100 bytes, Stack size 24 bytes, sca_api.o(.text))
<BR><BR>[Stack]<UL><LI>Max Depth = 64<LI>Call Chain = getMotorTemperature &rArr; SCA_Read &rArr; canTransmit
</UL>
<BR>[Calls]<UL><LI><a href="#[ba]">&gt;&gt;</a>&nbsp;&nbsp;&nbsp;delay_us
<LI><a href="#[b9]">&gt;&gt;</a>&nbsp;&nbsp;&nbsp;SCA_Read
<LI><a href="#[83]">&gt;&gt;</a>&nbsp;&nbsp;&nbsp;getInstance
</UL>
<BR>[Called By]<UL><LI><a href="#[e6]">&gt;&gt;</a>&nbsp;&nbsp;&nbsp;regainAttrbute
</UL>

<P><STRONG><a name="[c6]"></a>getLockEnergy</STRONG> (Thumb, 100 bytes, Stack size 24 bytes, sca_api.o(.text))
<BR><BR>[Stack]<UL><LI>Max Depth = 64<LI>Call Chain = getLockEnergy &rArr; SCA_Read &rArr; canTransmit
</UL>
<BR>[Calls]<UL><LI><a href="#[ba]">&gt;&gt;</a>&nbsp;&nbsp;&nbsp;delay_us
<LI><a href="#[b9]">&gt;&gt;</a>&nbsp;&nbsp;&nbsp;SCA_Read
<LI><a href="#[83]">&gt;&gt;</a>&nbsp;&nbsp;&nbsp;getInstance
</UL>
<BR>[Called By]<UL><LI><a href="#[e6]">&gt;&gt;</a>&nbsp;&nbsp;&nbsp;regainAttrbute
</UL>

<P><STRONG><a name="[c7]"></a>getVoltage</STRONG> (Thumb, 100 bytes, Stack size 24 bytes, sca_api.o(.text))
<BR><BR>[Stack]<UL><LI>Max Depth = 64<LI>Call Chain = getVoltage &rArr; SCA_Read &rArr; canTransmit
</UL>
<BR>[Calls]<UL><LI><a href="#[ba]">&gt;&gt;</a>&nbsp;&nbsp;&nbsp;delay_us
<LI><a href="#[b9]">&gt;&gt;</a>&nbsp;&nbsp;&nbsp;SCA_Read
<LI><a href="#[83]">&gt;&gt;</a>&nbsp;&nbsp;&nbsp;getInstance
</UL>
<BR>[Called By]<UL><LI><a href="#[e6]">&gt;&gt;</a>&nbsp;&nbsp;&nbsp;regainAttrbute
</UL>

<P><STRONG><a name="[c8]"></a>getCurrentLimit</STRONG> (Thumb, 100 bytes, Stack size 24 bytes, sca_api.o(.text))
<BR><BR>[Stack]<UL><LI>Max Depth = 64<LI>Call Chain = getCurrentLimit &rArr; SCA_Read &rArr; canTransmit
</UL>
<BR>[Calls]<UL><LI><a href="#[ba]">&gt;&gt;</a>&nbsp;&nbsp;&nbsp;delay_us
<LI><a href="#[b9]">&gt;&gt;</a>&nbsp;&nbsp;&nbsp;SCA_Read
<LI><a href="#[83]">&gt;&gt;</a>&nbsp;&nbsp;&nbsp;getInstance
</UL>
<BR>[Called By]<UL><LI><a href="#[e6]">&gt;&gt;</a>&nbsp;&nbsp;&nbsp;regainAttrbute
</UL>

<P><STRONG><a name="[c9]"></a>getCurrentCutoffFrequency</STRONG> (Thumb, 100 bytes, Stack size 24 bytes, sca_api.o(.text))
<BR><BR>[Stack]<UL><LI>Max Depth = 64<LI>Call Chain = getCurrentCutoffFrequency &rArr; SCA_Read &rArr; canTransmit
</UL>
<BR>[Calls]<UL><LI><a href="#[ba]">&gt;&gt;</a>&nbsp;&nbsp;&nbsp;delay_us
<LI><a href="#[b9]">&gt;&gt;</a>&nbsp;&nbsp;&nbsp;SCA_Read
<LI><a href="#[83]">&gt;&gt;</a>&nbsp;&nbsp;&nbsp;getInstance
</UL>
<BR>[Called By]<UL><LI><a href="#[e6]">&gt;&gt;</a>&nbsp;&nbsp;&nbsp;regainAttrbute
</UL>

<P><STRONG><a name="[ca]"></a>isCurrentFilterEnable</STRONG> (Thumb, 96 bytes, Stack size 24 bytes, sca_api.o(.text))
<BR><BR>[Stack]<UL><LI>Max Depth = 64<LI>Call Chain = isCurrentFilterEnable &rArr; SCA_Read &rArr; canTransmit
</UL>
<BR>[Calls]<UL><LI><a href="#[ba]">&gt;&gt;</a>&nbsp;&nbsp;&nbsp;delay_us
<LI><a href="#[b9]">&gt;&gt;</a>&nbsp;&nbsp;&nbsp;SCA_Read
<LI><a href="#[83]">&gt;&gt;</a>&nbsp;&nbsp;&nbsp;getInstance
</UL>
<BR>[Called By]<UL><LI><a href="#[e6]">&gt;&gt;</a>&nbsp;&nbsp;&nbsp;regainAttrbute
</UL>

<P><STRONG><a name="[cb]"></a>getCurrentKi</STRONG> (Thumb, 100 bytes, Stack size 24 bytes, sca_api.o(.text))
<BR><BR>[Stack]<UL><LI>Max Depth = 64<LI>Call Chain = getCurrentKi &rArr; SCA_Read &rArr; canTransmit
</UL>
<BR>[Calls]<UL><LI><a href="#[ba]">&gt;&gt;</a>&nbsp;&nbsp;&nbsp;delay_us
<LI><a href="#[b9]">&gt;&gt;</a>&nbsp;&nbsp;&nbsp;SCA_Read
<LI><a href="#[83]">&gt;&gt;</a>&nbsp;&nbsp;&nbsp;getInstance
</UL>
<BR>[Called By]<UL><LI><a href="#[e6]">&gt;&gt;</a>&nbsp;&nbsp;&nbsp;regainAttrbute
</UL>

<P><STRONG><a name="[cc]"></a>getCurrentKp</STRONG> (Thumb, 100 bytes, Stack size 24 bytes, sca_api.o(.text))
<BR><BR>[Stack]<UL><LI>Max Depth = 64<LI>Call Chain = getCurrentKp &rArr; SCA_Read &rArr; canTransmit
</UL>
<BR>[Calls]<UL><LI><a href="#[ba]">&gt;&gt;</a>&nbsp;&nbsp;&nbsp;delay_us
<LI><a href="#[b9]">&gt;&gt;</a>&nbsp;&nbsp;&nbsp;SCA_Read
<LI><a href="#[83]">&gt;&gt;</a>&nbsp;&nbsp;&nbsp;getInstance
</UL>
<BR>[Called By]<UL><LI><a href="#[e6]">&gt;&gt;</a>&nbsp;&nbsp;&nbsp;regainAttrbute
</UL>

<P><STRONG><a name="[cd]"></a>getProfileVelocityMaxVelocity</STRONG> (Thumb, 100 bytes, Stack size 24 bytes, sca_api.o(.text))
<BR><BR>[Stack]<UL><LI>Max Depth = 64<LI>Call Chain = getProfileVelocityMaxVelocity &rArr; SCA_Read &rArr; canTransmit
</UL>
<BR>[Calls]<UL><LI><a href="#[ba]">&gt;&gt;</a>&nbsp;&nbsp;&nbsp;delay_us
<LI><a href="#[b9]">&gt;&gt;</a>&nbsp;&nbsp;&nbsp;SCA_Read
<LI><a href="#[83]">&gt;&gt;</a>&nbsp;&nbsp;&nbsp;getInstance
</UL>
<BR>[Called By]<UL><LI><a href="#[e6]">&gt;&gt;</a>&nbsp;&nbsp;&nbsp;regainAttrbute
</UL>

<P><STRONG><a name="[ce]"></a>getProfileVelocityDeceleration</STRONG> (Thumb, 100 bytes, Stack size 24 bytes, sca_api.o(.text))
<BR><BR>[Stack]<UL><LI>Max Depth = 64<LI>Call Chain = getProfileVelocityDeceleration &rArr; SCA_Read &rArr; canTransmit
</UL>
<BR>[Calls]<UL><LI><a href="#[ba]">&gt;&gt;</a>&nbsp;&nbsp;&nbsp;delay_us
<LI><a href="#[b9]">&gt;&gt;</a>&nbsp;&nbsp;&nbsp;SCA_Read
<LI><a href="#[83]">&gt;&gt;</a>&nbsp;&nbsp;&nbsp;getInstance
</UL>
<BR>[Called By]<UL><LI><a href="#[e6]">&gt;&gt;</a>&nbsp;&nbsp;&nbsp;regainAttrbute
</UL>

<P><STRONG><a name="[cf]"></a>getProfileVelocityAcceleration</STRONG> (Thumb, 100 bytes, Stack size 24 bytes, sca_api.o(.text))
<BR><BR>[Stack]<UL><LI>Max Depth = 64<LI>Call Chain = getProfileVelocityAcceleration &rArr; SCA_Read &rArr; canTransmit
</UL>
<BR>[Calls]<UL><LI><a href="#[ba]">&gt;&gt;</a>&nbsp;&nbsp;&nbsp;delay_us
<LI><a href="#[b9]">&gt;&gt;</a>&nbsp;&nbsp;&nbsp;SCA_Read
<LI><a href="#[83]">&gt;&gt;</a>&nbsp;&nbsp;&nbsp;getInstance
</UL>
<BR>[Called By]<UL><LI><a href="#[e6]">&gt;&gt;</a>&nbsp;&nbsp;&nbsp;regainAttrbute
</UL>

<P><STRONG><a name="[d0]"></a>getVelocityLimit</STRONG> (Thumb, 100 bytes, Stack size 24 bytes, sca_api.o(.text))
<BR><BR>[Stack]<UL><LI>Max Depth = 64<LI>Call Chain = getVelocityLimit &rArr; SCA_Read &rArr; canTransmit
</UL>
<BR>[Calls]<UL><LI><a href="#[ba]">&gt;&gt;</a>&nbsp;&nbsp;&nbsp;delay_us
<LI><a href="#[b9]">&gt;&gt;</a>&nbsp;&nbsp;&nbsp;SCA_Read
<LI><a href="#[83]">&gt;&gt;</a>&nbsp;&nbsp;&nbsp;getInstance
</UL>
<BR>[Called By]<UL><LI><a href="#[e6]">&gt;&gt;</a>&nbsp;&nbsp;&nbsp;regainAttrbute
</UL>

<P><STRONG><a name="[d1]"></a>getVelocityCutoffFrequency</STRONG> (Thumb, 100 bytes, Stack size 24 bytes, sca_api.o(.text))
<BR><BR>[Stack]<UL><LI>Max Depth = 64<LI>Call Chain = getVelocityCutoffFrequency &rArr; SCA_Read &rArr; canTransmit
</UL>
<BR>[Calls]<UL><LI><a href="#[ba]">&gt;&gt;</a>&nbsp;&nbsp;&nbsp;delay_us
<LI><a href="#[b9]">&gt;&gt;</a>&nbsp;&nbsp;&nbsp;SCA_Read
<LI><a href="#[83]">&gt;&gt;</a>&nbsp;&nbsp;&nbsp;getInstance
</UL>
<BR>[Called By]<UL><LI><a href="#[e6]">&gt;&gt;</a>&nbsp;&nbsp;&nbsp;regainAttrbute
</UL>

<P><STRONG><a name="[d2]"></a>isVelocityFilterEnable</STRONG> (Thumb, 96 bytes, Stack size 24 bytes, sca_api.o(.text))
<BR><BR>[Stack]<UL><LI>Max Depth = 64<LI>Call Chain = isVelocityFilterEnable &rArr; SCA_Read &rArr; canTransmit
</UL>
<BR>[Calls]<UL><LI><a href="#[ba]">&gt;&gt;</a>&nbsp;&nbsp;&nbsp;delay_us
<LI><a href="#[b9]">&gt;&gt;</a>&nbsp;&nbsp;&nbsp;SCA_Read
<LI><a href="#[83]">&gt;&gt;</a>&nbsp;&nbsp;&nbsp;getInstance
</UL>
<BR>[Called By]<UL><LI><a href="#[e6]">&gt;&gt;</a>&nbsp;&nbsp;&nbsp;regainAttrbute
</UL>

<P><STRONG><a name="[d3]"></a>getVelocityUmin</STRONG> (Thumb, 100 bytes, Stack size 24 bytes, sca_api.o(.text))
<BR><BR>[Stack]<UL><LI>Max Depth = 64<LI>Call Chain = getVelocityUmin &rArr; SCA_Read &rArr; canTransmit
</UL>
<BR>[Calls]<UL><LI><a href="#[ba]">&gt;&gt;</a>&nbsp;&nbsp;&nbsp;delay_us
<LI><a href="#[b9]">&gt;&gt;</a>&nbsp;&nbsp;&nbsp;SCA_Read
<LI><a href="#[83]">&gt;&gt;</a>&nbsp;&nbsp;&nbsp;getInstance
</UL>
<BR>[Called By]<UL><LI><a href="#[e6]">&gt;&gt;</a>&nbsp;&nbsp;&nbsp;regainAttrbute
</UL>

<P><STRONG><a name="[d4]"></a>getVelocityUmax</STRONG> (Thumb, 100 bytes, Stack size 24 bytes, sca_api.o(.text))
<BR><BR>[Stack]<UL><LI>Max Depth = 64<LI>Call Chain = getVelocityUmax &rArr; SCA_Read &rArr; canTransmit
</UL>
<BR>[Calls]<UL><LI><a href="#[ba]">&gt;&gt;</a>&nbsp;&nbsp;&nbsp;delay_us
<LI><a href="#[b9]">&gt;&gt;</a>&nbsp;&nbsp;&nbsp;SCA_Read
<LI><a href="#[83]">&gt;&gt;</a>&nbsp;&nbsp;&nbsp;getInstance
</UL>
<BR>[Called By]<UL><LI><a href="#[e6]">&gt;&gt;</a>&nbsp;&nbsp;&nbsp;regainAttrbute
</UL>

<P><STRONG><a name="[d5]"></a>getVelocityKi</STRONG> (Thumb, 100 bytes, Stack size 24 bytes, sca_api.o(.text))
<BR><BR>[Stack]<UL><LI>Max Depth = 64<LI>Call Chain = getVelocityKi &rArr; SCA_Read &rArr; canTransmit
</UL>
<BR>[Calls]<UL><LI><a href="#[ba]">&gt;&gt;</a>&nbsp;&nbsp;&nbsp;delay_us
<LI><a href="#[b9]">&gt;&gt;</a>&nbsp;&nbsp;&nbsp;SCA_Read
<LI><a href="#[83]">&gt;&gt;</a>&nbsp;&nbsp;&nbsp;getInstance
</UL>
<BR>[Called By]<UL><LI><a href="#[e6]">&gt;&gt;</a>&nbsp;&nbsp;&nbsp;regainAttrbute
</UL>

<P><STRONG><a name="[d6]"></a>getVelocityKp</STRONG> (Thumb, 100 bytes, Stack size 24 bytes, sca_api.o(.text))
<BR><BR>[Stack]<UL><LI>Max Depth = 64<LI>Call Chain = getVelocityKp &rArr; SCA_Read &rArr; canTransmit
</UL>
<BR>[Calls]<UL><LI><a href="#[ba]">&gt;&gt;</a>&nbsp;&nbsp;&nbsp;delay_us
<LI><a href="#[b9]">&gt;&gt;</a>&nbsp;&nbsp;&nbsp;SCA_Read
<LI><a href="#[83]">&gt;&gt;</a>&nbsp;&nbsp;&nbsp;getInstance
</UL>
<BR>[Called By]<UL><LI><a href="#[e6]">&gt;&gt;</a>&nbsp;&nbsp;&nbsp;regainAttrbute
</UL>

<P><STRONG><a name="[d7]"></a>getProfilePositionMaxVelocity</STRONG> (Thumb, 100 bytes, Stack size 24 bytes, sca_api.o(.text))
<BR><BR>[Stack]<UL><LI>Max Depth = 64<LI>Call Chain = getProfilePositionMaxVelocity &rArr; SCA_Read &rArr; canTransmit
</UL>
<BR>[Calls]<UL><LI><a href="#[ba]">&gt;&gt;</a>&nbsp;&nbsp;&nbsp;delay_us
<LI><a href="#[b9]">&gt;&gt;</a>&nbsp;&nbsp;&nbsp;SCA_Read
<LI><a href="#[83]">&gt;&gt;</a>&nbsp;&nbsp;&nbsp;getInstance
</UL>
<BR>[Called By]<UL><LI><a href="#[e6]">&gt;&gt;</a>&nbsp;&nbsp;&nbsp;regainAttrbute
</UL>

<P><STRONG><a name="[d8]"></a>getProfilePositionDeceleration</STRONG> (Thumb, 100 bytes, Stack size 24 bytes, sca_api.o(.text))
<BR><BR>[Stack]<UL><LI>Max Depth = 64<LI>Call Chain = getProfilePositionDeceleration &rArr; SCA_Read &rArr; canTransmit
</UL>
<BR>[Calls]<UL><LI><a href="#[ba]">&gt;&gt;</a>&nbsp;&nbsp;&nbsp;delay_us
<LI><a href="#[b9]">&gt;&gt;</a>&nbsp;&nbsp;&nbsp;SCA_Read
<LI><a href="#[83]">&gt;&gt;</a>&nbsp;&nbsp;&nbsp;getInstance
</UL>
<BR>[Called By]<UL><LI><a href="#[e6]">&gt;&gt;</a>&nbsp;&nbsp;&nbsp;regainAttrbute
</UL>

<P><STRONG><a name="[d9]"></a>getProfilePositionAcceleration</STRONG> (Thumb, 100 bytes, Stack size 24 bytes, sca_api.o(.text))
<BR><BR>[Stack]<UL><LI>Max Depth = 64<LI>Call Chain = getProfilePositionAcceleration &rArr; SCA_Read &rArr; canTransmit
</UL>
<BR>[Calls]<UL><LI><a href="#[ba]">&gt;&gt;</a>&nbsp;&nbsp;&nbsp;delay_us
<LI><a href="#[b9]">&gt;&gt;</a>&nbsp;&nbsp;&nbsp;SCA_Read
<LI><a href="#[83]">&gt;&gt;</a>&nbsp;&nbsp;&nbsp;getInstance
</UL>
<BR>[Called By]<UL><LI><a href="#[e6]">&gt;&gt;</a>&nbsp;&nbsp;&nbsp;regainAttrbute
</UL>

<P><STRONG><a name="[da]"></a>getPositionCutoffFrequency</STRONG> (Thumb, 100 bytes, Stack size 24 bytes, sca_api.o(.text))
<BR><BR>[Stack]<UL><LI>Max Depth = 64<LI>Call Chain = getPositionCutoffFrequency &rArr; SCA_Read &rArr; canTransmit
</UL>
<BR>[Calls]<UL><LI><a href="#[ba]">&gt;&gt;</a>&nbsp;&nbsp;&nbsp;delay_us
<LI><a href="#[b9]">&gt;&gt;</a>&nbsp;&nbsp;&nbsp;SCA_Read
<LI><a href="#[83]">&gt;&gt;</a>&nbsp;&nbsp;&nbsp;getInstance
</UL>
<BR>[Called By]<UL><LI><a href="#[e6]">&gt;&gt;</a>&nbsp;&nbsp;&nbsp;regainAttrbute
</UL>

<P><STRONG><a name="[db]"></a>isPositionFilterEnable</STRONG> (Thumb, 96 bytes, Stack size 24 bytes, sca_api.o(.text))
<BR><BR>[Stack]<UL><LI>Max Depth = 64<LI>Call Chain = isPositionFilterEnable &rArr; SCA_Read &rArr; canTransmit
</UL>
<BR>[Calls]<UL><LI><a href="#[ba]">&gt;&gt;</a>&nbsp;&nbsp;&nbsp;delay_us
<LI><a href="#[b9]">&gt;&gt;</a>&nbsp;&nbsp;&nbsp;SCA_Read
<LI><a href="#[83]">&gt;&gt;</a>&nbsp;&nbsp;&nbsp;getInstance
</UL>
<BR>[Called By]<UL><LI><a href="#[e6]">&gt;&gt;</a>&nbsp;&nbsp;&nbsp;regainAttrbute
</UL>

<P><STRONG><a name="[dc]"></a>isPositionLimitEnable</STRONG> (Thumb, 96 bytes, Stack size 24 bytes, sca_api.o(.text))
<BR><BR>[Stack]<UL><LI>Max Depth = 64<LI>Call Chain = isPositionLimitEnable &rArr; SCA_Read &rArr; canTransmit
</UL>
<BR>[Calls]<UL><LI><a href="#[ba]">&gt;&gt;</a>&nbsp;&nbsp;&nbsp;delay_us
<LI><a href="#[b9]">&gt;&gt;</a>&nbsp;&nbsp;&nbsp;SCA_Read
<LI><a href="#[83]">&gt;&gt;</a>&nbsp;&nbsp;&nbsp;getInstance
</UL>
<BR>[Called By]<UL><LI><a href="#[e6]">&gt;&gt;</a>&nbsp;&nbsp;&nbsp;regainAttrbute
</UL>

<P><STRONG><a name="[dd]"></a>getMinimumPosition</STRONG> (Thumb, 100 bytes, Stack size 24 bytes, sca_api.o(.text))
<BR><BR>[Stack]<UL><LI>Max Depth = 64<LI>Call Chain = getMinimumPosition &rArr; SCA_Read &rArr; canTransmit
</UL>
<BR>[Calls]<UL><LI><a href="#[ba]">&gt;&gt;</a>&nbsp;&nbsp;&nbsp;delay_us
<LI><a href="#[b9]">&gt;&gt;</a>&nbsp;&nbsp;&nbsp;SCA_Read
<LI><a href="#[83]">&gt;&gt;</a>&nbsp;&nbsp;&nbsp;getInstance
</UL>
<BR>[Called By]<UL><LI><a href="#[e6]">&gt;&gt;</a>&nbsp;&nbsp;&nbsp;regainAttrbute
</UL>

<P><STRONG><a name="[de]"></a>getMaximumPosition</STRONG> (Thumb, 100 bytes, Stack size 24 bytes, sca_api.o(.text))
<BR><BR>[Stack]<UL><LI>Max Depth = 64<LI>Call Chain = getMaximumPosition &rArr; SCA_Read &rArr; canTransmit
</UL>
<BR>[Calls]<UL><LI><a href="#[ba]">&gt;&gt;</a>&nbsp;&nbsp;&nbsp;delay_us
<LI><a href="#[b9]">&gt;&gt;</a>&nbsp;&nbsp;&nbsp;SCA_Read
<LI><a href="#[83]">&gt;&gt;</a>&nbsp;&nbsp;&nbsp;getInstance
</UL>
<BR>[Called By]<UL><LI><a href="#[e6]">&gt;&gt;</a>&nbsp;&nbsp;&nbsp;regainAttrbute
</UL>

<P><STRONG><a name="[df]"></a>getPositionOffset</STRONG> (Thumb, 100 bytes, Stack size 24 bytes, sca_api.o(.text))
<BR><BR>[Stack]<UL><LI>Max Depth = 64<LI>Call Chain = getPositionOffset &rArr; SCA_Read &rArr; canTransmit
</UL>
<BR>[Calls]<UL><LI><a href="#[ba]">&gt;&gt;</a>&nbsp;&nbsp;&nbsp;delay_us
<LI><a href="#[b9]">&gt;&gt;</a>&nbsp;&nbsp;&nbsp;SCA_Read
<LI><a href="#[83]">&gt;&gt;</a>&nbsp;&nbsp;&nbsp;getInstance
</UL>
<BR>[Called By]<UL><LI><a href="#[e6]">&gt;&gt;</a>&nbsp;&nbsp;&nbsp;regainAttrbute
</UL>

<P><STRONG><a name="[e0]"></a>getPositionUmin</STRONG> (Thumb, 100 bytes, Stack size 24 bytes, sca_api.o(.text))
<BR><BR>[Stack]<UL><LI>Max Depth = 64<LI>Call Chain = getPositionUmin &rArr; SCA_Read &rArr; canTransmit
</UL>
<BR>[Calls]<UL><LI><a href="#[ba]">&gt;&gt;</a>&nbsp;&nbsp;&nbsp;delay_us
<LI><a href="#[b9]">&gt;&gt;</a>&nbsp;&nbsp;&nbsp;SCA_Read
<LI><a href="#[83]">&gt;&gt;</a>&nbsp;&nbsp;&nbsp;getInstance
</UL>
<BR>[Called By]<UL><LI><a href="#[e6]">&gt;&gt;</a>&nbsp;&nbsp;&nbsp;regainAttrbute
</UL>

<P><STRONG><a name="[e1]"></a>getPositionUmax</STRONG> (Thumb, 100 bytes, Stack size 24 bytes, sca_api.o(.text))
<BR><BR>[Stack]<UL><LI>Max Depth = 64<LI>Call Chain = getPositionUmax &rArr; SCA_Read &rArr; canTransmit
</UL>
<BR>[Calls]<UL><LI><a href="#[ba]">&gt;&gt;</a>&nbsp;&nbsp;&nbsp;delay_us
<LI><a href="#[b9]">&gt;&gt;</a>&nbsp;&nbsp;&nbsp;SCA_Read
<LI><a href="#[83]">&gt;&gt;</a>&nbsp;&nbsp;&nbsp;getInstance
</UL>
<BR>[Called By]<UL><LI><a href="#[e6]">&gt;&gt;</a>&nbsp;&nbsp;&nbsp;regainAttrbute
</UL>

<P><STRONG><a name="[e2]"></a>getPositionKi</STRONG> (Thumb, 100 bytes, Stack size 24 bytes, sca_api.o(.text))
<BR><BR>[Stack]<UL><LI>Max Depth = 64<LI>Call Chain = getPositionKi &rArr; SCA_Read &rArr; canTransmit
</UL>
<BR>[Calls]<UL><LI><a href="#[ba]">&gt;&gt;</a>&nbsp;&nbsp;&nbsp;delay_us
<LI><a href="#[b9]">&gt;&gt;</a>&nbsp;&nbsp;&nbsp;SCA_Read
<LI><a href="#[83]">&gt;&gt;</a>&nbsp;&nbsp;&nbsp;getInstance
</UL>
<BR>[Called By]<UL><LI><a href="#[e6]">&gt;&gt;</a>&nbsp;&nbsp;&nbsp;regainAttrbute
</UL>

<P><STRONG><a name="[e3]"></a>getPositionKp</STRONG> (Thumb, 100 bytes, Stack size 24 bytes, sca_api.o(.text))
<BR><BR>[Stack]<UL><LI>Max Depth = 64<LI>Call Chain = getPositionKp &rArr; SCA_Read &rArr; canTransmit
</UL>
<BR>[Calls]<UL><LI><a href="#[ba]">&gt;&gt;</a>&nbsp;&nbsp;&nbsp;delay_us
<LI><a href="#[b9]">&gt;&gt;</a>&nbsp;&nbsp;&nbsp;SCA_Read
<LI><a href="#[83]">&gt;&gt;</a>&nbsp;&nbsp;&nbsp;getInstance
</UL>
<BR>[Called By]<UL><LI><a href="#[e6]">&gt;&gt;</a>&nbsp;&nbsp;&nbsp;regainAttrbute
</UL>

<P><STRONG><a name="[e4]"></a>getActuatorMode</STRONG> (Thumb, 96 bytes, Stack size 24 bytes, sca_api.o(.text))
<BR><BR>[Stack]<UL><LI>Max Depth = 64<LI>Call Chain = getActuatorMode &rArr; SCA_Read &rArr; canTransmit
</UL>
<BR>[Calls]<UL><LI><a href="#[ba]">&gt;&gt;</a>&nbsp;&nbsp;&nbsp;delay_us
<LI><a href="#[b9]">&gt;&gt;</a>&nbsp;&nbsp;&nbsp;SCA_Read
<LI><a href="#[83]">&gt;&gt;</a>&nbsp;&nbsp;&nbsp;getInstance
</UL>
<BR>[Called By]<UL><LI><a href="#[e6]">&gt;&gt;</a>&nbsp;&nbsp;&nbsp;regainAttrbute
</UL>

<P><STRONG><a name="[87]"></a>requestCVPValue</STRONG> (Thumb, 100 bytes, Stack size 24 bytes, sca_api.o(.text))
<BR><BR>[Stack]<UL><LI>Max Depth = 64<LI>Call Chain = requestCVPValue &rArr; SCA_Read &rArr; canTransmit
</UL>
<BR>[Calls]<UL><LI><a href="#[ba]">&gt;&gt;</a>&nbsp;&nbsp;&nbsp;delay_us
<LI><a href="#[b9]">&gt;&gt;</a>&nbsp;&nbsp;&nbsp;SCA_Read
<LI><a href="#[83]">&gt;&gt;</a>&nbsp;&nbsp;&nbsp;getInstance
</UL>
<BR>[Called By]<UL><LI><a href="#[e6]">&gt;&gt;</a>&nbsp;&nbsp;&nbsp;regainAttrbute
<LI><a href="#[85]">&gt;&gt;</a>&nbsp;&nbsp;&nbsp;update_status
</UL>

<P><STRONG><a name="[e5]"></a>getErrorCode</STRONG> (Thumb, 100 bytes, Stack size 24 bytes, sca_api.o(.text))
<BR><BR>[Stack]<UL><LI>Max Depth = 64<LI>Call Chain = getErrorCode &rArr; SCA_Read &rArr; canTransmit
</UL>
<BR>[Calls]<UL><LI><a href="#[ba]">&gt;&gt;</a>&nbsp;&nbsp;&nbsp;delay_us
<LI><a href="#[b9]">&gt;&gt;</a>&nbsp;&nbsp;&nbsp;SCA_Read
<LI><a href="#[83]">&gt;&gt;</a>&nbsp;&nbsp;&nbsp;getInstance
</UL>
<BR>[Called By]<UL><LI><a href="#[e6]">&gt;&gt;</a>&nbsp;&nbsp;&nbsp;regainAttrbute
</UL>

<P><STRONG><a name="[e6]"></a>regainAttrbute</STRONG> (Thumb, 320 bytes, Stack size 16 bytes, sca_api.o(.text))
<BR><BR>[Stack]<UL><LI>Max Depth = 80<LI>Call Chain = regainAttrbute &rArr; getErrorCode &rArr; SCA_Read &rArr; canTransmit
</UL>
<BR>[Calls]<UL><LI><a href="#[e5]">&gt;&gt;</a>&nbsp;&nbsp;&nbsp;getErrorCode
<LI><a href="#[e4]">&gt;&gt;</a>&nbsp;&nbsp;&nbsp;getActuatorMode
<LI><a href="#[e3]">&gt;&gt;</a>&nbsp;&nbsp;&nbsp;getPositionKp
<LI><a href="#[e2]">&gt;&gt;</a>&nbsp;&nbsp;&nbsp;getPositionKi
<LI><a href="#[e1]">&gt;&gt;</a>&nbsp;&nbsp;&nbsp;getPositionUmax
<LI><a href="#[e0]">&gt;&gt;</a>&nbsp;&nbsp;&nbsp;getPositionUmin
<LI><a href="#[df]">&gt;&gt;</a>&nbsp;&nbsp;&nbsp;getPositionOffset
<LI><a href="#[de]">&gt;&gt;</a>&nbsp;&nbsp;&nbsp;getMaximumPosition
<LI><a href="#[dd]">&gt;&gt;</a>&nbsp;&nbsp;&nbsp;getMinimumPosition
<LI><a href="#[dc]">&gt;&gt;</a>&nbsp;&nbsp;&nbsp;isPositionLimitEnable
<LI><a href="#[db]">&gt;&gt;</a>&nbsp;&nbsp;&nbsp;isPositionFilterEnable
<LI><a href="#[da]">&gt;&gt;</a>&nbsp;&nbsp;&nbsp;getPositionCutoffFrequency
<LI><a href="#[d9]">&gt;&gt;</a>&nbsp;&nbsp;&nbsp;getProfilePositionAcceleration
<LI><a href="#[d8]">&gt;&gt;</a>&nbsp;&nbsp;&nbsp;getProfilePositionDeceleration
<LI><a href="#[d7]">&gt;&gt;</a>&nbsp;&nbsp;&nbsp;getProfilePositionMaxVelocity
<LI><a href="#[d6]">&gt;&gt;</a>&nbsp;&nbsp;&nbsp;getVelocityKp
<LI><a href="#[d5]">&gt;&gt;</a>&nbsp;&nbsp;&nbsp;getVelocityKi
<LI><a href="#[d4]">&gt;&gt;</a>&nbsp;&nbsp;&nbsp;getVelocityUmax
<LI><a href="#[d3]">&gt;&gt;</a>&nbsp;&nbsp;&nbsp;getVelocityUmin
<LI><a href="#[d2]">&gt;&gt;</a>&nbsp;&nbsp;&nbsp;isVelocityFilterEnable
<LI><a href="#[d1]">&gt;&gt;</a>&nbsp;&nbsp;&nbsp;getVelocityCutoffFrequency
<LI><a href="#[d0]">&gt;&gt;</a>&nbsp;&nbsp;&nbsp;getVelocityLimit
<LI><a href="#[cf]">&gt;&gt;</a>&nbsp;&nbsp;&nbsp;getProfileVelocityAcceleration
<LI><a href="#[ce]">&gt;&gt;</a>&nbsp;&nbsp;&nbsp;getProfileVelocityDeceleration
<LI><a href="#[cd]">&gt;&gt;</a>&nbsp;&nbsp;&nbsp;getProfileVelocityMaxVelocity
<LI><a href="#[cc]">&gt;&gt;</a>&nbsp;&nbsp;&nbsp;getCurrentKp
<LI><a href="#[cb]">&gt;&gt;</a>&nbsp;&nbsp;&nbsp;getCurrentKi
<LI><a href="#[ca]">&gt;&gt;</a>&nbsp;&nbsp;&nbsp;isCurrentFilterEnable
<LI><a href="#[c9]">&gt;&gt;</a>&nbsp;&nbsp;&nbsp;getCurrentCutoffFrequency
<LI><a href="#[c8]">&gt;&gt;</a>&nbsp;&nbsp;&nbsp;getCurrentLimit
<LI><a href="#[c7]">&gt;&gt;</a>&nbsp;&nbsp;&nbsp;getVoltage
<LI><a href="#[c6]">&gt;&gt;</a>&nbsp;&nbsp;&nbsp;getLockEnergy
<LI><a href="#[c5]">&gt;&gt;</a>&nbsp;&nbsp;&nbsp;getMotorTemperature
<LI><a href="#[c4]">&gt;&gt;</a>&nbsp;&nbsp;&nbsp;getInverterTemperature
<LI><a href="#[c3]">&gt;&gt;</a>&nbsp;&nbsp;&nbsp;getMotorProtectedTemperature
<LI><a href="#[c2]">&gt;&gt;</a>&nbsp;&nbsp;&nbsp;getMotorRecoveryTemperature
<LI><a href="#[c1]">&gt;&gt;</a>&nbsp;&nbsp;&nbsp;getInverterProtectedTemperature
<LI><a href="#[c0]">&gt;&gt;</a>&nbsp;&nbsp;&nbsp;getInverterRecoveryTemperature
<LI><a href="#[87]">&gt;&gt;</a>&nbsp;&nbsp;&nbsp;requestCVPValue
</UL>
<BR>[Called By]<UL><LI><a href="#[ea]">&gt;&gt;</a>&nbsp;&nbsp;&nbsp;enableActuator
</UL>

<P><STRONG><a name="[e7]"></a>getCurrentRange</STRONG> (Thumb, 100 bytes, Stack size 24 bytes, sca_api.o(.text))
<BR><BR>[Stack]<UL><LI>Max Depth = 64<LI>Call Chain = getCurrentRange &rArr; SCA_Read &rArr; canTransmit
</UL>
<BR>[Calls]<UL><LI><a href="#[ba]">&gt;&gt;</a>&nbsp;&nbsp;&nbsp;delay_us
<LI><a href="#[b9]">&gt;&gt;</a>&nbsp;&nbsp;&nbsp;SCA_Read
<LI><a href="#[83]">&gt;&gt;</a>&nbsp;&nbsp;&nbsp;getInstance
</UL>
<BR>[Called By]<UL><LI><a href="#[ea]">&gt;&gt;</a>&nbsp;&nbsp;&nbsp;enableActuator
</UL>

<P><STRONG><a name="[e8]"></a>getActuatorLastState</STRONG> (Thumb, 96 bytes, Stack size 24 bytes, sca_api.o(.text))
<BR><BR>[Stack]<UL><LI>Max Depth = 64<LI>Call Chain = getActuatorLastState &rArr; SCA_Read &rArr; canTransmit
</UL>
<BR>[Calls]<UL><LI><a href="#[ba]">&gt;&gt;</a>&nbsp;&nbsp;&nbsp;delay_us
<LI><a href="#[b9]">&gt;&gt;</a>&nbsp;&nbsp;&nbsp;SCA_Read
<LI><a href="#[83]">&gt;&gt;</a>&nbsp;&nbsp;&nbsp;getInstance
</UL>
<BR>[Called By]<UL><LI><a href="#[ea]">&gt;&gt;</a>&nbsp;&nbsp;&nbsp;enableActuator
</UL>

<P><STRONG><a name="[e9]"></a>getActuatorSerialNumber</STRONG> (Thumb, 100 bytes, Stack size 24 bytes, sca_api.o(.text))
<BR><BR>[Stack]<UL><LI>Max Depth = 64<LI>Call Chain = getActuatorSerialNumber &rArr; SCA_Read &rArr; canTransmit
</UL>
<BR>[Calls]<UL><LI><a href="#[ba]">&gt;&gt;</a>&nbsp;&nbsp;&nbsp;delay_us
<LI><a href="#[b9]">&gt;&gt;</a>&nbsp;&nbsp;&nbsp;SCA_Read
<LI><a href="#[83]">&gt;&gt;</a>&nbsp;&nbsp;&nbsp;getInstance
</UL>
<BR>[Called By]<UL><LI><a href="#[ea]">&gt;&gt;</a>&nbsp;&nbsp;&nbsp;enableActuator
</UL>

<P><STRONG><a name="[ea]"></a>enableActuator</STRONG> (Thumb, 194 bytes, Stack size 24 bytes, sca_api.o(.text))
<BR><BR>[Stack]<UL><LI>Max Depth = 152 + Unknown Stack Size
<LI>Call Chain = enableActuator &rArr; __2printf &rArr; _printf_char_file &rArr; _printf_char_common &rArr; __printf
</UL>
<BR>[Calls]<UL><LI><a href="#[eb]">&gt;&gt;</a>&nbsp;&nbsp;&nbsp;SCA_Write_1
<LI><a href="#[e9]">&gt;&gt;</a>&nbsp;&nbsp;&nbsp;getActuatorSerialNumber
<LI><a href="#[e8]">&gt;&gt;</a>&nbsp;&nbsp;&nbsp;getActuatorLastState
<LI><a href="#[e7]">&gt;&gt;</a>&nbsp;&nbsp;&nbsp;getCurrentRange
<LI><a href="#[e6]">&gt;&gt;</a>&nbsp;&nbsp;&nbsp;regainAttrbute
<LI><a href="#[be]">&gt;&gt;</a>&nbsp;&nbsp;&nbsp;isEnable
<LI><a href="#[83]">&gt;&gt;</a>&nbsp;&nbsp;&nbsp;getInstance
<LI><a href="#[8b]">&gt;&gt;</a>&nbsp;&nbsp;&nbsp;__2printf
</UL>
<BR>[Called By]<UL><LI><a href="#[b1]">&gt;&gt;</a>&nbsp;&nbsp;&nbsp;enableAllActuators
</UL>

<P><STRONG><a name="[b1]"></a>enableAllActuators</STRONG> (Thumb, 34 bytes, Stack size 8 bytes, sca_api.o(.text))
<BR><BR>[Stack]<UL><LI>Max Depth = 160 + Unknown Stack Size
<LI>Call Chain = enableAllActuators &rArr; enableActuator &rArr; __2printf &rArr; _printf_char_file &rArr; _printf_char_common &rArr; __printf
</UL>
<BR>[Calls]<UL><LI><a href="#[ea]">&gt;&gt;</a>&nbsp;&nbsp;&nbsp;enableActuator
</UL>
<BR>[Called By]<UL><LI><a href="#[8e]">&gt;&gt;</a>&nbsp;&nbsp;&nbsp;SCA_Init
</UL>

<P><STRONG><a name="[ec]"></a>disableActuator</STRONG> (Thumb, 110 bytes, Stack size 24 bytes, sca_api.o(.text))
<BR><BR>[Stack]<UL><LI>Max Depth = 88<LI>Call Chain = disableActuator &rArr; isEnable &rArr; SCA_Read &rArr; canTransmit
</UL>
<BR>[Calls]<UL><LI><a href="#[eb]">&gt;&gt;</a>&nbsp;&nbsp;&nbsp;SCA_Write_1
<LI><a href="#[be]">&gt;&gt;</a>&nbsp;&nbsp;&nbsp;isEnable
<LI><a href="#[83]">&gt;&gt;</a>&nbsp;&nbsp;&nbsp;getInstance
</UL>
<BR>[Called By]<UL><LI><a href="#[90]">&gt;&gt;</a>&nbsp;&nbsp;&nbsp;disableAllActuators
</UL>

<P><STRONG><a name="[90]"></a>disableAllActuators</STRONG> (Thumb, 34 bytes, Stack size 8 bytes, sca_api.o(.text))
<BR><BR>[Stack]<UL><LI>Max Depth = 96<LI>Call Chain = disableAllActuators &rArr; disableActuator &rArr; isEnable &rArr; SCA_Read &rArr; canTransmit
</UL>
<BR>[Calls]<UL><LI><a href="#[ec]">&gt;&gt;</a>&nbsp;&nbsp;&nbsp;disableActuator
</UL>
<BR>[Called By]<UL><LI><a href="#[8c]">&gt;&gt;</a>&nbsp;&nbsp;&nbsp;CMD_Handler
</UL>

<P><STRONG><a name="[91]"></a>activateActuatorMode</STRONG> (Thumb, 116 bytes, Stack size 32 bytes, sca_api.o(.text))
<BR><BR>[Stack]<UL><LI>Max Depth = 80<LI>Call Chain = activateActuatorMode &rArr; SCA_Write_1 &rArr; canTransmit
</UL>
<BR>[Calls]<UL><LI><a href="#[ba]">&gt;&gt;</a>&nbsp;&nbsp;&nbsp;delay_us
<LI><a href="#[eb]">&gt;&gt;</a>&nbsp;&nbsp;&nbsp;SCA_Write_1
<LI><a href="#[83]">&gt;&gt;</a>&nbsp;&nbsp;&nbsp;getInstance
</UL>
<BR>[Called By]<UL><LI><a href="#[b6]">&gt;&gt;</a>&nbsp;&nbsp;&nbsp;SCA_Exp2
<LI><a href="#[b2]">&gt;&gt;</a>&nbsp;&nbsp;&nbsp;SCA_Homing
<LI><a href="#[8c]">&gt;&gt;</a>&nbsp;&nbsp;&nbsp;CMD_Handler
</UL>

<P><STRONG><a name="[ed]"></a>clearError</STRONG> (Thumb, 96 bytes, Stack size 24 bytes, sca_api.o(.text), UNUSED)
<BR><BR>[Calls]<UL><LI><a href="#[ba]">&gt;&gt;</a>&nbsp;&nbsp;&nbsp;delay_us
<LI><a href="#[ee]">&gt;&gt;</a>&nbsp;&nbsp;&nbsp;SCA_Write_4
<LI><a href="#[83]">&gt;&gt;</a>&nbsp;&nbsp;&nbsp;getInstance
</UL>

<P><STRONG><a name="[ef]"></a>saveAllParams</STRONG> (Thumb, 96 bytes, Stack size 24 bytes, sca_api.o(.text), UNUSED)
<BR><BR>[Calls]<UL><LI><a href="#[ba]">&gt;&gt;</a>&nbsp;&nbsp;&nbsp;delay_us
<LI><a href="#[ee]">&gt;&gt;</a>&nbsp;&nbsp;&nbsp;SCA_Write_4
<LI><a href="#[83]">&gt;&gt;</a>&nbsp;&nbsp;&nbsp;getInstance
</UL>

<P><STRONG><a name="[84]"></a>setPosition</STRONG> (Thumb, 46 bytes, Stack size 24 bytes, sca_api.o(.text))
<BR><BR>[Stack]<UL><LI>Max Depth = 80<LI>Call Chain = setPosition &rArr; SCA_Write_3 &rArr; canTransmit
</UL>
<BR>[Calls]<UL><LI><a href="#[f0]">&gt;&gt;</a>&nbsp;&nbsp;&nbsp;SCA_Write_3
<LI><a href="#[83]">&gt;&gt;</a>&nbsp;&nbsp;&nbsp;getInstance
</UL>
<BR>[Called By]<UL><LI><a href="#[3b]">&gt;&gt;</a>&nbsp;&nbsp;&nbsp;TIM8_TRG_COM_TIM14_IRQHandler
<LI><a href="#[b4]">&gt;&gt;</a>&nbsp;&nbsp;&nbsp;SCA_Exp1
<LI><a href="#[b2]">&gt;&gt;</a>&nbsp;&nbsp;&nbsp;SCA_Homing
<LI><a href="#[82]">&gt;&gt;</a>&nbsp;&nbsp;&nbsp;motor_act
</UL>

<P><STRONG><a name="[b5]"></a>setPositionFast</STRONG> (Thumb, 30 bytes, Stack size 16 bytes, sca_api.o(.text), UNUSED)
<BR><BR>[Calls]<UL><LI><a href="#[f0]">&gt;&gt;</a>&nbsp;&nbsp;&nbsp;SCA_Write_3
</UL>
<BR>[Called By]<UL><LI><a href="#[b4]">&gt;&gt;</a>&nbsp;&nbsp;&nbsp;SCA_Exp1
</UL>

<P><STRONG><a name="[b3]"></a>getPosition</STRONG> (Thumb, 100 bytes, Stack size 24 bytes, sca_api.o(.text), UNUSED)
<BR><BR>[Calls]<UL><LI><a href="#[ba]">&gt;&gt;</a>&nbsp;&nbsp;&nbsp;delay_us
<LI><a href="#[b9]">&gt;&gt;</a>&nbsp;&nbsp;&nbsp;SCA_Read
<LI><a href="#[83]">&gt;&gt;</a>&nbsp;&nbsp;&nbsp;getInstance
</UL>
<BR>[Called By]<UL><LI><a href="#[b2]">&gt;&gt;</a>&nbsp;&nbsp;&nbsp;SCA_Homing
</UL>

<P><STRONG><a name="[f1]"></a>getPositionFast</STRONG> (Thumb, 84 bytes, Stack size 24 bytes, sca_api.o(.text), UNUSED)
<BR><BR>[Calls]<UL><LI><a href="#[ba]">&gt;&gt;</a>&nbsp;&nbsp;&nbsp;delay_us
<LI><a href="#[b9]">&gt;&gt;</a>&nbsp;&nbsp;&nbsp;SCA_Read
</UL>

<P><STRONG><a name="[f2]"></a>setPositionKp</STRONG> (Thumb, 120 bytes, Stack size 32 bytes, sca_api.o(.text), UNUSED)
<BR><BR>[Calls]<UL><LI><a href="#[ba]">&gt;&gt;</a>&nbsp;&nbsp;&nbsp;delay_us
<LI><a href="#[f0]">&gt;&gt;</a>&nbsp;&nbsp;&nbsp;SCA_Write_3
<LI><a href="#[83]">&gt;&gt;</a>&nbsp;&nbsp;&nbsp;getInstance
</UL>

<P><STRONG><a name="[f3]"></a>setPositionKi</STRONG> (Thumb, 252 bytes, Stack size 32 bytes, sca_api.o(.text), UNUSED)
<BR><BR>[Calls]<UL><LI><a href="#[ba]">&gt;&gt;</a>&nbsp;&nbsp;&nbsp;delay_us
<LI><a href="#[f0]">&gt;&gt;</a>&nbsp;&nbsp;&nbsp;SCA_Write_3
<LI><a href="#[83]">&gt;&gt;</a>&nbsp;&nbsp;&nbsp;getInstance
</UL>

<P><STRONG><a name="[f4]"></a>setPositionUmax</STRONG> (Thumb, 120 bytes, Stack size 32 bytes, sca_api.o(.text), UNUSED)
<BR><BR>[Calls]<UL><LI><a href="#[ba]">&gt;&gt;</a>&nbsp;&nbsp;&nbsp;delay_us
<LI><a href="#[f0]">&gt;&gt;</a>&nbsp;&nbsp;&nbsp;SCA_Write_3
<LI><a href="#[83]">&gt;&gt;</a>&nbsp;&nbsp;&nbsp;getInstance
</UL>

<P><STRONG><a name="[f5]"></a>setPositionUmin</STRONG> (Thumb, 120 bytes, Stack size 32 bytes, sca_api.o(.text), UNUSED)
<BR><BR>[Calls]<UL><LI><a href="#[ba]">&gt;&gt;</a>&nbsp;&nbsp;&nbsp;delay_us
<LI><a href="#[f0]">&gt;&gt;</a>&nbsp;&nbsp;&nbsp;SCA_Write_3
<LI><a href="#[83]">&gt;&gt;</a>&nbsp;&nbsp;&nbsp;getInstance
</UL>

<P><STRONG><a name="[f6]"></a>setPositionOffset</STRONG> (Thumb, 120 bytes, Stack size 32 bytes, sca_api.o(.text), UNUSED)
<BR><BR>[Calls]<UL><LI><a href="#[ba]">&gt;&gt;</a>&nbsp;&nbsp;&nbsp;delay_us
<LI><a href="#[f0]">&gt;&gt;</a>&nbsp;&nbsp;&nbsp;SCA_Write_3
<LI><a href="#[83]">&gt;&gt;</a>&nbsp;&nbsp;&nbsp;getInstance
</UL>

<P><STRONG><a name="[f7]"></a>setMaximumPosition</STRONG> (Thumb, 120 bytes, Stack size 32 bytes, sca_api.o(.text), UNUSED)
<BR><BR>[Calls]<UL><LI><a href="#[ba]">&gt;&gt;</a>&nbsp;&nbsp;&nbsp;delay_us
<LI><a href="#[f0]">&gt;&gt;</a>&nbsp;&nbsp;&nbsp;SCA_Write_3
<LI><a href="#[83]">&gt;&gt;</a>&nbsp;&nbsp;&nbsp;getInstance
</UL>

<P><STRONG><a name="[f8]"></a>setMinimumPosition</STRONG> (Thumb, 120 bytes, Stack size 32 bytes, sca_api.o(.text), UNUSED)
<BR><BR>[Calls]<UL><LI><a href="#[ba]">&gt;&gt;</a>&nbsp;&nbsp;&nbsp;delay_us
<LI><a href="#[f0]">&gt;&gt;</a>&nbsp;&nbsp;&nbsp;SCA_Write_3
<LI><a href="#[83]">&gt;&gt;</a>&nbsp;&nbsp;&nbsp;getInstance
</UL>

<P><STRONG><a name="[f9]"></a>enablePositionLimit</STRONG> (Thumb, 104 bytes, Stack size 32 bytes, sca_api.o(.text), UNUSED)
<BR><BR>[Calls]<UL><LI><a href="#[ba]">&gt;&gt;</a>&nbsp;&nbsp;&nbsp;delay_us
<LI><a href="#[eb]">&gt;&gt;</a>&nbsp;&nbsp;&nbsp;SCA_Write_1
<LI><a href="#[83]">&gt;&gt;</a>&nbsp;&nbsp;&nbsp;getInstance
</UL>

<P><STRONG><a name="[fa]"></a>setHomingPosition</STRONG> (Thumb, 120 bytes, Stack size 32 bytes, sca_api.o(.text), UNUSED)
[...]

<P><STRONG><a name="[236]"></a>TIM_SelectSlaveMode</STRONG> (Thumb, 18 bytes, Stack size 0 bytes, stm32f4xx_tim.o(.text), UNUSED)

<P><STRONG><a name="[237]"></a>TIM_SelectMasterSlaveMode</STRONG> (Thumb, 18 bytes, Stack size 0 bytes, stm32f4xx_tim.o(.text), UNUSED)

<P><STRONG><a name="[238]"></a>TIM_EncoderInterfaceConfig</STRONG> (Thumb, 66 bytes, Stack size 20 bytes, stm32f4xx_tim.o(.text), UNUSED)

<P><STRONG><a name="[239]"></a>TIM_SelectHallSensor</STRONG> (Thumb, 24 bytes, Stack size 0 bytes, stm32f4xx_tim.o(.text), UNUSED)

<P><STRONG><a name="[23a]"></a>TIM_RemapConfig</STRONG> (Thumb, 6 bytes, Stack size 0 bytes, stm32f4xx_tim.o(.text), UNUSED)

<P><STRONG><a name="[23b]"></a>__use_no_semihosting</STRONG> (Thumb, 2 bytes, Stack size 0 bytes, use_no_semi_2.o(.text), UNUSED)

<P><STRONG><a name="[8b]"></a>__2printf</STRONG> (Thumb, 20 bytes, Stack size 24 bytes, noretval__2printf.o(.text))
<BR><BR>[Stack]<UL><LI>Max Depth = 128 + Unknown Stack Size
<LI>Call Chain = __2printf &rArr; _printf_char_file &rArr; _printf_char_common &rArr; __printf
</UL>
<BR>[Calls]<UL><LI><a href="#[15a]">&gt;&gt;</a>&nbsp;&nbsp;&nbsp;_printf_char_file
</UL>
<BR>[Called By]<UL><LI><a href="#[2a]">&gt;&gt;</a>&nbsp;&nbsp;&nbsp;TIM2_IRQHandler
<LI><a href="#[ea]">&gt;&gt;</a>&nbsp;&nbsp;&nbsp;enableActuator
<LI><a href="#[af]">&gt;&gt;</a>&nbsp;&nbsp;&nbsp;lookupActuators
<LI><a href="#[8c]">&gt;&gt;</a>&nbsp;&nbsp;&nbsp;CMD_Handler
<LI><a href="#[8a]">&gt;&gt;</a>&nbsp;&nbsp;&nbsp;Log
</UL>

<P><STRONG><a name="[15b]"></a>__printf</STRONG> (Thumb, 104 bytes, Stack size 24 bytes, __printf.o(.text))
<BR><BR>[Stack]<UL><LI>Max Depth = 24 + Unknown Stack Size
<LI>Call Chain = __printf
</UL>
<BR>[Calls]<UL><LI><a href="#[15c]">&gt;&gt;</a>&nbsp;&nbsp;&nbsp;_printf_percent
</UL>
<BR>[Called By]<UL><LI><a href="#[161]">&gt;&gt;</a>&nbsp;&nbsp;&nbsp;_printf_char_common
</UL>

<P><STRONG><a name="[74]"></a>_printf_int_dec</STRONG> (Thumb, 104 bytes, Stack size 24 bytes, _printf_dec.o(.text))
<BR><BR>[Stack]<UL><LI>Max Depth = 56<LI>Call Chain = _printf_int_dec &rArr; _printf_int_common
</UL>
<BR>[Calls]<UL><LI><a href="#[15d]">&gt;&gt;</a>&nbsp;&nbsp;&nbsp;_printf_int_common
</UL>
<BR>[Called By]<UL><LI><a href="#[73]">&gt;&gt;</a>&nbsp;&nbsp;&nbsp;_printf_d
</UL>

<P><STRONG><a name="[bb]"></a>__aeabi_memcpy4</STRONG> (Thumb, 0 bytes, Stack size 8 bytes, rt_memcpy_w.o(.text))
<BR><BR>[Stack]<UL><LI>Max Depth = 8<LI>Call Chain = __aeabi_memcpy4
</UL>
<BR>[Called By]<UL><LI><a href="#[af]">&gt;&gt;</a>&nbsp;&nbsp;&nbsp;lookupActuators
</UL>

<P><STRONG><a name="[23c]"></a>__aeabi_memcpy8</STRONG> (Thumb, 0 bytes, Stack size 8 bytes, rt_memcpy_w.o(.text), UNUSED)

<P><STRONG><a name="[23d]"></a>__rt_memcpy_w</STRONG> (Thumb, 100 bytes, Stack size 8 bytes, rt_memcpy_w.o(.text), UNUSED)

<P><STRONG><a name="[23e]"></a>_memcpy_lastbytes_aligned</STRONG> (Thumb, 0 bytes, Stack size unknown bytes, rt_memcpy_w.o(.text), UNUSED)

<P><STRONG><a name="[bd]"></a>__aeabi_memclr4</STRONG> (Thumb, 0 bytes, Stack size 4 bytes, rt_memclr_w.o(.text), UNUSED)
<BR><BR>[Called By]<UL><LI><a href="#[bc]">&gt;&gt;</a>&nbsp;&nbsp;&nbsp;resetController
</UL>

<P><STRONG><a name="[23f]"></a>__aeabi_memclr8</STRONG> (Thumb, 0 bytes, Stack size 4 bytes, rt_memclr_w.o(.text), UNUSED)

<P><STRONG><a name="[240]"></a>__rt_memclr_w</STRONG> (Thumb, 78 bytes, Stack size 4 bytes, rt_memclr_w.o(.text), UNUSED)

<P><STRONG><a name="[241]"></a>_memset_w</STRONG> (Thumb, 0 bytes, Stack size unknown bytes, rt_memclr_w.o(.text), UNUSED)

<P><STRONG><a name="[242]"></a>__use_two_region_memory</STRONG> (Thumb, 2 bytes, Stack size 0 bytes, heapauxi.o(.text), UNUSED)

<P><STRONG><a name="[243]"></a>__rt_heap_escrow$2region</STRONG> (Thumb, 2 bytes, Stack size 0 bytes, heapauxi.o(.text), UNUSED)

<P><STRONG><a name="[244]"></a>__rt_heap_expand$2region</STRONG> (Thumb, 2 bytes, Stack size 0 bytes, heapauxi.o(.text), UNUSED)

<P><STRONG><a name="[245]"></a>__I$use$semihosting</STRONG> (Thumb, 0 bytes, Stack size 0 bytes, use_no_semi.o(.text), UNUSED)

<P><STRONG><a name="[246]"></a>__use_no_semihosting_swi</STRONG> (Thumb, 2 bytes, Stack size 0 bytes, use_no_semi.o(.text), UNUSED)

<P><STRONG><a name="[15e]"></a>__read_errno</STRONG> (Thumb, 10 bytes, Stack size 8 bytes, _rserrno.o(.text), UNUSED)
<BR><BR>[Calls]<UL><LI><a href="#[15f]">&gt;&gt;</a>&nbsp;&nbsp;&nbsp;__aeabi_errno_addr
</UL>

<P><STRONG><a name="[160]"></a>__set_errno</STRONG> (Thumb, 12 bytes, Stack size 8 bytes, _rserrno.o(.text))
<BR><BR>[Stack]<UL><LI>Max Depth = 8<LI>Call Chain = __set_errno
</UL>
<BR>[Calls]<UL><LI><a href="#[15f]">&gt;&gt;</a>&nbsp;&nbsp;&nbsp;__aeabi_errno_addr
</UL>
<BR>[Called By]<UL><LI><a href="#[93]">&gt;&gt;</a>&nbsp;&nbsp;&nbsp;__hardfp_sinf
</UL>

<P><STRONG><a name="[15d]"></a>_printf_int_common</STRONG> (Thumb, 178 bytes, Stack size 32 bytes, _printf_intcommon.o(.text))
<BR><BR>[Stack]<UL><LI>Max Depth = 32<LI>Call Chain = _printf_int_common
</UL>
<BR>[Called By]<UL><LI><a href="#[74]">&gt;&gt;</a>&nbsp;&nbsp;&nbsp;_printf_int_dec
</UL>

<P><STRONG><a name="[15a]"></a>_printf_char_file</STRONG> (Thumb, 32 bytes, Stack size 16 bytes, _printf_char_file.o(.text))
<BR><BR>[Stack]<UL><LI>Max Depth = 104 + Unknown Stack Size
<LI>Call Chain = _printf_char_file &rArr; _printf_char_common &rArr; __printf
</UL>
<BR>[Calls]<UL><LI><a href="#[162]">&gt;&gt;</a>&nbsp;&nbsp;&nbsp;ferror
<LI><a href="#[161]">&gt;&gt;</a>&nbsp;&nbsp;&nbsp;_printf_char_common
</UL>
<BR>[Called By]<UL><LI><a href="#[8b]">&gt;&gt;</a>&nbsp;&nbsp;&nbsp;__2printf
</UL>

<P><STRONG><a name="[15f]"></a>__aeabi_errno_addr</STRONG> (Thumb, 8 bytes, Stack size 0 bytes, rt_errno_addr_intlibspace.o(.text))
<BR><BR>[Called By]<UL><LI><a href="#[160]">&gt;&gt;</a>&nbsp;&nbsp;&nbsp;__set_errno
<LI><a href="#[15e]">&gt;&gt;</a>&nbsp;&nbsp;&nbsp;__read_errno
</UL>

<P><STRONG><a name="[247]"></a>__errno$intlibspace</STRONG> (Thumb, 0 bytes, Stack size 0 bytes, rt_errno_addr_intlibspace.o(.text), UNUSED)

<P><STRONG><a name="[248]"></a>__rt_errno_addr$intlibspace</STRONG> (Thumb, 0 bytes, Stack size 0 bytes, rt_errno_addr_intlibspace.o(.text), UNUSED)

<P><STRONG><a name="[161]"></a>_printf_char_common</STRONG> (Thumb, 32 bytes, Stack size 64 bytes, _printf_char_common.o(.text))
<BR><BR>[Stack]<UL><LI>Max Depth = 88 + Unknown Stack Size
<LI>Call Chain = _printf_char_common &rArr; __printf
</UL>
<BR>[Calls]<UL><LI><a href="#[15b]">&gt;&gt;</a>&nbsp;&nbsp;&nbsp;__printf
</UL>
<BR>[Called By]<UL><LI><a href="#[15a]">&gt;&gt;</a>&nbsp;&nbsp;&nbsp;_printf_char_file
</UL>

<P><STRONG><a name="[162]"></a>ferror</STRONG> (Thumb, 8 bytes, Stack size 0 bytes, ferror.o(.text))
<BR><BR>[Called By]<UL><LI><a href="#[15a]">&gt;&gt;</a>&nbsp;&nbsp;&nbsp;_printf_char_file
</UL>

<P><STRONG><a name="[249]"></a>__user_libspace</STRONG> (Thumb, 8 bytes, Stack size 0 bytes, libspace.o(.text), UNUSED)

<P><STRONG><a name="[163]"></a>__user_perproc_libspace</STRONG> (Thumb, 0 bytes, Stack size 0 bytes, libspace.o(.text))
<BR><BR>[Called By]<UL><LI><a href="#[78]">&gt;&gt;</a>&nbsp;&nbsp;&nbsp;__user_setup_stackheap
</UL>

<P><STRONG><a name="[24a]"></a>__user_perthread_libspace</STRONG> (Thumb, 0 bytes, Stack size 0 bytes, libspace.o(.text), UNUSED)

<P><STRONG><a name="[78]"></a>__user_setup_stackheap</STRONG> (Thumb, 74 bytes, Stack size 8 bytes, sys_stackheap_outer.o(.text))
<BR><BR>[Stack]<UL><LI>Max Depth = 8 + Unknown Stack Size
<LI>Call Chain = __user_setup_stackheap
</UL>
<BR>[Calls]<UL><LI><a href="#[164]">&gt;&gt;</a>&nbsp;&nbsp;&nbsp;__user_initial_stackheap
<LI><a href="#[163]">&gt;&gt;</a>&nbsp;&nbsp;&nbsp;__user_perproc_libspace
</UL>
<BR>[Called By]<UL><LI><a href="#[77]">&gt;&gt;</a>&nbsp;&nbsp;&nbsp;__rt_entry_sh
</UL>

<P><STRONG><a name="[7d]"></a>exit</STRONG> (Thumb, 18 bytes, Stack size 8 bytes, exit.o(.text))
<BR><BR>[Stack]<UL><LI>Max Depth = 8 + Unknown Stack Size
<LI>Call Chain = exit
</UL>
<BR>[Calls]<UL><LI><a href="#[165]">&gt;&gt;</a>&nbsp;&nbsp;&nbsp;__rt_exit
</UL>
<BR>[Called By]<UL><LI><a href="#[7b]">&gt;&gt;</a>&nbsp;&nbsp;&nbsp;__rt_entry_main
</UL>

<P><STRONG><a name="[167]"></a>__ARM_fpclassifyf</STRONG> (Thumb, 38 bytes, Stack size 0 bytes, fpclassifyf.o(i.__ARM_fpclassifyf))
<BR><BR>[Called By]<UL><LI><a href="#[93]">&gt;&gt;</a>&nbsp;&nbsp;&nbsp;__hardfp_sinf
</UL>

<P><STRONG><a name="[93]"></a>__hardfp_sinf</STRONG> (Thumb, 344 bytes, Stack size 16 bytes, sinf.o(i.__hardfp_sinf))
<BR><BR>[Stack]<UL><LI>Max Depth = 36<LI>Call Chain = __hardfp_sinf &rArr; __mathlib_rredf2
</UL>
<BR>[Calls]<UL><LI><a href="#[166]">&gt;&gt;</a>&nbsp;&nbsp;&nbsp;__mathlib_rredf2
<LI><a href="#[168]">&gt;&gt;</a>&nbsp;&nbsp;&nbsp;__mathlib_flt_underflow
<LI><a href="#[169]">&gt;&gt;</a>&nbsp;&nbsp;&nbsp;__mathlib_flt_invalid
<LI><a href="#[16a]">&gt;&gt;</a>&nbsp;&nbsp;&nbsp;__mathlib_flt_infnan
<LI><a href="#[167]">&gt;&gt;</a>&nbsp;&nbsp;&nbsp;__ARM_fpclassifyf
<LI><a href="#[160]">&gt;&gt;</a>&nbsp;&nbsp;&nbsp;__set_errno
</UL>
<BR>[Called By]<UL><LI><a href="#[7c]">&gt;&gt;</a>&nbsp;&nbsp;&nbsp;main
</UL>

<P><STRONG><a name="[16a]"></a>__mathlib_flt_infnan</STRONG> (Thumb, 6 bytes, Stack size 0 bytes, funder.o(i.__mathlib_flt_infnan))
<BR><BR>[Called By]<UL><LI><a href="#[93]">&gt;&gt;</a>&nbsp;&nbsp;&nbsp;__hardfp_sinf
</UL>

<P><STRONG><a name="[169]"></a>__mathlib_flt_invalid</STRONG> (Thumb, 10 bytes, Stack size 0 bytes, funder.o(i.__mathlib_flt_invalid))
<BR><BR>[Called By]<UL><LI><a href="#[93]">&gt;&gt;</a>&nbsp;&nbsp;&nbsp;__hardfp_sinf
</UL>

<P><STRONG><a name="[168]"></a>__mathlib_flt_underflow</STRONG> (Thumb, 10 bytes, Stack size 0 bytes, funder.o(i.__mathlib_flt_underflow))
<BR><BR>[Called By]<UL><LI><a href="#[93]">&gt;&gt;</a>&nbsp;&nbsp;&nbsp;__hardfp_sinf
</UL>

<P><STRONG><a name="[166]"></a>__mathlib_rredf2</STRONG> (Thumb, 316 bytes, Stack size 20 bytes, rredf.o(i.__mathlib_rredf2))
<BR><BR>[Stack]<UL><LI>Max Depth = 20<LI>Call Chain = __mathlib_rredf2
</UL>
<BR>[Called By]<UL><LI><a href="#[93]">&gt;&gt;</a>&nbsp;&nbsp;&nbsp;__hardfp_sinf
</UL>

<P><STRONG><a name="[13b]"></a>fabs</STRONG> (Thumb, 24 bytes, Stack size 8 bytes, fabs.o(i.fabs))
<BR><BR>[Stack]<UL><LI>Max Depth = 8<LI>Call Chain = fabs
</UL>
<BR>[Called By]<UL><LI><a href="#[3a]">&gt;&gt;</a>&nbsp;&nbsp;&nbsp;TIM8_UP_TIM13_IRQHandler
<LI><a href="#[2c]">&gt;&gt;</a>&nbsp;&nbsp;&nbsp;TIM4_IRQHandler
<LI><a href="#[2b]">&gt;&gt;</a>&nbsp;&nbsp;&nbsp;TIM3_IRQHandler
</UL>

<P><STRONG><a name="[16d]"></a>__fpl_dcmp_Inf</STRONG> (Thumb, 24 bytes, Stack size 0 bytes, dcmpi.o(x$fpl$dcmpinf), UNUSED)
<BR><BR>[Called By]<UL><LI><a href="#[16b]">&gt;&gt;</a>&nbsp;&nbsp;&nbsp;_dcmple
</UL>

<P><STRONG><a name="[13c]"></a>__aeabi_i2d</STRONG> (Thumb, 0 bytes, Stack size 0 bytes, dflt_clz.o(x$fpl$dflt))
<BR><BR>[Called By]<UL><LI><a href="#[3a]">&gt;&gt;</a>&nbsp;&nbsp;&nbsp;TIM8_UP_TIM13_IRQHandler
<LI><a href="#[2c]">&gt;&gt;</a>&nbsp;&nbsp;&nbsp;TIM4_IRQHandler
<LI><a href="#[2b]">&gt;&gt;</a>&nbsp;&nbsp;&nbsp;TIM3_IRQHandler
</UL>

<P><STRONG><a name="[24b]"></a>_dflt</STRONG> (Thumb, 46 bytes, Stack size 0 bytes, dflt_clz.o(x$fpl$dflt), UNUSED)

<P><STRONG><a name="[24c]"></a>__aeabi_cdcmple</STRONG> (Thumb, 0 bytes, Stack size 32 bytes, dleqf.o(x$fpl$dleqf), UNUSED)

<P><STRONG><a name="[16b]"></a>_dcmple</STRONG> (Thumb, 120 bytes, Stack size 32 bytes, dleqf.o(x$fpl$dleqf), UNUSED)
<BR><BR>[Calls]<UL><LI><a href="#[16c]">&gt;&gt;</a>&nbsp;&nbsp;&nbsp;__fpl_dnaninf
<LI><a href="#[16d]">&gt;&gt;</a>&nbsp;&nbsp;&nbsp;__fpl_dcmp_Inf
</UL>

<P><STRONG><a name="[16f]"></a>__fpl_dcmple_InfNaN</STRONG> (Thumb, 0 bytes, Stack size unknown bytes, dleqf.o(x$fpl$dleqf), UNUSED)
<BR><BR>[Called By]<UL><LI><a href="#[16e]">&gt;&gt;</a>&nbsp;&nbsp;&nbsp;_drcmple
</UL>

<P><STRONG><a name="[16c]"></a>__fpl_dnaninf</STRONG> (Thumb, 156 bytes, Stack size 16 bytes, dnaninf.o(x$fpl$dnaninf), UNUSED)
<BR><BR>[Called By]<UL><LI><a href="#[16b]">&gt;&gt;</a>&nbsp;&nbsp;&nbsp;_dcmple
</UL>

<P><STRONG><a name="[172]"></a>__fpl_dretinf</STRONG> (Thumb, 12 bytes, Stack size 0 bytes, dretinf.o(x$fpl$dretinf), UNUSED)
<BR><BR>[Called By]<UL><LI><a href="#[170]">&gt;&gt;</a>&nbsp;&nbsp;&nbsp;_f2d
</UL>

<P><STRONG><a name="[13d]"></a>__aeabi_cdrcmple</STRONG> (Thumb, 0 bytes, Stack size 16 bytes, drleqf.o(x$fpl$drleqf))
<BR><BR>[Stack]<UL><LI>Max Depth = 16<LI>Call Chain = __aeabi_cdrcmple
</UL>
<BR>[Called By]<UL><LI><a href="#[3a]">&gt;&gt;</a>&nbsp;&nbsp;&nbsp;TIM8_UP_TIM13_IRQHandler
<LI><a href="#[2c]">&gt;&gt;</a>&nbsp;&nbsp;&nbsp;TIM4_IRQHandler
<LI><a href="#[2b]">&gt;&gt;</a>&nbsp;&nbsp;&nbsp;TIM3_IRQHandler
</UL>

<P><STRONG><a name="[16e]"></a>_drcmple</STRONG> (Thumb, 108 bytes, Stack size 16 bytes, drleqf.o(x$fpl$drleqf), UNUSED)
<BR><BR>[Calls]<UL><LI><a href="#[16f]">&gt;&gt;</a>&nbsp;&nbsp;&nbsp;__fpl_dcmple_InfNaN
</UL>

<P><STRONG><a name="[13a]"></a>__aeabi_f2d</STRONG> (Thumb, 0 bytes, Stack size 16 bytes, f2d.o(x$fpl$f2d))
<BR><BR>[Stack]<UL><LI>Max Depth = 16<LI>Call Chain = __aeabi_f2d
</UL>
<BR>[Called By]<UL><LI><a href="#[3b]">&gt;&gt;</a>&nbsp;&nbsp;&nbsp;TIM8_TRG_COM_TIM14_IRQHandler
<LI><a href="#[3a]">&gt;&gt;</a>&nbsp;&nbsp;&nbsp;TIM8_UP_TIM13_IRQHandler
<LI><a href="#[2c]">&gt;&gt;</a>&nbsp;&nbsp;&nbsp;TIM4_IRQHandler
<LI><a href="#[2b]">&gt;&gt;</a>&nbsp;&nbsp;&nbsp;TIM3_IRQHandler
</UL>

<P><STRONG><a name="[170]"></a>_f2d</STRONG> (Thumb, 86 bytes, Stack size 16 bytes, f2d.o(x$fpl$f2d), UNUSED)
<BR><BR>[Calls]<UL><LI><a href="#[171]">&gt;&gt;</a>&nbsp;&nbsp;&nbsp;__fpl_fnaninf
<LI><a href="#[172]">&gt;&gt;</a>&nbsp;&nbsp;&nbsp;__fpl_dretinf
</UL>

<P><STRONG><a name="[171]"></a>__fpl_fnaninf</STRONG> (Thumb, 140 bytes, Stack size 8 bytes, fnaninf.o(x$fpl$fnaninf), UNUSED)
<BR><BR>[Called By]<UL><LI><a href="#[170]">&gt;&gt;</a>&nbsp;&nbsp;&nbsp;_f2d
</UL>

<P><STRONG><a name="[76]"></a>_fp_init</STRONG> (Thumb, 10 bytes, Stack size 0 bytes, fpinit.o(x$fpl$fpinit))
<BR><BR>[Called By]<UL><LI><a href="#[75]">&gt;&gt;</a>&nbsp;&nbsp;&nbsp;__rt_lib_init_fp_1
</UL>

<P><STRONG><a name="[24d]"></a>__fplib_config_fpu_vfp</STRONG> (Thumb, 0 bytes, Stack size unknown bytes, fpinit.o(x$fpl$fpinit), UNUSED)

<P><STRONG><a name="[24e]"></a>__fplib_config_pureend_doubles</STRONG> (Thumb, 0 bytes, Stack size unknown bytes, fpinit.o(x$fpl$fpinit), UNUSED)
<P>
<H3>
Local Symbols
</H3>
<P><STRONG><a name="[8a]"></a>Log</STRONG> (Thumb, 58 bytes, Stack size 8 bytes, main.o(.text))
<BR><BR>[Stack]<UL><LI>Max Depth = 136 + Unknown Stack Size
<LI>Call Chain = Log &rArr; __2printf &rArr; _printf_char_file &rArr; _printf_char_common &rArr; __printf
</UL>
<BR>[Calls]<UL><LI><a href="#[8b]">&gt;&gt;</a>&nbsp;&nbsp;&nbsp;__2printf
</UL>
<BR>[Called By]<UL><LI><a href="#[7c]">&gt;&gt;</a>&nbsp;&nbsp;&nbsp;main
<LI><a href="#[8c]">&gt;&gt;</a>&nbsp;&nbsp;&nbsp;CMD_Handler
</UL>

<P><STRONG><a name="[8c]"></a>CMD_Handler</STRONG> (Thumb, 1168 bytes, Stack size 8 bytes, main.o(.text))
<BR><BR>[Stack]<UL><LI>Max Depth = 552 + Unknown Stack Size
<LI>Call Chain = CMD_Handler &rArr; SCA_Lookup &rArr; lookupActuators &rArr; __2printf &rArr; _printf_char_file &rArr; _printf_char_common &rArr; __printf
</UL>
<BR>[Calls]<UL><LI><a href="#[90]">&gt;&gt;</a>&nbsp;&nbsp;&nbsp;disableAllActuators
<LI><a href="#[8f]">&gt;&gt;</a>&nbsp;&nbsp;&nbsp;delay_ms
<LI><a href="#[91]">&gt;&gt;</a>&nbsp;&nbsp;&nbsp;activateActuatorMode
<LI><a href="#[8d]">&gt;&gt;</a>&nbsp;&nbsp;&nbsp;SCA_Lookup
<LI><a href="#[8e]">&gt;&gt;</a>&nbsp;&nbsp;&nbsp;SCA_Init
<LI><a href="#[88]">&gt;&gt;</a>&nbsp;&nbsp;&nbsp;motor_act_position
<LI><a href="#[82]">&gt;&gt;</a>&nbsp;&nbsp;&nbsp;motor_act
<LI><a href="#[8a]">&gt;&gt;</a>&nbsp;&nbsp;&nbsp;Log
<LI><a href="#[8b]">&gt;&gt;</a>&nbsp;&nbsp;&nbsp;__2printf
</UL>
<BR>[Called By]<UL><LI><a href="#[7c]">&gt;&gt;</a>&nbsp;&nbsp;&nbsp;main
</UL>

<P><STRONG><a name="[96]"></a>SetSysClock</STRONG> (Thumb, 272 bytes, Stack size 12 bytes, system_stm32f4xx.o(.text))
<BR><BR>[Stack]<UL><LI>Max Depth = 12<LI>Call Chain = SetSysClock
</UL>
<BR>[Called By]<UL><LI><a href="#[6a]">&gt;&gt;</a>&nbsp;&nbsp;&nbsp;SystemInit
</UL>

<P><STRONG><a name="[11d]"></a>canTransmit</STRONG> (Thumb, 56 bytes, Stack size 24 bytes, sca_protocol.o(.text))
<BR><BR>[Stack]<UL><LI>Max Depth = 24<LI>Call Chain = canTransmit
</UL>
<BR>[Called By]<UL><LI><a href="#[11b]">&gt;&gt;</a>&nbsp;&nbsp;&nbsp;SCA_Write_5
<LI><a href="#[ee]">&gt;&gt;</a>&nbsp;&nbsp;&nbsp;SCA_Write_4
<LI><a href="#[f0]">&gt;&gt;</a>&nbsp;&nbsp;&nbsp;SCA_Write_3
<LI><a href="#[fd]">&gt;&gt;</a>&nbsp;&nbsp;&nbsp;SCA_Write_2
<LI><a href="#[eb]">&gt;&gt;</a>&nbsp;&nbsp;&nbsp;SCA_Write_1
<LI><a href="#[b9]">&gt;&gt;</a>&nbsp;&nbsp;&nbsp;SCA_Read
</UL>

<P><STRONG><a name="[121]"></a>R1dataProcess</STRONG> (Thumb, 134 bytes, Stack size 0 bytes, sca_protocol.o(.text))
<BR><BR>[Called By]<UL><LI><a href="#[a7]">&gt;&gt;</a>&nbsp;&nbsp;&nbsp;canDispatch
</UL>

<P><STRONG><a name="[11e]"></a>R2dataProcess</STRONG> (Thumb, 304 bytes, Stack size 12 bytes, sca_protocol.o(.text))
<BR><BR>[Stack]<UL><LI>Max Depth = 12<LI>Call Chain = R2dataProcess
</UL>
<BR>[Calls]<UL><LI><a href="#[11f]">&gt;&gt;</a>&nbsp;&nbsp;&nbsp;warnBitAnaly
</UL>
<BR>[Called By]<UL><LI><a href="#[a7]">&gt;&gt;</a>&nbsp;&nbsp;&nbsp;canDispatch
</UL>

<P><STRONG><a name="[122]"></a>R3dataProcess</STRONG> (Thumb, 692 bytes, Stack size 8 bytes, sca_protocol.o(.text))
<BR><BR>[Stack]<UL><LI>Max Depth = 8<LI>Call Chain = R3dataProcess
</UL>
<BR>[Called By]<UL><LI><a href="#[a7]">&gt;&gt;</a>&nbsp;&nbsp;&nbsp;canDispatch
</UL>

<P><STRONG><a name="[123]"></a>R4dataProcess</STRONG> (Thumb, 124 bytes, Stack size 8 bytes, sca_protocol.o(.text))
<BR><BR>[Stack]<UL><LI>Max Depth = 8<LI>Call Chain = R4dataProcess
</UL>
<BR>[Called By]<UL><LI><a href="#[a7]">&gt;&gt;</a>&nbsp;&nbsp;&nbsp;canDispatch
</UL>

<P><STRONG><a name="[124]"></a>R5dataProcess</STRONG> (Thumb, 24 bytes, Stack size 0 bytes, sca_protocol.o(.text))
<BR><BR>[Called By]<UL><LI><a href="#[a7]">&gt;&gt;</a>&nbsp;&nbsp;&nbsp;canDispatch
</UL>

<P><STRONG><a name="[120]"></a>WriteDataProcess</STRONG> (Thumb, 706 bytes, Stack size 8 bytes, sca_protocol.o(.text))
<BR><BR>[Stack]<UL><LI>Max Depth = 8<LI>Call Chain = WriteDataProcess
</UL>
<BR>[Calls]<UL><LI><a href="#[11f]">&gt;&gt;</a>&nbsp;&nbsp;&nbsp;warnBitAnaly
</UL>
<BR>[Called By]<UL><LI><a href="#[a7]">&gt;&gt;</a>&nbsp;&nbsp;&nbsp;canDispatch
</UL>

<P><STRONG><a name="[148]"></a>CheckITStatus</STRONG> (Thumb, 18 bytes, Stack size 0 bytes, stm32f4xx_can.o(.text), UNUSED)
<BR><BR>[Called By]<UL><LI><a href="#[147]">&gt;&gt;</a>&nbsp;&nbsp;&nbsp;CAN_GetITStatus
</UL>

<P><STRONG><a name="[151]"></a>TI4_Config</STRONG> (Thumb, 80 bytes, Stack size 20 bytes, stm32f4xx_tim.o(.text), UNUSED)
<BR><BR>[Called By]<UL><LI><a href="#[14a]">&gt;&gt;</a>&nbsp;&nbsp;&nbsp;TIM_ICInit
</UL>

<P><STRONG><a name="[14f]"></a>TI3_Config</STRONG> (Thumb, 72 bytes, Stack size 20 bytes, stm32f4xx_tim.o(.text), UNUSED)
<BR><BR>[Called By]<UL><LI><a href="#[14a]">&gt;&gt;</a>&nbsp;&nbsp;&nbsp;TIM_ICInit
</UL>

<P><STRONG><a name="[14d]"></a>TI2_Config</STRONG> (Thumb, 90 bytes, Stack size 20 bytes, stm32f4xx_tim.o(.text), UNUSED)
<BR><BR>[Called By]<UL><LI><a href="#[156]">&gt;&gt;</a>&nbsp;&nbsp;&nbsp;TIM_TIxExternalClockConfig
<LI><a href="#[153]">&gt;&gt;</a>&nbsp;&nbsp;&nbsp;TIM_PWMIConfig
<LI><a href="#[14a]">&gt;&gt;</a>&nbsp;&nbsp;&nbsp;TIM_ICInit
</UL>

<P><STRONG><a name="[14b]"></a>TI1_Config</STRONG> (Thumb, 58 bytes, Stack size 20 bytes, stm32f4xx_tim.o(.text), UNUSED)
<BR><BR>[Called By]<UL><LI><a href="#[156]">&gt;&gt;</a>&nbsp;&nbsp;&nbsp;TIM_TIxExternalClockConfig
<LI><a href="#[153]">&gt;&gt;</a>&nbsp;&nbsp;&nbsp;TIM_PWMIConfig
<LI><a href="#[14a]">&gt;&gt;</a>&nbsp;&nbsp;&nbsp;TIM_ICInit
</UL>

<P><STRONG><a name="[6d]"></a>_printf_input_char</STRONG> (Thumb, 10 bytes, Stack size 0 bytes, _printf_char_common.o(.text))
<BR>[Address Reference Count : 1]<UL><LI> _printf_char_common.o(.text)
</UL><P>
<H3>
Undefined Global Symbols
</H3><HR></body></html>
