Component: ARM Compiler 5.06 update 4 (build 422) Tool: armlink [4d35d2]

==============================================================================

Section Cross References

    main.o(.text) refers to _printf_percent.o(.ARM.Collect$$_printf_percent$$00000000) for _printf_percent
    main.o(.text) refers to _printf_f.o(.ARM.Collect$$_printf_percent$$00000003) for _printf_f
    main.o(.text) refers to printf1.o(x$fpl$printf1) for _printf_fp_dec
    main.o(.text) refers to cosf.o(i.__hardfp_cosf) for __hardfp_cosf
    main.o(.text) refers to sinf.o(i.__hardfp_sinf) for __hardfp_sinf
    main.o(.text) refers to main.o(.bss) for r1_0
    main.o(.text) refers to sca_api.o(.text) for getInstance
    main.o(.text) refers to stm32f4xx_tim.o(.text) for TIM_Cmd
    main.o(.text) refers to main.o(.data) for if_error
    main.o(.text) refers to timer.o(.data) for timeout_flag
    main.o(.text) refers to noretval__2printf.o(.text) for __2printf
    main.o(.text) refers to atan2f.o(i.__hardfp_atan2f) for __hardfp_atan2f
    main.o(.text) refers to f2d.o(x$fpl$f2d) for __aeabi_f2d
    main.o(.text) refers to sca_app.o(.text) for SCA_Lookup
    main.o(.text) refers to delay.o(.text) for delay_ms
    main.o(.text) refers to dleqf.o(x$fpl$dleqf) for __aeabi_cdcmple
    main.o(.text) refers to bsp.o(.text) for BSP_Init
    main.o(.text) refers to timer.o(.text) for TIM2_init
    system_stm32f4xx.o(.text) refers to system_stm32f4xx.o(.data) for SystemCoreClock
    bsp.o(.text) refers to stm32f4xx_rcc.o(.text) for RCC_AHB1PeriphClockCmd
    bsp.o(.text) refers to stm32f4xx_gpio.o(.text) for GPIO_Init
    bsp.o(.text) refers to misc.o(.text) for NVIC_PriorityGroupConfig
    bsp.o(.text) refers to delay.o(.text) for delay_init
    bsp.o(.text) refers to usart.o(.text) for uart_init
    bsp.o(.text) refers to bsp_can.o(.text) for CAN1_Initializes
    bsp_can.o(.text) refers to stm32f4xx_rcc.o(.text) for RCC_APB1PeriphClockCmd
    bsp_can.o(.text) refers to stm32f4xx_gpio.o(.text) for GPIO_Init
    bsp_can.o(.text) refers to stm32f4xx_can.o(.text) for CAN_Init
    bsp_can.o(.text) refers to misc.o(.text) for NVIC_Init
    bsp_can.o(.text) refers to sca_protocol.o(.text) for canDispatch
    sca_app.o(.text) refers to sca_api.o(.text) for lookupActuators
    sca_app.o(.text) refers to delay.o(.text) for delay_ms
    sca_app.o(.text) refers to sca_app.o(.data) for CAN_Port1
    sca_app.o(.text) refers to bsp_can.o(.text) for CAN1_Send_Msg
    sca_api.o(.text) refers to _printf_percent.o(.ARM.Collect$$_printf_percent$$00000000) for _printf_percent
    sca_api.o(.text) refers to _printf_d.o(.ARM.Collect$$_printf_percent$$00000009) for _printf_d
    sca_api.o(.text) refers to _printf_dec.o(.text) for _printf_int_dec
    sca_api.o(.text) refers to sca_protocol.o(.text) for SCA_Read
    sca_api.o(.text) refers to delay.o(.text) for delay_us
    sca_api.o(.text) refers to rt_memcpy_w.o(.text) for __aeabi_memcpy4
    sca_api.o(.text) refers to noretval__2printf.o(.text) for __2printf
    sca_api.o(.text) refers to rt_memclr_w.o(.text) for __aeabi_memclr4
    sca_api.o(.text) refers to sca_api.o(.bss) for SCA_Handler_List
    sca_api.o(.text) refers to main.o(.data) for total_motor_number
    sca_api.o(.text) refers to sca_api.o(.conststring) for .conststring
    sca_api.o(.text) refers to sca_api.o(.data) for i
    sca_protocol.o(.text) refers to sca_api.o(.text) for getInstance
    delay.o(.text) refers to misc.o(.text) for SysTick_CLKSourceConfig
    delay.o(.text) refers to delay.o(.data) for fac_us
    usart.o(.rev16_text) refers (Special) to use_no_semi_2.o(.text) for __use_no_semihosting
    usart.o(.revsh_text) refers (Special) to use_no_semi_2.o(.text) for __use_no_semihosting
    usart.o(.text) refers (Special) to use_no_semi_2.o(.text) for __use_no_semihosting
    usart.o(.text) refers to stm32f4xx_rcc.o(.text) for RCC_AHB1PeriphClockCmd
    usart.o(.text) refers to stm32f4xx_gpio.o(.text) for GPIO_PinAFConfig
    usart.o(.text) refers to stm32f4xx_usart.o(.text) for USART_Init
    usart.o(.text) refers to misc.o(.text) for NVIC_Init
    usart.o(.text) refers to main.o(.data) for cmd
    usart.o(.data) refers (Special) to use_no_semi_2.o(.text) for __use_no_semihosting
    timer.o(.text) refers to stm32f4xx_rcc.o(.text) for RCC_APB1PeriphClockCmd
    timer.o(.text) refers to stm32f4xx_tim.o(.text) for TIM_TimeBaseInit
    timer.o(.text) refers to misc.o(.text) for NVIC_Init
    timer.o(.text) refers to noretval__2printf.o(.text) for __2printf
    timer.o(.text) refers to sca_api.o(.text) for getInstance
    timer.o(.text) refers to f2d.o(x$fpl$f2d) for __aeabi_f2d
    timer.o(.text) refers to drleqf.o(x$fpl$drleqf) for __aeabi_cdrcmple
    timer.o(.text) refers to main.o(.text) for motor_act
    timer.o(.text) refers to main.o(.data) for total_motor_number
    timer.o(.text) refers to timer.o(.data) for timeout_flag
    timer.o(.text) refers to main.o(.bss) for mp
[...]
    $v0                                      0x08009ed8   Number         0  dcmpi.o(x$fpl$dcmpinf)
    x$fpl$dleqf                              0x08009ef0   Section      120  dleqf.o(x$fpl$dleqf)
    $v0                                      0x08009ef0   Number         0  dleqf.o(x$fpl$dleqf)
    x$fpl$dnaninf                            0x08009f68   Section      156  dnaninf.o(x$fpl$dnaninf)
    $v0                                      0x08009f68   Number         0  dnaninf.o(x$fpl$dnaninf)
    x$fpl$dretinf                            0x0800a004   Section       12  dretinf.o(x$fpl$dretinf)
    $v0                                      0x0800a004   Number         0  dretinf.o(x$fpl$dretinf)
    x$fpl$drleqf                             0x0800a010   Section      108  drleqf.o(x$fpl$drleqf)
    $v0                                      0x0800a010   Number         0  drleqf.o(x$fpl$drleqf)
    x$fpl$f2d                                0x0800a07c   Section       86  f2d.o(x$fpl$f2d)
    $v0                                      0x0800a07c   Number         0  f2d.o(x$fpl$f2d)
    x$fpl$fnaninf                            0x0800a0d2   Section      140  fnaninf.o(x$fpl$fnaninf)
    $v0                                      0x0800a0d2   Number         0  fnaninf.o(x$fpl$fnaninf)
    x$fpl$fpinit                             0x0800a15e   Section       10  fpinit.o(x$fpl$fpinit)
    $v0                                      0x0800a15e   Number         0  fpinit.o(x$fpl$fpinit)
    x$fpl$printf1                            0x0800a168   Section        4  printf1.o(x$fpl$printf1)
    $v0                                      0x0800a168   Number         0  printf1.o(x$fpl$printf1)
    .constdata                               0x0800a16c   Section       32  rredf.o(.constdata)
    x$fpl$usenofp                            0x0800a16c   Section        0  usenofp.o(x$fpl$usenofp)
    twooverpi                                0x0800a16c   Data          32  rredf.o(.constdata)
    .constdata                               0x0800a18c   Section      148  bigflt0.o(.constdata)
    tenpwrs_x                                0x0800a18c   Data          60  bigflt0.o(.constdata)
    tenpwrs_i                                0x0800a1c8   Data          64  bigflt0.o(.constdata)
    .conststring                             0x0800a220   Section       95  sca_api.o(.conststring)
    locale$$data                             0x0800a2a0   Section       28  lc_numeric_c.o(locale$$data)
    __lcnum_c_name                           0x0800a2a4   Data           2  lc_numeric_c.o(locale$$data)
    __lcnum_c_start                          0x0800a2ac   Data           0  lc_numeric_c.o(locale$$data)
    __lcnum_c_point                          0x0800a2b8   Data           0  lc_numeric_c.o(locale$$data)
    __lcnum_c_thousands                      0x0800a2ba   Data           0  lc_numeric_c.o(locale$$data)
    __lcnum_c_grouping                       0x0800a2bb   Data           0  lc_numeric_c.o(locale$$data)
    __lcnum_c_end                            0x0800a2bc   Data           0  lc_numeric_c.o(locale$$data)
    .data                                    0x20000000   Section       32  main.o(.data)
    .data                                    0x20000020   Section       20  system_stm32f4xx.o(.data)
    .data                                    0x20000034   Section       24  sca_app.o(.data)
    .data                                    0x2000004c   Section        4  sca_api.o(.data)
    i                                        0x2000004c   Data           4  sca_api.o(.data)
    .data                                    0x20000050   Section        4  delay.o(.data)
    fac_us                                   0x20000050   Data           1  delay.o(.data)
    fac_ms                                   0x20000052   Data           2  delay.o(.data)
    .data                                    0x20000054   Section        4  usart.o(.data)
    .data                                    0x20000058   Section        1  timer.o(.data)
    .data                                    0x20000059   Section       16  stm32f4xx_rcc.o(.data)
    APBAHBPrescTable                         0x20000059   Data          16  stm32f4xx_rcc.o(.data)
    .bss                                     0x2000006c   Section      312  main.o(.bss)
    .bss                                     0x200001a4   Section     1568  sca_api.o(.bss)
    .bss                                     0x200007c4   Section       96  libspace.o(.bss)
    HEAP                                     0x20000828   Section      512  startup_stm32f429_439xx.o(HEAP)
    Heap_Mem                                 0x20000828   Data         512  startup_stm32f429_439xx.o(HEAP)
    STACK                                    0x20000a28   Section     1024  startup_stm32f429_439xx.o(STACK)
    Stack_Mem                                0x20000a28   Data        1024  startup_stm32f429_439xx.o(STACK)
    __initial_sp                             0x20000e28   Data           0  startup_stm32f429_439xx.o(STACK)

    Global Symbols

    Symbol Name                              Value     Ov Type        Size  Object(Section)

    BuildAttributes$$THM_ISAv4$E$P$D$K$B$S$7EM$VFPi3$EXTD16$VFPS$VFMA$PE$A:L22UL41UL21$X:L11$S22US41US21$IEEE1$IW$USESV6$~STKCKD$USESV7$~SHL$OTIME$ROPI$IEEEX$EBA8$UX$STANDARDLIB$REQ8$PRES8$EABIv2 0x00000000   Number         0  anon$$obj.o ABSOLUTE
    __ARM_use_no_argv                        0x00000000   Number         0  main.o ABSOLUTE
    __ARM_exceptions_init                     - Undefined Weak Reference
    __alloca_initialize                       - Undefined Weak Reference
    __arm_preinit_                            - Undefined Weak Reference
    __cpp_initialize__aeabi_                  - Undefined Weak Reference
    __cxa_finalize                            - Undefined Weak Reference
    __sigvec_lookup                           - Undefined Weak Reference
    _atexit_init                              - Undefined Weak Reference
    _call_atexit_fns                          - Undefined Weak Reference
    _clock_init                               - Undefined Weak Reference
    _fp_trap_init                             - Undefined Weak Reference
    _fp_trap_shutdown                         - Undefined Weak Reference
    _get_lc_collate                           - Undefined Weak Reference
    _get_lc_ctype                             - Undefined Weak Reference
    _get_lc_monetary                          - Undefined Weak Reference
    _get_lc_time                              - Undefined Weak Reference
    _getenv_init                              - Undefined Weak Reference
    _handle_redirection                       - Undefined Weak Reference
    _init_alloc                               - Undefined Weak Reference
    _init_user_alloc                          - Undefined Weak Reference
    _initio                                   - Undefined Weak Reference
    _mutex_acquire                            - Undefined Weak Reference
    _mutex_release                            - Undefined Weak Reference
    _printf_post_padding                      - Undefined Weak Reference
    _printf_pre_padding                       - Undefined Weak Reference
    _printf_truncate_signed                   - Undefined Weak Reference
    _printf_truncate_unsigned                 - Undefined Weak Reference
    _rand_init                                - Undefined Weak Reference
    _signal_finish                            - Undefined Weak Reference
    _signal_init                              - Undefined Weak Reference
    _terminate_alloc                          - Undefined Weak Reference
    _terminate_user_alloc                     - Undefined Weak Reference
    _terminateio                              - Undefined Weak Reference
    __Vectors_Size                           0x000001ac   Number         0  startup_stm32f429_439xx.o ABSOLUTE
    __Vectors                                0x08000000   Data           4  startup_stm32f429_439xx.o(RESET)
    __Vectors_End                            0x080001ac   Data           0  startup_stm32f429_439xx.o(RESET)
    __main                                   0x080001ad   Thumb Code     8  __main.o(!!!main)
    __scatterload                            0x080001b5   Thumb Code     0  __scatter.o(!!!scatter)
    __scatterload_rt2                        0x080001b5   Thumb Code    44  __scatter.o(!!!scatter)
    __scatterload_rt2_thumb_only             0x080001b5   Thumb Code     0  __scatter.o(!!!scatter)
    __scatterload_null                       0x080001c3   Thumb Code     0  __scatter.o(!!!scatter)
    __scatterload_copy                       0x080001e9   Thumb Code    26  __scatter_copy.o(!!handler_copy)
    __scatterload_zeroinit                   0x08000205   Thumb Code    28  __scatter_zi.o(!!handler_zi)
    _printf_f                                0x08000221   Thumb Code     0  _printf_f.o(.ARM.Collect$$_printf_percent$$00000003)
    _printf_percent                          0x08000221   Thumb Code     0  _printf_percent.o(.ARM.Collect$$_printf_percent$$00000000)
    _printf_d                                0x08000227   Thumb Code     0  _printf_d.o(.ARM.Collect$$_printf_percent$$00000009)
    _printf_percent_end                      0x0800022d   Thumb Code     0  _printf_percent_end.o(.ARM.Collect$$_printf_percent$$00000017)
    __rt_lib_init                            0x08000231   Thumb Code     0  libinit.o(.ARM.Collect$$libinit$$00000000)
    __rt_lib_init_fp_1                       0x08000233   Thumb Code     0  libinit2.o(.ARM.Collect$$libinit$$00000001)
    __rt_lib_init_heap_1                     0x08000237   Thumb Code     0  libinit2.o(.ARM.Collect$$libinit$$0000000A)
    __rt_lib_init_lc_common                  0x08000237   Thumb Code     0  libinit2.o(.ARM.Collect$$libinit$$0000000F)
    __rt_lib_init_preinit_1                  0x08000237   Thumb Code     0  libinit2.o(.ARM.Collect$$libinit$$00000004)
    __rt_lib_init_rand_1                     0x08000237   Thumb Code     0  libinit2.o(.ARM.Collect$$libinit$$0000000E)
    __rt_lib_init_user_alloc_1               0x08000237   Thumb Code     0  libinit2.o(.ARM.Collect$$libinit$$0000000C)
    __rt_lib_init_lc_collate_1               0x0800023d   Thumb Code     0  libinit2.o(.ARM.Collect$$libinit$$00000011)
    __rt_lib_init_lc_ctype_1                 0x0800023d   Thumb Code     0  libinit2.o(.ARM.Collect$$libinit$$00000013)
    __rt_lib_init_lc_monetary_1              0x0800023d   Thumb Code     0  libinit2.o(.ARM.Collect$$libinit$$00000015)
    __rt_lib_init_lc_numeric_2               0x0800023d   Thumb Code     0  libinit2.o(.ARM.Collect$$libinit$$00000016)
    __rt_lib_init_alloca_1                   0x08000247   Thumb Code     0  libinit2.o(.ARM.Collect$$libinit$$0000002E)
    __rt_lib_init_argv_1                     0x08000247   Thumb Code     0  libinit2.o(.ARM.Collect$$libinit$$0000002C)
    __rt_lib_init_atexit_1                   0x08000247   Thumb Code     0  libinit2.o(.ARM.Collect$$libinit$$0000001B)
    __rt_lib_init_clock_1                    0x08000247   Thumb Code     0  libinit2.o(.ARM.Collect$$libinit$$00000021)
    __rt_lib_init_cpp_1                      0x08000247   Thumb Code     0  libinit2.o(.ARM.Collect$$libinit$$00000032)
    __rt_lib_init_exceptions_1               0x08000247   Thumb Code     0  libinit2.o(.ARM.Collect$$libinit$$00000030)
    __rt_lib_init_fp_trap_1                  0x08000247   Thumb Code     0  libinit2.o(.ARM.Collect$$libinit$$0000001F)
    __rt_lib_init_getenv_1                   0x08000247   Thumb Code     0  libinit2.o(.ARM.Collect$$libinit$$00000023)
    __rt_lib_init_lc_numeric_1               0x08000247   Thumb Code     0  libinit2.o(.ARM.Collect$$libinit$$00000017)
    __rt_lib_init_lc_time_1                  0x08000247   Thumb Code     0  libinit2.o(.ARM.Collect$$libinit$$00000019)
    __rt_lib_init_return                     0x08000247   Thumb Code     0  libinit2.o(.ARM.Collect$$libinit$$00000033)
    __rt_lib_init_signal_1                   0x08000247   Thumb Code     0  libinit2.o(.ARM.Collect$$libinit$$0000001D)
    __rt_lib_init_stdio_1                    0x08000247   Thumb Code     0  libinit2.o(.ARM.Collect$$libinit$$00000025)
    __rt_lib_shutdown                        0x08000249   Thumb Code     0  libshutdown.o(.ARM.Collect$$libshutdown$$00000000)
    __rt_lib_shutdown_cpp_1                  0x0800024b   Thumb Code     0  libshutdown2.o(.ARM.Collect$$libshutdown$$00000002)
    __rt_lib_shutdown_fp_trap_1              0x0800024b   Thumb Code     0  libshutdown2.o(.ARM.Collect$$libshutdown$$00000007)
    __rt_lib_shutdown_heap_1                 0x0800024b   Thumb Code     0  libshutdown2.o(.ARM.Collect$$libshutdown$$0000000F)
    __rt_lib_shutdown_return                 0x0800024b   Thumb Code     0  libshutdown2.o(.ARM.Collect$$libshutdown$$00000010)
    __rt_lib_shutdown_signal_1               0x0800024b   Thumb Code     0  libshutdown2.o(.ARM.Collect$$libshutdown$$0000000A)
    __rt_lib_shutdown_stdio_1                0x0800024b   Thumb Code     0  libshutdown2.o(.ARM.Collect$$libshutdown$$00000004)
    __rt_lib_shutdown_user_alloc_1           0x0800024b   Thumb Code     0  libshutdown2.o(.ARM.Collect$$libshutdown$$0000000C)
    __rt_entry                               0x0800024d   Thumb Code     0  __rtentry.o(.ARM.Collect$$rtentry$$00000000)
    __rt_entry_presh_1                       0x0800024d   Thumb Code     0  __rtentry2.o(.ARM.Collect$$rtentry$$00000002)
    __rt_entry_sh                            0x0800024d   Thumb Code     0  __rtentry4.o(.ARM.Collect$$rtentry$$00000004)
    __rt_entry_li                            0x08000253   Thumb Code     0  __rtentry2.o(.ARM.Collect$$rtentry$$0000000A)
    __rt_entry_postsh_1                      0x08000253   Thumb Code     0  __rtentry2.o(.ARM.Collect$$rtentry$$00000009)
    __rt_entry_main                          0x08000257   Thumb Code     0  __rtentry2.o(.ARM.Collect$$rtentry$$0000000D)
    __rt_entry_postli_1                      0x08000257   Thumb Code     0  __rtentry2.o(.ARM.Collect$$rtentry$$0000000C)
    __rt_exit                                0x0800025f   Thumb Code     0  rtexit.o(.ARM.Collect$$rtexit$$00000000)
    __rt_exit_ls                             0x08000261   Thumb Code     0  rtexit2.o(.ARM.Collect$$rtexit$$00000003)
    __rt_exit_prels_1                        0x08000261   Thumb Code     0  rtexit2.o(.ARM.Collect$$rtexit$$00000002)
    __rt_exit_exit                           0x08000265   Thumb Code     0  rtexit2.o(.ARM.Collect$$rtexit$$00000004)
    calculate_r_1_0                          0x0800026d   Thumb Code   170  main.o(.text)
    calculate_r_2_0                          0x08000317   Thumb Code   456  main.o(.text)
    calculate_r_3_0                          0x080004df   Thumb Code   488  main.o(.text)
    calculate_r_4_0                          0x080006c7   Thumb Code   488  main.o(.text)
    motor_parameter_init                     0x080008af   Thumb Code   172  main.o(.text)
    calculate_position_xyz                   0x0800095b   Thumb Code   602  main.o(.text)
    motor_act                                0x08000bb5   Thumb Code   162  main.o(.text)
    update_status                            0x08000c57   Thumb Code    84  main.o(.text)
    motor_act_position                       0x08000cab   Thumb Code   180  main.o(.text)
    angle_act_position                       0x08000d5f   Thumb Code   200  main.o(.text)
    position_2_angle                         0x08000e27   Thumb Code   226  main.o(.text)
    calculate_inverse                        0x08000f09   Thumb Code   196  main.o(.text)
    main                                     0x080017fb   Thumb Code   290  main.o(.text)
    NMI_Handler                              0x08001921   Thumb Code     2  stm32f4xx_it.o(.text)
    HardFault_Handler                        0x08001923   Thumb Code     4  stm32f4xx_it.o(.text)
    MemManage_Handler                        0x08001927   Thumb Code     4  stm32f4xx_it.o(.text)
    BusFault_Handler                         0x0800192b   Thumb Code     4  stm32f4xx_it.o(.text)
    UsageFault_Handler                       0x0800192f   Thumb Code     4  stm32f4xx_it.o(.text)
    SVC_Handler                              0x08001933   Thumb Code     2  stm32f4xx_it.o(.text)
    DebugMon_Handler                         0x08001935   Thumb Code     2  stm32f4xx_it.o(.text)
    PendSV_Handler                           0x08001937   Thumb Code     2  stm32f4xx_it.o(.text)
    SysTick_Handler                          0x08001939   Thumb Code     2  stm32f4xx_it.o(.text)
    SystemInit                               0x08001a4d   Thumb Code    88  system_stm32f4xx.o(.text)
    SystemCoreClockUpdate                    0x08001aa5   Thumb Code   174  system_stm32f4xx.o(.text)
    LED_Init                                 0x08001b81   Thumb Code    56  bsp.o(.text)
    BSP_Init                                 0x08001bb9   Thumb Code    38  bsp.o(.text)
    CAN1_Initializes                         0x08001be5   Thumb Code   232  bsp_can.o(.text)
    CAN1_RX0_IRQHandler                      0x08001ccd   Thumb Code    24  bsp_can.o(.text)
    CAN1_Send_Msg                            0x08001ce5   Thumb Code   138  bsp_can.o(.text)
    CAN1_Receive_Msg                         0x08001d6f   Thumb Code    32  bsp_can.o(.text)
    CAN2_Initializes                         0x08001d8f   Thumb Code   238  bsp_can.o(.text)
    CAN2_RX1_IRQHandler                      0x08001e7d   Thumb Code    24  bsp_can.o(.text)
    CAN2_Send_Msg                            0x08001e95   Thumb Code   138  bsp_can.o(.text)
    CAN2_Receive_Msg                         0x08001f1f   Thumb Code    32  bsp_can.o(.text)
    SCA_Lookup                               0x08001f51   Thumb Code    24  sca_app.o(.text)
    SCA_Init                                 0x08001f69   Thumb Code    62  sca_app.o(.text)
    SCA_Homing                               0x08001fa7   Thumb Code   190  sca_app.o(.text)
    SCA_Exp1                                 0x08002065   Thumb Code   154  sca_app.o(.text)
    SCA_Exp2                                 0x080020ff   Thumb Code   192  sca_app.o(.text)
    getInstance                              0x080021e5   Thumb Code    50  sca_api.o(.text)
    isOnline                                 0x08002217   Thumb Code    94  sca_api.o(.text)
    lookupActuators                          0x08002275   Thumb Code    98  sca_api.o(.text)
    setupActuators                           0x080022d7   Thumb Code    62  sca_api.o(.text)
    resetController                          0x08002315   Thumb Code   138  sca_api.o(.text)
    isEnable                                 0x0800239f   Thumb Code    96  sca_api.o(.text)
    isUpdate                                 0x080023ff   Thumb Code    30  sca_api.o(.text)
    getInverterRecoveryTemperature           0x0800241d   Thumb Code   100  sca_api.o(.text)
    getInverterProtectedTemperature          0x08002481   Thumb Code   100  sca_api.o(.text)
    getMotorRecoveryTemperature              0x080024e5   Thumb Code   100  sca_api.o(.text)
    getMotorProtectedTemperature             0x08002549   Thumb Code   100  sca_api.o(.text)
    getInverterTemperature                   0x080025ad   Thumb Code   182  sca_api.o(.text)
    getMotorTemperature                      0x08002663   Thumb Code   100  sca_api.o(.text)
    getLockEnergy                            0x080026c7   Thumb Code   100  sca_api.o(.text)
    getVoltage                               0x0800272b   Thumb Code   100  sca_api.o(.text)
    getCurrentLimit                          0x0800278f   Thumb Code   100  sca_api.o(.text)
    getCurrentCutoffFrequency                0x080027f3   Thumb Code   100  sca_api.o(.text)
    isCurrentFilterEnable                    0x08002857   Thumb Code    96  sca_api.o(.text)
    getCurrentKi                             0x080028b7   Thumb Code   100  sca_api.o(.text)
    getCurrentKp                             0x0800291b   Thumb Code   100  sca_api.o(.text)
    getProfileVelocityMaxVelocity            0x0800297f   Thumb Code   100  sca_api.o(.text)
    getProfileVelocityDeceleration           0x080029e3   Thumb Code   100  sca_api.o(.text)
    getProfileVelocityAcceleration           0x08002a47   Thumb Code   100  sca_api.o(.text)
    getVelocityLimit                         0x08002aab   Thumb Code   100  sca_api.o(.text)
    getVelocityCutoffFrequency               0x08002b0f   Thumb Code   100  sca_api.o(.text)
    isVelocityFilterEnable                   0x08002b73   Thumb Code    96  sca_api.o(.text)
    getVelocityUmin                          0x08002bd3   Thumb Code   100  sca_api.o(.text)
    getVelocityUmax                          0x08002c37   Thumb Code   100  sca_api.o(.text)
    getVelocityKi                            0x08002c9b   Thumb Code   100  sca_api.o(.text)
    getVelocityKp                            0x08002cff   Thumb Code   100  sca_api.o(.text)
    getProfilePositionMaxVelocity            0x08002d63   Thumb Code   100  sca_api.o(.text)
    getProfilePositionDeceleration           0x08002dc7   Thumb Code   100  sca_api.o(.text)
    getProfilePositionAcceleration           0x08002e2b   Thumb Code   100  sca_api.o(.text)
    getPositionCutoffFrequency               0x08002e8f   Thumb Code   100  sca_api.o(.text)
    isPositionFilterEnable                   0x08002ef3   Thumb Code    96  sca_api.o(.text)
    isPositionLimitEnable                    0x08002f53   Thumb Code    96  sca_api.o(.text)
    getMinimumPosition                       0x08002fb3   Thumb Code   100  sca_api.o(.text)
    getMaximumPosition                       0x08003017   Thumb Code   100  sca_api.o(.text)
    getPositionOffset                        0x0800307b   Thumb Code   100  sca_api.o(.text)
    getPositionUmin                          0x080030df   Thumb Code   100  sca_api.o(.text)
    getPositionUmax                          0x08003143   Thumb Code   100  sca_api.o(.text)
    getPositionKi                            0x080031a7   Thumb Code   100  sca_api.o(.text)
    getPositionKp                            0x0800320b   Thumb Code   100  sca_api.o(.text)
    getActuatorMode                          0x0800326f   Thumb Code    96  sca_api.o(.text)
    requestCVPValue                          0x080032cf   Thumb Code   100  sca_api.o(.text)
    getErrorCode                             0x08003333   Thumb Code   100  sca_api.o(.text)
    regainAttrbute                           0x08003397   Thumb Code   320  sca_api.o(.text)
    getCurrentRange                          0x080034d7   Thumb Code   100  sca_api.o(.text)
    getActuatorLastState                     0x0800353b   Thumb Code    96  sca_api.o(.text)
    getActuatorSerialNumber                  0x0800359b   Thumb Code   100  sca_api.o(.text)
    enableActuator                           0x080035ff   Thumb Code   194  sca_api.o(.text)
    enableAllActuators                       0x080036c1   Thumb Code    34  sca_api.o(.text)
    disableActuator                          0x080036e3   Thumb Code   110  sca_api.o(.text)
    disableAllActuators                      0x08003751   Thumb Code    34  sca_api.o(.text)
    activateActuatorMode                     0x08003773   Thumb Code   116  sca_api.o(.text)
    clearError                               0x080037e7   Thumb Code    96  sca_api.o(.text)
    saveAllParams                            0x08003847   Thumb Code    96  sca_api.o(.text)
    setPosition                              0x080038a7   Thumb Code    46  sca_api.o(.text)
    setPositionFast                          0x080038d5   Thumb Code    30  sca_api.o(.text)
    getPosition                              0x080038f3   Thumb Code   100  sca_api.o(.text)
    getPositionFast                          0x08003957   Thumb Code    84  sca_api.o(.text)
    setPositionKp                            0x080039ab   Thumb Code   120  sca_api.o(.text)
    setPositionKi                            0x08003a23   Thumb Code   252  sca_api.o(.text)
    setPositionUmax                          0x08003b1f   Thumb Code   120  sca_api.o(.text)
    setPositionUmin                          0x08003b97   Thumb Code   120  sca_api.o(.text)
    setPositionOffset                        0x08003c0f   Thumb Code   120  sca_api.o(.text)
    setMaximumPosition                       0x08003c87   Thumb Code   120  sca_api.o(.text)
    setMinimumPosition                       0x08003cff   Thumb Code   120  sca_api.o(.text)
    enablePositionLimit                      0x08003d77   Thumb Code   104  sca_api.o(.text)
    setHomingPosition                        0x08003ddf   Thumb Code   120  sca_api.o(.text)
    enablePositionFilter                     0x08003e57   Thumb Code   104  sca_api.o(.text)
    setPositionCutoffFrequency               0x08003ebf   Thumb Code   120  sca_api.o(.text)
    clearHomingInfo                          0x08003f37   Thumb Code   100  sca_api.o(.text)
    setProfilePositionAcceleration           0x08003f9b   Thumb Code   132  sca_api.o(.text)
    setProfilePositionDeceleration           0x0800401f   Thumb Code   132  sca_api.o(.text)
    setProfilePositionMaxVelocity            0x080040a3   Thumb Code   132  sca_api.o(.text)
    setVelocity                              0x08004127   Thumb Code    46  sca_api.o(.text)
    setVelocityFast                          0x08004155   Thumb Code    30  sca_api.o(.text)
    getVelocity                              0x08004173   Thumb Code   100  sca_api.o(.text)
    getVelocityFast                          0x080041d7   Thumb Code    84  sca_api.o(.text)
    setVelocityKp                            0x0800422b   Thumb Code   120  sca_api.o(.text)
    setVelocityKi                            0x080042a3   Thumb Code   120  sca_api.o(.text)
    setVelocityUmax                          0x0800431b   Thumb Code   120  sca_api.o(.text)
    setVelocityUmin                          0x08004393   Thumb Code   126  sca_api.o(.text)
    getVelocityRange                         0x08004411   Thumb Code     6  sca_api.o(.text)
    enableVelocityFilter                     0x08004417   Thumb Code   104  sca_api.o(.text)
    setVelocityCutoffFrequency               0x0800447f   Thumb Code   120  sca_api.o(.text)
    setVelocityLimit                         0x080044f7   Thumb Code   120  sca_api.o(.text)
    setProfileVelocityAcceleration           0x0800456f   Thumb Code   132  sca_api.o(.text)
    setProfileVelocityDeceleration           0x080045f3   Thumb Code   132  sca_api.o(.text)
    setProfileVelocityMaxVelocity            0x08004677   Thumb Code   132  sca_api.o(.text)
    setCurrent                               0x080046fb   Thumb Code    46  sca_api.o(.text)
    setCurrentFast                           0x08004729   Thumb Code    30  sca_api.o(.text)
    getCurrent                               0x08004747   Thumb Code   100  sca_api.o(.text)
    getCurrentFast                           0x080047ab   Thumb Code    90  sca_api.o(.text)
    enableCurrentFilter                      0x08004805   Thumb Code   104  sca_api.o(.text)
    setCurrentCutoffFrequency                0x0800486d   Thumb Code   120  sca_api.o(.text)
    setCurrentLimit                          0x080048e5   Thumb Code   120  sca_api.o(.text)
    setLockEnergy                            0x0800495d   Thumb Code   120  sca_api.o(.text)
    setMotorProtectedTemperature             0x080049d5   Thumb Code   120  sca_api.o(.text)
    setMotorRecoveryTemperature              0x08004a4d   Thumb Code   120  sca_api.o(.text)
    setInverterProtectedTemperature          0x08004ac5   Thumb Code   120  sca_api.o(.text)
    setInverterRecoveryTemperature           0x08004b3d   Thumb Code   120  sca_api.o(.text)
    setActuatorID                            0x08004bb5   Thumb Code   116  sca_api.o(.text)
    requestCVPValueFast                      0x08004c29   Thumb Code    84  sca_api.o(.text)
    SCA_Write_1                              0x08004cb5   Thumb Code    28  sca_protocol.o(.text)
    SCA_Write_2                              0x08004cd1   Thumb Code    68  sca_protocol.o(.text)
    SCA_Write_3                              0x08004d15   Thumb Code   168  sca_protocol.o(.text)
    SCA_Write_4                              0x08004dbd   Thumb Code    20  sca_protocol.o(.text)
    SCA_Write_5                              0x08004dd1   Thumb Code    52  sca_protocol.o(.text)
    SCA_Read                                 0x08004e05   Thumb Code    20  sca_protocol.o(.text)
    warnBitAnaly                             0x08004e9f   Thumb Code   338  sca_protocol.o(.text)
    canDispatch                              0x0800572b   Thumb Code   464  sca_protocol.o(.text)
    delay_init                               0x08005909   Thumb Code    52  delay.o(.text)
    delay_us                                 0x0800593d   Thumb Code    72  delay.o(.text)
    delay_xms                                0x08005985   Thumb Code    72  delay.o(.text)
    delay_ms                                 0x080059cd   Thumb Code    56  delay.o(.text)
    _sys_exit                                0x08005a0d   Thumb Code     4  usart.o(.text)
    fputc                                    0x08005a11   Thumb Code    22  usart.o(.text)
    uart_init                                0x08005a27   Thumb Code   172  usart.o(.text)
    USART1_IRQHandler                        0x08005ad3   Thumb Code    30  usart.o(.text)
    USART1_Send                              0x08005af1   Thumb Code    20  usart.o(.text)
    USART1_SendStr                           0x08005b05   Thumb Code    28  usart.o(.text)
    USART1_Read                              0x08005b21   Thumb Code    32  usart.o(.text)
    TIM2_init                                0x08005b4d   Thumb Code    90  timer.o(.text)
    TIM3_init                                0x08005ba7   Thumb Code    80  timer.o(.text)
    TIM4_init                                0x08005bf7   Thumb Code    80  timer.o(.text)
    TIM13_init                               0x08005c47   Thumb Code    80  timer.o(.text)
    TIM14_init                               0x08005c97   Thumb Code    80  timer.o(.text)
    TIM6_init                                0x08005ce7   Thumb Code    80  timer.o(.text)
    TIM_init                                 0x08005d37   Thumb Code   114  timer.o(.text)
    TIM2_IRQHandler                          0x08005da9   Thumb Code    58  timer.o(.text)
    TIM3_IRQHandler                          0x08005de3   Thumb Code   190  timer.o(.text)
    TIM4_IRQHandler                          0x08005ea1   Thumb Code   192  timer.o(.text)
    TIM6_DAC_IRQHandler                      0x08005f61   Thumb Code    20  timer.o(.text)
    TIM8_UP_TIM13_IRQHandler                 0x08005f75   Thumb Code   286  timer.o(.text)
    TIM8_TRG_COM_TIM14_IRQHandler            0x08006093   Thumb Code   194  timer.o(.text)
    Reset_Handler                            0x08006169   Thumb Code     8  startup_stm32f429_439xx.o(.text)
    ADC_IRQHandler                           0x08006183   Thumb Code     0  startup_stm32f429_439xx.o(.text)
    CAN1_RX1_IRQHandler                      0x08006183   Thumb Code     0  startup_stm32f429_439xx.o(.text)
    CAN1_SCE_IRQHandler                      0x08006183   Thumb Code     0  startup_stm32f429_439xx.o(.text)
    CAN1_TX_IRQHandler                       0x08006183   Thumb Code     0  startup_stm32f429_439xx.o(.text)
    CAN2_RX0_IRQHandler                      0x08006183   Thumb Code     0  startup_stm32f429_439xx.o(.text)
    CAN2_SCE_IRQHandler                      0x08006183   Thumb Code     0  startup_stm32f429_439xx.o(.text)
    CAN2_TX_IRQHandler                       0x08006183   Thumb Code     0  startup_stm32f429_439xx.o(.text)
    CRYP_IRQHandler                          0x08006183   Thumb Code     0  startup_stm32f429_439xx.o(.text)
    DCMI_IRQHandler                          0x08006183   Thumb Code     0  startup_stm32f429_439xx.o(.text)
    DMA1_Stream0_IRQHandler                  0x08006183   Thumb Code     0  startup_stm32f429_439xx.o(.text)
    DMA1_Stream1_IRQHandler                  0x08006183   Thumb Code     0  startup_stm32f429_439xx.o(.text)
    DMA1_Stream2_IRQHandler                  0x08006183   Thumb Code     0  startup_stm32f429_439xx.o(.text)
    DMA1_Stream3_IRQHandler                  0x08006183   Thumb Code     0  startup_stm32f429_439xx.o(.text)
    DMA1_Stream4_IRQHandler                  0x08006183   Thumb Code     0  startup_stm32f429_439xx.o(.text)
    DMA1_Stream5_IRQHandler                  0x08006183   Thumb Code     0  startup_stm32f429_439xx.o(.text)
    DMA1_Stream6_IRQHandler                  0x08006183   Thumb Code     0  startup_stm32f429_439xx.o(.text)
    DMA1_Stream7_IRQHandler                  0x08006183   Thumb Code     0  startup_stm32f429_439xx.o(.text)
    DMA2D_IRQHandler                         0x08006183   Thumb Code     0  startup_stm32f429_439xx.o(.text)
    DMA2_Stream0_IRQHandler                  0x08006183   Thumb Code     0  startup_stm32f429_439xx.o(.text)
    DMA2_Stream1_IRQHandler                  0x08006183   Thumb Code     0  startup_stm32f429_439xx.o(.text)
    DMA2_Stream2_IRQHandler                  0x08006183   Thumb Code     0  startup_stm32f429_439xx.o(.text)
    DMA2_Stream3_IRQHandler                  0x08006183   Thumb Code     0  startup_stm32f429_439xx.o(.text)
    DMA2_Stream4_IRQHandler                  0x08006183   Thumb Code     0  startup_stm32f429_439xx.o(.text)
    DMA2_Stream5_IRQHandler                  0x08006183   Thumb Code     0  startup_stm32f429_439xx.o(.text)
    DMA2_Stream6_IRQHandler                  0x08006183   Thumb Code     0  startup_stm32f429_439xx.o(.text)
    DMA2_Stream7_IRQHandler                  0x08006183   Thumb Code     0  startup_stm32f429_439xx.o(.text)
    ETH_IRQHandler                           0x08006183   Thumb Code     0  startup_stm32f429_439xx.o(.text)
    ETH_WKUP_IRQHandler                      0x08006183   Thumb Code     0  startup_stm32f429_439xx.o(.text)
    EXTI0_IRQHandler                         0x08006183   Thumb Code     0  startup_stm32f429_439xx.o(.text)
    EXTI15_10_IRQHandler                     0x08006183   Thumb Code     0  startup_stm32f429_439xx.o(.text)
    EXTI1_IRQHandler                         0x08006183   Thumb Code     0  startup_stm32f429_439xx.o(.text)
    EXTI2_IRQHandler                         0x08006183   Thumb Code     0  startup_stm32f429_439xx.o(.text)
    EXTI3_IRQHandler                         0x08006183   Thumb Code     0  startup_stm32f429_439xx.o(.text)
    EXTI4_IRQHandler                         0x08006183   Thumb Code     0  startup_stm32f429_439xx.o(.text)
    EXTI9_5_IRQHandler                       0x08006183   Thumb Code     0  startup_stm32f429_439xx.o(.text)
    FLASH_IRQHandler                         0x08006183   Thumb Code     0  startup_stm32f429_439xx.o(.text)
    FMC_IRQHandler                           0x08006183   Thumb Code     0  startup_stm32f429_439xx.o(.text)
    FPU_IRQHandler                           0x08006183   Thumb Code     0  startup_stm32f429_439xx.o(.text)
    HASH_RNG_IRQHandler                      0x08006183   Thumb Code     0  startup_stm32f429_439xx.o(.text)
    I2C1_ER_IRQHandler                       0x08006183   Thumb Code     0  startup_stm32f429_439xx.o(.text)
    I2C1_EV_IRQHandler                       0x08006183   Thumb Code     0  startup_stm32f429_439xx.o(.text)
    I2C2_ER_IRQHandler                       0x08006183   Thumb Code     0  startup_stm32f429_439xx.o(.text)
    I2C2_EV_IRQHandler                       0x08006183   Thumb Code     0  startup_stm32f429_439xx.o(.text)
    I2C3_ER_IRQHandler                       0x08006183   Thumb Code     0  startup_stm32f429_439xx.o(.text)
    I2C3_EV_IRQHandler                       0x08006183   Thumb Code     0  startup_stm32f429_439xx.o(.text)
    LTDC_ER_IRQHandler                       0x08006183   Thumb Code     0  startup_stm32f429_439xx.o(.text)
    LTDC_IRQHandler                          0x08006183   Thumb Code     0  startup_stm32f429_439xx.o(.text)
    OTG_FS_IRQHandler                        0x08006183   Thumb Code     0  startup_stm32f429_439xx.o(.text)
    OTG_FS_WKUP_IRQHandler                   0x08006183   Thumb Code     0  startup_stm32f429_439xx.o(.text)
    OTG_HS_EP1_IN_IRQHandler                 0x08006183   Thumb Code     0  startup_stm32f429_439xx.o(.text)
    OTG_HS_EP1_OUT_IRQHandler                0x08006183   Thumb Code     0  startup_stm32f429_439xx.o(.text)
    OTG_HS_IRQHandler                        0x08006183   Thumb Code     0  startup_stm32f429_439xx.o(.text)
    OTG_HS_WKUP_IRQHandler                   0x08006183   Thumb Code     0  startup_stm32f429_439xx.o(.text)
    PVD_IRQHandler                           0x08006183   Thumb Code     0  startup_stm32f429_439xx.o(.text)
    RCC_IRQHandler                           0x08006183   Thumb Code     0  startup_stm32f429_439xx.o(.text)
    RTC_Alarm_IRQHandler                     0x08006183   Thumb Code     0  startup_stm32f429_439xx.o(.text)
    RTC_WKUP_IRQHandler                      0x08006183   Thumb Code     0  startup_stm32f429_439xx.o(.text)
    SAI1_IRQHandler                          0x08006183   Thumb Code     0  startup_stm32f429_439xx.o(.text)
    SDIO_IRQHandler                          0x08006183   Thumb Code     0  startup_stm32f429_439xx.o(.text)
    SPI1_IRQHandler                          0x08006183   Thumb Code     0  startup_stm32f429_439xx.o(.text)
    SPI2_IRQHandler                          0x08006183   Thumb Code     0  startup_stm32f429_439xx.o(.text)
    SPI3_IRQHandler                          0x08006183   Thumb Code     0  startup_stm32f429_439xx.o(.text)
    SPI4_IRQHandler                          0x08006183   Thumb Code     0  startup_stm32f429_439xx.o(.text)
    SPI5_IRQHandler                          0x08006183   Thumb Code     0  startup_stm32f429_439xx.o(.text)
    SPI6_IRQHandler                          0x08006183   Thumb Code     0  startup_stm32f429_439xx.o(.text)
    TAMP_STAMP_IRQHandler                    0x08006183   Thumb Code     0  startup_stm32f429_439xx.o(.text)
    TIM1_BRK_TIM9_IRQHandler                 0x08006183   Thumb Code     0  startup_stm32f429_439xx.o(.text)
    TIM1_CC_IRQHandler                       0x08006183   Thumb Code     0  startup_stm32f429_439xx.o(.text)
    TIM1_TRG_COM_TIM11_IRQHandler            0x08006183   Thumb Code     0  startup_stm32f429_439xx.o(.text)
    TIM1_UP_TIM10_IRQHandler                 0x08006183   Thumb Code     0  startup_stm32f429_439xx.o(.text)
    TIM5_IRQHandler                          0x08006183   Thumb Code     0  startup_stm32f429_439xx.o(.text)
    TIM7_IRQHandler                          0x08006183   Thumb Code     0  startup_stm32f429_439xx.o(.text)
    TIM8_BRK_TIM12_IRQHandler                0x08006183   Thumb Code     0  startup_stm32f429_439xx.o(.text)
    TIM8_CC_IRQHandler                       0x08006183   Thumb Code     0  startup_stm32f429_439xx.o(.text)
    UART4_IRQHandler                         0x08006183   Thumb Code     0  startup_stm32f429_439xx.o(.text)
    UART5_IRQHandler                         0x08006183   Thumb Code     0  startup_stm32f429_439xx.o(.text)
    UART7_IRQHandler                         0x08006183   Thumb Code     0  startup_stm32f429_439xx.o(.text)
    UART8_IRQHandler                         0x08006183   Thumb Code     0  startup_stm32f429_439xx.o(.text)
    USART2_IRQHandler                        0x08006183   Thumb Code     0  startup_stm32f429_439xx.o(.text)
    USART3_IRQHandler                        0x08006183   Thumb Code     0  startup_stm32f429_439xx.o(.text)
    USART6_IRQHandler                        0x08006183   Thumb Code     0  startup_stm32f429_439xx.o(.text)
    WWDG_IRQHandler                          0x08006183   Thumb Code     0  startup_stm32f429_439xx.o(.text)
    __user_initial_stackheap                 0x08006185   Thumb Code     0  startup_stm32f429_439xx.o(.text)
    NVIC_PriorityGroupConfig                 0x080061a9   Thumb Code    10  misc.o(.text)
    NVIC_Init                                0x080061b3   Thumb Code   106  misc.o(.text)
    NVIC_SetVectorTable                      0x0800621d   Thumb Code    14  misc.o(.text)
    NVIC_SystemLPConfig                      0x0800622b   Thumb Code    34  misc.o(.text)
    SysTick_CLKSourceConfig                  0x0800624d   Thumb Code    40  misc.o(.text)
    GPIO_DeInit                              0x08006289   Thumb Code   268  stm32f4xx_gpio.o(.text)
    GPIO_Init                                0x08006395   Thumb Code   144  stm32f4xx_gpio.o(.text)
    GPIO_StructInit                          0x08006425   Thumb Code    18  stm32f4xx_gpio.o(.text)
    GPIO_PinLockConfig                       0x08006437   Thumb Code    34  stm32f4xx_gpio.o(.text)
    GPIO_ReadInputDataBit                    0x08006459   Thumb Code    18  stm32f4xx_gpio.o(.text)
    GPIO_ReadInputData                       0x0800646b   Thumb Code     8  stm32f4xx_gpio.o(.text)
    GPIO_ReadOutputDataBit                   0x08006473   Thumb Code    18  stm32f4xx_gpio.o(.text)
    GPIO_ReadOutputData                      0x08006485   Thumb Code     8  stm32f4xx_gpio.o(.text)
    GPIO_SetBits                             0x0800648d   Thumb Code     4  stm32f4xx_gpio.o(.text)
    GPIO_ResetBits                           0x08006491   Thumb Code     4  stm32f4xx_gpio.o(.text)
    GPIO_WriteBit                            0x08006495   Thumb Code    10  stm32f4xx_gpio.o(.text)
    GPIO_Write                               0x0800649f   Thumb Code     4  stm32f4xx_gpio.o(.text)
    GPIO_ToggleBits                          0x080064a3   Thumb Code     8  stm32f4xx_gpio.o(.text)
    GPIO_PinAFConfig                         0x080064ab   Thumb Code    70  stm32f4xx_gpio.o(.text)
    RCC_DeInit                               0x0800651d   Thumb Code    82  stm32f4xx_rcc.o(.text)
    RCC_HSEConfig                            0x0800656f   Thumb Code    14  stm32f4xx_rcc.o(.text)
    RCC_GetFlagStatus                        0x0800657d   Thumb Code    60  stm32f4xx_rcc.o(.text)
    RCC_WaitForHSEStartUp                    0x080065b9   Thumb Code    56  stm32f4xx_rcc.o(.text)
    RCC_AdjustHSICalibrationValue            0x080065f1   Thumb Code    20  stm32f4xx_rcc.o(.text)
    RCC_HSICmd                               0x08006605   Thumb Code     6  stm32f4xx_rcc.o(.text)
    RCC_LSEConfig                            0x0800660b   Thumb Code    46  stm32f4xx_rcc.o(.text)
    RCC_LSICmd                               0x08006639   Thumb Code     6  stm32f4xx_rcc.o(.text)
    RCC_PLLConfig                            0x0800663f   Thumb Code    32  stm32f4xx_rcc.o(.text)
    RCC_PLLCmd                               0x0800665f   Thumb Code     6  stm32f4xx_rcc.o(.text)
    RCC_PLLI2SConfig                         0x08006665   Thumb Code    20  stm32f4xx_rcc.o(.text)
    RCC_PLLI2SCmd                            0x08006679   Thumb Code     6  stm32f4xx_rcc.o(.text)
    RCC_PLLSAIConfig                         0x0800667f   Thumb Code    20  stm32f4xx_rcc.o(.text)
    RCC_PLLSAICmd                            0x08006693   Thumb Code     6  stm32f4xx_rcc.o(.text)
    RCC_ClockSecuritySystemCmd               0x08006699   Thumb Code     6  stm32f4xx_rcc.o(.text)
    RCC_MCO1Config                           0x0800669f   Thumb Code    28  stm32f4xx_rcc.o(.text)
    RCC_MCO2Config                           0x080066bb   Thumb Code    28  stm32f4xx_rcc.o(.text)
    RCC_SYSCLKConfig                         0x080066d7   Thumb Code    20  stm32f4xx_rcc.o(.text)
    RCC_GetSYSCLKSource                      0x080066eb   Thumb Code    12  stm32f4xx_rcc.o(.text)
    RCC_HCLKConfig                           0x080066f7   Thumb Code    20  stm32f4xx_rcc.o(.text)
    RCC_PCLK1Config                          0x0800670b   Thumb Code    20  stm32f4xx_rcc.o(.text)
    RCC_PCLK2Config                          0x0800671f   Thumb Code    22  stm32f4xx_rcc.o(.text)
    RCC_GetClocksFreq                        0x08006735   Thumb Code   222  stm32f4xx_rcc.o(.text)
    RCC_RTCCLKConfig                         0x08006813   Thumb Code    54  stm32f4xx_rcc.o(.text)
    RCC_RTCCLKCmd                            0x08006849   Thumb Code     8  stm32f4xx_rcc.o(.text)
    RCC_BackupResetCmd                       0x08006851   Thumb Code     8  stm32f4xx_rcc.o(.text)
    RCC_I2SCLKConfig                         0x08006859   Thumb Code     6  stm32f4xx_rcc.o(.text)
    RCC_SAIPLLI2SClkDivConfig                0x0800685f   Thumb Code    26  stm32f4xx_rcc.o(.text)
    RCC_SAIPLLSAIClkDivConfig                0x08006879   Thumb Code    28  stm32f4xx_rcc.o(.text)
    RCC_SAIBlockACLKConfig                   0x08006895   Thumb Code    20  stm32f4xx_rcc.o(.text)
    RCC_SAIBlockBCLKConfig                   0x080068a9   Thumb Code    20  stm32f4xx_rcc.o(.text)
    RCC_LTDCCLKDivConfig                     0x080068bd   Thumb Code    20  stm32f4xx_rcc.o(.text)
    RCC_TIMCLKPresConfig                     0x080068d1   Thumb Code     6  stm32f4xx_rcc.o(.text)
    RCC_AHB1PeriphClockCmd                   0x080068d7   Thumb Code    82  stm32f4xx_rcc.o(.text)
    RCC_AHB2PeriphClockCmd                   0x08006929   Thumb Code    26  stm32f4xx_rcc.o(.text)
    RCC_AHB3PeriphClockCmd                   0x08006943   Thumb Code    34  stm32f4xx_rcc.o(.text)
    RCC_APB1PeriphClockCmd                   0x08006965   Thumb Code    34  stm32f4xx_rcc.o(.text)
    RCC_APB2PeriphClockCmd                   0x08006987   Thumb Code    34  stm32f4xx_rcc.o(.text)
    RCC_AHB1PeriphResetCmd                   0x080069a9   Thumb Code    34  stm32f4xx_rcc.o(.text)
    RCC_AHB2PeriphResetCmd                   0x080069cb   Thumb Code    34  stm32f4xx_rcc.o(.text)
    RCC_AHB3PeriphResetCmd                   0x080069ed   Thumb Code    34  stm32f4xx_rcc.o(.text)
    RCC_APB1PeriphResetCmd                   0x08006a0f   Thumb Code    34  stm32f4xx_rcc.o(.text)
    RCC_APB2PeriphResetCmd                   0x08006a31   Thumb Code    34  stm32f4xx_rcc.o(.text)
    RCC_AHB1PeriphClockLPModeCmd             0x08006a53   Thumb Code    34  stm32f4xx_rcc.o(.text)
    RCC_AHB2PeriphClockLPModeCmd             0x08006a75   Thumb Code    34  stm32f4xx_rcc.o(.text)
    RCC_AHB3PeriphClockLPModeCmd             0x08006a97   Thumb Code    34  stm32f4xx_rcc.o(.text)
    RCC_APB1PeriphClockLPModeCmd             0x08006ab9   Thumb Code    34  stm32f4xx_rcc.o(.text)
    RCC_APB2PeriphClockLPModeCmd             0x08006adb   Thumb Code    34  stm32f4xx_rcc.o(.text)
    RCC_LSEModeConfig                        0x08006afd   Thumb Code    40  stm32f4xx_rcc.o(.text)
    RCC_ITConfig                             0x08006b25   Thumb Code    34  stm32f4xx_rcc.o(.text)
    RCC_ClearFlag                            0x08006b47   Thumb Code    18  stm32f4xx_rcc.o(.text)
    RCC_GetITStatus                          0x08006b59   Thumb Code    22  stm32f4xx_rcc.o(.text)
    RCC_ClearITPendingBit                    0x08006b6f   Thumb Code     8  stm32f4xx_rcc.o(.text)
    USART_DeInit                             0x08006b7d   Thumb Code   206  stm32f4xx_usart.o(.text)
    USART_Init                               0x08006c4b   Thumb Code   204  stm32f4xx_usart.o(.text)
    USART_StructInit                         0x08006d17   Thumb Code    24  stm32f4xx_usart.o(.text)
    USART_ClockInit                          0x08006d2f   Thumb Code    32  stm32f4xx_usart.o(.text)
    USART_ClockStructInit                    0x08006d4f   Thumb Code    12  stm32f4xx_usart.o(.text)
    USART_Cmd                                0x08006d5b   Thumb Code    24  stm32f4xx_usart.o(.text)
    USART_SetPrescaler                       0x08006d73   Thumb Code    16  stm32f4xx_usart.o(.text)
    USART_OverSampling8Cmd                   0x08006d83   Thumb Code    22  stm32f4xx_usart.o(.text)
    USART_OneBitMethodCmd                    0x08006d99   Thumb Code    24  stm32f4xx_usart.o(.text)
    USART_SendData                           0x08006db1   Thumb Code     8  stm32f4xx_usart.o(.text)
    USART_ReceiveData                        0x08006db9   Thumb Code    10  stm32f4xx_usart.o(.text)
    USART_SetAddress                         0x08006dc3   Thumb Code    18  stm32f4xx_usart.o(.text)
    USART_ReceiverWakeUpCmd                  0x08006dd5   Thumb Code    24  stm32f4xx_usart.o(.text)
    USART_WakeUpConfig                       0x08006ded   Thumb Code    18  stm32f4xx_usart.o(.text)
    USART_LINBreakDetectLengthConfig         0x08006dff   Thumb Code    18  stm32f4xx_usart.o(.text)
    USART_LINCmd                             0x08006e11   Thumb Code    24  stm32f4xx_usart.o(.text)
    USART_SendBreak                          0x08006e29   Thumb Code    10  stm32f4xx_usart.o(.text)
    USART_HalfDuplexCmd                      0x08006e33   Thumb Code    24  stm32f4xx_usart.o(.text)
    USART_SetGuardTime                       0x08006e4b   Thumb Code    16  stm32f4xx_usart.o(.text)
    USART_SmartCardCmd                       0x08006e5b   Thumb Code    24  stm32f4xx_usart.o(.text)
    USART_SmartCardNACKCmd                   0x08006e73   Thumb Code    24  stm32f4xx_usart.o(.text)
    USART_IrDAConfig                         0x08006e8b   Thumb Code    18  stm32f4xx_usart.o(.text)
    USART_IrDACmd                            0x08006e9d   Thumb Code    24  stm32f4xx_usart.o(.text)
    USART_DMACmd                             0x08006eb5   Thumb Code    18  stm32f4xx_usart.o(.text)
    USART_ITConfig                           0x08006ec7   Thumb Code    74  stm32f4xx_usart.o(.text)
    USART_GetFlagStatus                      0x08006f11   Thumb Code    26  stm32f4xx_usart.o(.text)
    USART_ClearFlag                          0x08006f2b   Thumb Code    18  stm32f4xx_usart.o(.text)
    USART_GetITStatus                        0x08006f3d   Thumb Code   118  stm32f4xx_usart.o(.text)
    USART_ClearITPendingBit                  0x08006fb3   Thumb Code    30  stm32f4xx_usart.o(.text)
    CAN_DeInit                               0x08006fd1   Thumb Code    50  stm32f4xx_can.o(.text)
    CAN_Init                                 0x08007003   Thumb Code   276  stm32f4xx_can.o(.text)
    CAN_FilterInit                           0x08007117   Thumb Code   258  stm32f4xx_can.o(.text)
    CAN_StructInit                           0x08007219   Thumb Code    32  stm32f4xx_can.o(.text)
    CAN_SlaveStartBank                       0x08007239   Thumb Code    48  stm32f4xx_can.o(.text)
    CAN_DBGFreeze                            0x08007269   Thumb Code    22  stm32f4xx_can.o(.text)
    CAN_TTComModeCmd                         0x0800727f   Thumb Code   118  stm32f4xx_can.o(.text)
    CAN_Transmit                             0x080072f5   Thumb Code   304  stm32f4xx_can.o(.text)
    CAN_TransmitStatus                       0x08007425   Thumb Code   138  stm32f4xx_can.o(.text)
    CAN_CancelTransmit                       0x080074af   Thumb Code    48  stm32f4xx_can.o(.text)
    CAN_Receive                              0x080074df   Thumb Code   240  stm32f4xx_can.o(.text)
    CAN_FIFORelease                          0x080075cf   Thumb Code    22  stm32f4xx_can.o(.text)
    CAN_MessagePending                       0x080075e5   Thumb Code    30  stm32f4xx_can.o(.text)
    CAN_OperatingModeRequest                 0x08007603   Thumb Code   162  stm32f4xx_can.o(.text)
    CAN_Sleep                                0x080076a5   Thumb Code    30  stm32f4xx_can.o(.text)
    CAN_WakeUp                               0x080076c3   Thumb Code    48  stm32f4xx_can.o(.text)
    CAN_GetLastErrorCode                     0x080076f3   Thumb Code    12  stm32f4xx_can.o(.text)
    CAN_GetReceiveErrorCounter               0x080076ff   Thumb Code    10  stm32f4xx_can.o(.text)
    CAN_GetLSBTransmitErrorCounter           0x08007709   Thumb Code    12  stm32f4xx_can.o(.text)
    CAN_ITConfig                             0x08007715   Thumb Code    18  stm32f4xx_can.o(.text)
    CAN_GetFlagStatus                        0x08007727   Thumb Code   120  stm32f4xx_can.o(.text)
    CAN_ClearFlag                            0x0800779f   Thumb Code    52  stm32f4xx_can.o(.text)
    CAN_GetITStatus                          0x080077e5   Thumb Code   310  stm32f4xx_can.o(.text)
    CAN_ClearITPendingBit                    0x0800791b   Thumb Code   162  stm32f4xx_can.o(.text)
    TIM_DeInit                               0x080079c1   Thumb Code   346  stm32f4xx_tim.o(.text)
    TIM_TimeBaseInit                         0x08007b1b   Thumb Code   104  stm32f4xx_tim.o(.text)
    TIM_TimeBaseStructInit                   0x08007b83   Thumb Code    18  stm32f4xx_tim.o(.text)
    TIM_PrescalerConfig                      0x08007b95   Thumb Code     6  stm32f4xx_tim.o(.text)
    TIM_CounterModeConfig                    0x08007b9b   Thumb Code    18  stm32f4xx_tim.o(.text)
    TIM_SetCounter                           0x08007bad   Thumb Code     4  stm32f4xx_tim.o(.text)
    TIM_SetAutoreload                        0x08007bb1   Thumb Code     4  stm32f4xx_tim.o(.text)
    TIM_GetCounter                           0x08007bb5   Thumb Code     6  stm32f4xx_tim.o(.text)
    TIM_GetPrescaler                         0x08007bbb   Thumb Code     6  stm32f4xx_tim.o(.text)
    TIM_UpdateDisableConfig                  0x08007bc1   Thumb Code    24  stm32f4xx_tim.o(.text)
    TIM_UpdateRequestConfig                  0x08007bd9   Thumb Code    24  stm32f4xx_tim.o(.text)
    TIM_ARRPreloadConfig                     0x08007bf1   Thumb Code    24  stm32f4xx_tim.o(.text)
    TIM_SelectOnePulseMode                   0x08007c09   Thumb Code    18  stm32f4xx_tim.o(.text)
    TIM_SetClockDivision                     0x08007c1b   Thumb Code    18  stm32f4xx_tim.o(.text)
    TIM_Cmd                                  0x08007c2d   Thumb Code    24  stm32f4xx_tim.o(.text)
    TIM_OC1Init                              0x08007c45   Thumb Code   114  stm32f4xx_tim.o(.text)
    TIM_OC2Init                              0x08007cb7   Thumb Code   154  stm32f4xx_tim.o(.text)
    TIM_OC3Init                              0x08007d51   Thumb Code   204  stm32f4xx_tim.o(.text)
    TIM_OC4Init                              0x08007e1d   Thumb Code   112  stm32f4xx_tim.o(.text)
    TIM_OCStructInit                         0x08007e8d   Thumb Code    20  stm32f4xx_tim.o(.text)
    TIM_SelectOCxM                           0x08007ea1   Thumb Code    86  stm32f4xx_tim.o(.text)
    TIM_SetCompare1                          0x08007ef7   Thumb Code     4  stm32f4xx_tim.o(.text)
    TIM_SetCompare2                          0x08007efb   Thumb Code     4  stm32f4xx_tim.o(.text)
    TIM_SetCompare3                          0x08007eff   Thumb Code     4  stm32f4xx_tim.o(.text)
    TIM_SetCompare4                          0x08007f03   Thumb Code     4  stm32f4xx_tim.o(.text)
    TIM_ForcedOC1Config                      0x08007f07   Thumb Code    18  stm32f4xx_tim.o(.text)
    TIM_ForcedOC2Config                      0x08007f19   Thumb Code    26  stm32f4xx_tim.o(.text)
    TIM_ForcedOC3Config                      0x08007f33   Thumb Code    18  stm32f4xx_tim.o(.text)
    TIM_ForcedOC4Config                      0x08007f45   Thumb Code    26  stm32f4xx_tim.o(.text)
    TIM_OC1PreloadConfig                     0x08007f5f   Thumb Code    18  stm32f4xx_tim.o(.text)
    TIM_OC2PreloadConfig                     0x08007f71   Thumb Code    26  stm32f4xx_tim.o(.text)
    TIM_OC3PreloadConfig                     0x08007f8b   Thumb Code    18  stm32f4xx_tim.o(.text)
    TIM_OC4PreloadConfig                     0x08007f9d   Thumb Code    26  stm32f4xx_tim.o(.text)
    TIM_OC1FastConfig                        0x08007fb7   Thumb Code    18  stm32f4xx_tim.o(.text)
    TIM_OC2FastConfig                        0x08007fc9   Thumb Code    26  stm32f4xx_tim.o(.text)
    TIM_OC3FastConfig                        0x08007fe3   Thumb Code    18  stm32f4xx_tim.o(.text)
    TIM_OC4FastConfig                        0x08007ff5   Thumb Code    26  stm32f4xx_tim.o(.text)
    TIM_ClearOC1Ref                          0x0800800f   Thumb Code    18  stm32f4xx_tim.o(.text)
    TIM_ClearOC2Ref                          0x08008021   Thumb Code    24  stm32f4xx_tim.o(.text)
    TIM_ClearOC3Ref                          0x08008039   Thumb Code    18  stm32f4xx_tim.o(.text)
    TIM_ClearOC4Ref                          0x0800804b   Thumb Code    24  stm32f4xx_tim.o(.text)
    TIM_OC1PolarityConfig                    0x08008063   Thumb Code    18  stm32f4xx_tim.o(.text)
    TIM_OC1NPolarityConfig                   0x08008075   Thumb Code    18  stm32f4xx_tim.o(.text)
    TIM_OC2PolarityConfig                    0x08008087   Thumb Code    26  stm32f4xx_tim.o(.text)
    TIM_OC2NPolarityConfig                   0x080080a1   Thumb Code    26  stm32f4xx_tim.o(.text)
    TIM_OC3PolarityConfig                    0x080080bb   Thumb Code    26  stm32f4xx_tim.o(.text)
    TIM_OC3NPolarityConfig                   0x080080d5   Thumb Code    26  stm32f4xx_tim.o(.text)
    TIM_OC4PolarityConfig                    0x080080ef   Thumb Code    26  stm32f4xx_tim.o(.text)
    TIM_CCxCmd                               0x08008109   Thumb Code    30  stm32f4xx_tim.o(.text)
    TIM_CCxNCmd                              0x08008127   Thumb Code    30  stm32f4xx_tim.o(.text)
    TIM_SetIC4Prescaler                      0x08008145   Thumb Code    26  stm32f4xx_tim.o(.text)
    TIM_SetIC3Prescaler                      0x080081af   Thumb Code    18  stm32f4xx_tim.o(.text)
    TIM_SetIC2Prescaler                      0x08008209   Thumb Code    26  stm32f4xx_tim.o(.text)
    TIM_SetIC1Prescaler                      0x0800827d   Thumb Code    18  stm32f4xx_tim.o(.text)
    TIM_ICInit                               0x080082c9   Thumb Code   110  stm32f4xx_tim.o(.text)
    TIM_ICStructInit                         0x08008337   Thumb Code    18  stm32f4xx_tim.o(.text)
    TIM_PWMIConfig                           0x08008349   Thumb Code   124  stm32f4xx_tim.o(.text)
    TIM_GetCapture1                          0x080083c5   Thumb Code     6  stm32f4xx_tim.o(.text)
    TIM_GetCapture2                          0x080083cb   Thumb Code     6  stm32f4xx_tim.o(.text)
    TIM_GetCapture3                          0x080083d1   Thumb Code     6  stm32f4xx_tim.o(.text)
    TIM_GetCapture4                          0x080083d7   Thumb Code     6  stm32f4xx_tim.o(.text)
    TIM_BDTRConfig                           0x080083dd   Thumb Code    32  stm32f4xx_tim.o(.text)
    TIM_BDTRStructInit                       0x080083fd   Thumb Code    18  stm32f4xx_tim.o(.text)
    TIM_CtrlPWMOutputs                       0x0800840f   Thumb Code    30  stm32f4xx_tim.o(.text)
    TIM_SelectCOM                            0x0800842d   Thumb Code    24  stm32f4xx_tim.o(.text)
    TIM_CCPreloadControl                     0x08008445   Thumb Code    24  stm32f4xx_tim.o(.text)
    TIM_ITConfig                             0x0800845d   Thumb Code    18  stm32f4xx_tim.o(.text)
    TIM_GenerateEvent                        0x0800846f   Thumb Code     4  stm32f4xx_tim.o(.text)
    TIM_GetFlagStatus                        0x08008473   Thumb Code    18  stm32f4xx_tim.o(.text)
    TIM_ClearFlag                            0x08008485   Thumb Code     6  stm32f4xx_tim.o(.text)
    TIM_GetITStatus                          0x0800848b   Thumb Code    34  stm32f4xx_tim.o(.text)
    TIM_ClearITPendingBit                    0x080084ad   Thumb Code     6  stm32f4xx_tim.o(.text)
    TIM_DMAConfig                            0x080084b3   Thumb Code    10  stm32f4xx_tim.o(.text)
    TIM_DMACmd                               0x080084bd   Thumb Code    18  stm32f4xx_tim.o(.text)
    TIM_SelectCCDMA                          0x080084cf   Thumb Code    24  stm32f4xx_tim.o(.text)
    TIM_InternalClockConfig                  0x080084e7   Thumb Code    12  stm32f4xx_tim.o(.text)
    TIM_SelectInputTrigger                   0x080084f3   Thumb Code    18  stm32f4xx_tim.o(.text)
    TIM_ITRxExternalClockConfig              0x08008505   Thumb Code    24  stm32f4xx_tim.o(.text)
    TIM_TIxExternalClockConfig               0x0800851d   Thumb Code    62  stm32f4xx_tim.o(.text)
    TIM_ETRConfig                            0x0800855b   Thumb Code    28  stm32f4xx_tim.o(.text)
    TIM_ETRClockMode1Config                  0x08008577   Thumb Code    54  stm32f4xx_tim.o(.text)
    TIM_ETRClockMode2Config                  0x080085ad   Thumb Code    32  stm32f4xx_tim.o(.text)
    TIM_SelectOutputTrigger                  0x080085cd   Thumb Code    18  stm32f4xx_tim.o(.text)
    TIM_SelectSlaveMode                      0x080085df   Thumb Code    18  stm32f4xx_tim.o(.text)
    TIM_SelectMasterSlaveMode                0x080085f1   Thumb Code    18  stm32f4xx_tim.o(.text)
    TIM_EncoderInterfaceConfig               0x08008603   Thumb Code    66  stm32f4xx_tim.o(.text)
    TIM_SelectHallSensor                     0x08008645   Thumb Code    24  stm32f4xx_tim.o(.text)
    TIM_RemapConfig                          0x0800865d   Thumb Code     6  stm32f4xx_tim.o(.text)
    __use_no_semihosting                     0x08008663   Thumb Code     2  use_no_semi_2.o(.text)
    __2printf                                0x08008665   Thumb Code    20  noretval__2printf.o(.text)
    __printf                                 0x0800867d   Thumb Code   104  __printf.o(.text)
    _printf_int_dec                          0x080086e5   Thumb Code   104  _printf_dec.o(.text)
    __aeabi_memcpy4                          0x0800875d   Thumb Code     0  rt_memcpy_w.o(.text)
    __aeabi_memcpy8                          0x0800875d   Thumb Code     0  rt_memcpy_w.o(.text)
    __rt_memcpy_w                            0x0800875d   Thumb Code   100  rt_memcpy_w.o(.text)
    _memcpy_lastbytes_aligned                0x080087a5   Thumb Code     0  rt_memcpy_w.o(.text)
    __aeabi_memclr4                          0x080087c1   Thumb Code     0  rt_memclr_w.o(.text)
    __aeabi_memclr8                          0x080087c1   Thumb Code     0  rt_memclr_w.o(.text)
    __rt_memclr_w                            0x080087c1   Thumb Code    78  rt_memclr_w.o(.text)
    _memset_w                                0x080087c5   Thumb Code     0  rt_memclr_w.o(.text)
    __use_two_region_memory                  0x0800880f   Thumb Code     2  heapauxi.o(.text)
    __rt_heap_escrow$2region                 0x08008811   Thumb Code     2  heapauxi.o(.text)
    __rt_heap_expand$2region                 0x08008813   Thumb Code     2  heapauxi.o(.text)
    __I$use$semihosting                      0x08008815   Thumb Code     0  use_no_semi.o(.text)
    __use_no_semihosting_swi                 0x08008815   Thumb Code     2  use_no_semi.o(.text)
    __read_errno                             0x08008817   Thumb Code    10  _rserrno.o(.text)
    __set_errno                              0x08008821   Thumb Code    12  _rserrno.o(.text)
    _printf_int_common                       0x0800882d   Thumb Code   178  _printf_intcommon.o(.text)
    __lib_sel_fp_printf                      0x080088df   Thumb Code     2  _printf_fp_dec.o(.text)
    _printf_fp_dec_real                      0x08008a8d   Thumb Code   620  _printf_fp_dec.o(.text)
    _printf_char_file                        0x08008cf9   Thumb Code    32  _printf_char_file.o(.text)
    __rt_locale                              0x08008d1d   Thumb Code     8  rt_locale_intlibspace.o(.text)
    __aeabi_errno_addr                       0x08008d25   Thumb Code     8  rt_errno_addr_intlibspace.o(.text)
    __errno$intlibspace                      0x08008d25   Thumb Code     0  rt_errno_addr_intlibspace.o(.text)
    __rt_errno_addr$intlibspace              0x08008d25   Thumb Code     0  rt_errno_addr_intlibspace.o(.text)
    _ll_udiv10                               0x08008d2d   Thumb Code   138  lludiv10.o(.text)
    _printf_char_common                      0x08008dc3   Thumb Code    32  _printf_char_common.o(.text)
    _printf_fp_infnan                        0x08008de9   Thumb Code   112  _printf_fp_infnan.o(.text)
    _btod_etento                             0x08008e69   Thumb Code   216  bigflt0.o(.text)
    ferror                                   0x08008f45   Thumb Code     8  ferror.o(.text)
    __user_libspace                          0x08008f4d   Thumb Code     8  libspace.o(.text)
    __user_perproc_libspace                  0x08008f4d   Thumb Code     0  libspace.o(.text)
    __user_perthread_libspace                0x08008f4d   Thumb Code     0  libspace.o(.text)
    __user_setup_stackheap                   0x08008f55   Thumb Code    74  sys_stackheap_outer.o(.text)
    exit                                     0x08008f9f   Thumb Code    18  exit.o(.text)
    strcmp                                   0x08008fb1   Thumb Code   128  strcmpv7m.o(.text)
    _btod_d2e                                0x08009031   Thumb Code    62  btod.o(CL$$btod_d2e)
    _d2e_denorm_low                          0x0800906f   Thumb Code    70  btod.o(CL$$btod_d2e_denorm_low)
    _d2e_norm_op1                            0x080090b5   Thumb Code    96  btod.o(CL$$btod_d2e_norm_op1)
    __btod_div_common                        0x08009115   Thumb Code   696  btod.o(CL$$btod_div_common)
    _e2e                                     0x0800944d   Thumb Code   198  btod.o(CL$$btod_e2e)
    _btod_ediv                               0x08009513   Thumb Code    40  btod.o(CL$$btod_ediv)
    _btod_emul                               0x0800953b   Thumb Code    40  btod.o(CL$$btod_emul)
    __btod_mult_common                       0x08009563   Thumb Code   580  btod.o(CL$$btod_mult_common)
    __ARM_fpclassify                         0x080097a7   Thumb Code    48  fpclassify.o(i.__ARM_fpclassify)
    __ARM_fpclassifyf                        0x080097d7   Thumb Code    38  fpclassifyf.o(i.__ARM_fpclassifyf)
    __hardfp_atan2f                          0x080097fd   Thumb Code   502  atan2f.o(i.__hardfp_atan2f)
    __hardfp_cosf                            0x08009a4d   Thumb Code   280  cosf.o(i.__hardfp_cosf)
    __hardfp_sinf                            0x08009b9d   Thumb Code   344  sinf.o(i.__hardfp_sinf)
    __mathlib_flt_infnan                     0x08009d2d   Thumb Code     6  funder.o(i.__mathlib_flt_infnan)
    __mathlib_flt_infnan2                    0x08009d33   Thumb Code     6  funder.o(i.__mathlib_flt_infnan2)
    __mathlib_flt_invalid                    0x08009d39   Thumb Code    10  funder.o(i.__mathlib_flt_invalid)
    __mathlib_flt_underflow                  0x08009d49   Thumb Code    10  funder.o(i.__mathlib_flt_underflow)
    __mathlib_rredf2                         0x08009d59   Thumb Code   316  rredf.o(i.__mathlib_rredf2)
    _get_lc_numeric                          0x08009ead   Thumb Code    44  lc_numeric_c.o(locale$$code)
    __fpl_dcmp_Inf                           0x08009ed9   Thumb Code    24  dcmpi.o(x$fpl$dcmpinf)
    __aeabi_cdcmple                          0x08009ef1   Thumb Code     0  dleqf.o(x$fpl$dleqf)
    _dcmple                                  0x08009ef1   Thumb Code   120  dleqf.o(x$fpl$dleqf)
    __fpl_dcmple_InfNaN                      0x08009f53   Thumb Code     0  dleqf.o(x$fpl$dleqf)
    __fpl_dnaninf                            0x08009f69   Thumb Code   156  dnaninf.o(x$fpl$dnaninf)
    __fpl_dretinf                            0x0800a005   Thumb Code    12  dretinf.o(x$fpl$dretinf)
    __aeabi_cdrcmple                         0x0800a011   Thumb Code     0  drleqf.o(x$fpl$drleqf)
    _drcmple                                 0x0800a011   Thumb Code   108  drleqf.o(x$fpl$drleqf)
    __aeabi_f2d                              0x0800a07d   Thumb Code     0  f2d.o(x$fpl$f2d)
    _f2d                                     0x0800a07d   Thumb Code    86  f2d.o(x$fpl$f2d)
    __fpl_fnaninf                            0x0800a0d3   Thumb Code   140  fnaninf.o(x$fpl$fnaninf)
    _fp_init                                 0x0800a15f   Thumb Code    10  fpinit.o(x$fpl$fpinit)
    __fplib_config_fpu_vfp                   0x0800a167   Thumb Code     0  fpinit.o(x$fpl$fpinit)
    __fplib_config_pureend_doubles           0x0800a167   Thumb Code     0  fpinit.o(x$fpl$fpinit)
    _printf_fp_dec                           0x0800a169   Thumb Code     4  printf1.o(x$fpl$printf1)
    __I$use$fp                               0x0800a16c   Number         0  usenofp.o(x$fpl$usenofp)
    Region$$Table$$Base                      0x0800a280   Number         0  anon$$obj.o(Region$$Table)
    Region$$Table$$Limit                     0x0800a2a0   Number         0  anon$$obj.o(Region$$Table)
    cmd                                      0x20000000   Data           1  main.o(.data)
    total_motor_number                       0x20000001   Data           1  main.o(.data)
    if_error                                 0x20000002   Data           1  main.o(.data)
    if_need_lookup_monitor                   0x20000003   Data           1  main.o(.data)
    lookup_counter                           0x20000004   Data           1  main.o(.data)
    tim3_counter                             0x20000008   Data           4  main.o(.data)
    tim4_counter                             0x2000000c   Data           4  main.o(.data)
    tim6_counter                             0x20000010   Data           4  main.o(.data)
    tim13_counter                            0x20000014   Data           4  main.o(.data)
    tim14_counter                            0x20000018   Data           4  main.o(.data)
    mmk                                      0x2000001c   Data           4  main.o(.data)
    SystemCoreClock                          0x20000020   Data           4  system_stm32f4xx.o(.data)
    AHBPrescTable                            0x20000024   Data          16  system_stm32f4xx.o(.data)
    pSCA_ID1                                 0x20000034   Data           4  sca_app.o(.data)
    pSCA_ID2                                 0x20000038   Data           4  sca_app.o(.data)
    CAN_Port1                                0x2000003c   Data           8  sca_app.o(.data)
    CAN_Port2                                0x20000044   Data           8  sca_app.o(.data)
    __stdout                                 0x20000054   Data           4  usart.o(.data)
    timeout_flag                             0x20000058   Data           1  timer.o(.data)
    r1_0                                     0x2000006c   Data          36  main.o(.bss)
    r2_0                                     0x20000090   Data          36  main.o(.bss)
    r3_0                                     0x200000b4   Data          36  main.o(.bss)
    r4_0                                     0x200000d8   Data          36  main.o(.bss)
    porg_1_0                                 0x200000fc   Data          12  main.o(.bss)
    porg_2_1                                 0x20000108   Data          12  main.o(.bss)
    porg_3_2                                 0x20000114   Data          12  main.o(.bss)
    porg_4_3                                 0x20000120   Data          12  main.o(.bss)
    mp                                       0x2000012c   Data         120  main.o(.bss)
    SCA_Handler_List                         0x200001a4   Data        1568  sca_api.o(.bss)
    __libspace_start                         0x200007c4   Data          96  libspace.o(.bss)
    __temporary_stack_top$libspace           0x20000824   Data           0  libspace.o(.bss)



==============================================================================

Memory Map of the image

  Image Entry point : 0x080001ad

  Load Region LR_IROM1 (Base: 0x08000000, Size: 0x0000a328, Max: 0x00080000, ABSOLUTE)

    Execution Region ER_IROM1 (Base: 0x08000000, Size: 0x0000a2bc, Max: 0x00080000, ABSOLUTE)

    Base Addr    Size         Type   Attr      Idx    E Section Name        Object

    0x08000000   0x000001ac   Data   RO          440    RESET               startup_stm32f429_439xx.o
    0x080001ac   0x00000008   Code   RO         1419  * !!!main             c_w.l(__main.o)
    0x080001b4   0x00000034   Code   RO         1725    !!!scatter          c_w.l(__scatter.o)
    0x080001e8   0x0000001a   Code   RO         1727    !!handler_copy      c_w.l(__scatter_copy.o)
    0x08000202   0x00000002   PAD
    0x08000204   0x0000001c   Code   RO         1729    !!handler_zi        c_w.l(__scatter_zi.o)
    0x08000220   0x00000000   Code   RO         1406    .ARM.Collect$$_printf_percent$$00000000  c_w.l(_printf_percent.o)
    0x08000220   0x00000006   Code   RO         1405    .ARM.Collect$$_printf_percent$$00000003  c_w.l(_printf_f.o)
    0x08000226   0x00000006   Code   RO         1404    .ARM.Collect$$_printf_percent$$00000009  c_w.l(_printf_d.o)
    0x0800022c   0x00000004   Code   RO         1478    .ARM.Collect$$_printf_percent$$00000017  c_w.l(_printf_percent_end.o)
    0x08000230   0x00000002   Code   RO         1598    .ARM.Collect$$libinit$$00000000  c_w.l(libinit.o)
    0x08000232   0x00000004   Code   RO         1599    .ARM.Collect$$libinit$$00000001  c_w.l(libinit2.o)
    0x08000236   0x00000000   Code   RO         1602    .ARM.Collect$$libinit$$00000004  c_w.l(libinit2.o)
    0x08000236   0x00000000   Code   RO         1605    .ARM.Collect$$libinit$$0000000A  c_w.l(libinit2.o)
    0x08000236   0x00000000   Code   RO         1607    .ARM.Collect$$libinit$$0000000C  c_w.l(libinit2.o)
    0x08000236   0x00000000   Code   RO         1609    .ARM.Collect$$libinit$$0000000E  c_w.l(libinit2.o)
    0x08000236   0x00000006   Code   RO         1610    .ARM.Collect$$libinit$$0000000F  c_w.l(libinit2.o)
    0x0800023c   0x00000000   Code   RO         1612    .ARM.Collect$$libinit$$00000011  c_w.l(libinit2.o)
    0x0800023c   0x00000000   Code   RO         1614    .ARM.Collect$$libinit$$00000013  c_w.l(libinit2.o)
    0x0800023c   0x00000000   Code   RO         1616    .ARM.Collect$$libinit$$00000015  c_w.l(libinit2.o)
    0x0800023c   0x0000000a   Code   RO         1617    .ARM.Collect$$libinit$$00000016  c_w.l(libinit2.o)
    0x08000246   0x00000000   Code   RO         1618    .ARM.Collect$$libinit$$00000017  c_w.l(libinit2.o)
    0x08000246   0x00000000   Code   RO         1620    .ARM.Collect$$libinit$$00000019  c_w.l(libinit2.o)
    0x08000246   0x00000000   Code   RO         1622    .ARM.Collect$$libinit$$0000001B  c_w.l(libinit2.o)
    0x08000246   0x00000000   Code   RO         1624    .ARM.Collect$$libinit$$0000001D  c_w.l(libinit2.o)
    0x08000246   0x00000000   Code   RO         1626    .ARM.Collect$$libinit$$0000001F  c_w.l(libinit2.o)
    0x08000246   0x00000000   Code   RO         1628    .ARM.Collect$$libinit$$00000021  c_w.l(libinit2.o)
    0x08000246   0x00000000   Code   RO         1630    .ARM.Collect$$libinit$$00000023  c_w.l(libinit2.o)
    0x08000246   0x00000000   Code   RO         1632    .ARM.Collect$$libinit$$00000025  c_w.l(libinit2.o)
    0x08000246   0x00000000   Code   RO         1636    .ARM.Collect$$libinit$$0000002C  c_w.l(libinit2.o)
    0x08000246   0x00000000   Code   RO         1638    .ARM.Collect$$libinit$$0000002E  c_w.l(libinit2.o)
    0x08000246   0x00000000   Code   RO         1640    .ARM.Collect$$libinit$$00000030  c_w.l(libinit2.o)
    0x08000246   0x00000000   Code   RO         1642    .ARM.Collect$$libinit$$00000032  c_w.l(libinit2.o)
    0x08000246   0x00000002   Code   RO         1643    .ARM.Collect$$libinit$$00000033  c_w.l(libinit2.o)
    0x08000248   0x00000002   Code   RO         1685    .ARM.Collect$$libshutdown$$00000000  c_w.l(libshutdown.o)
    0x0800024a   0x00000000   Code   RO         1694    .ARM.Collect$$libshutdown$$00000002  c_w.l(libshutdown2.o)
    0x0800024a   0x00000000   Code   RO         1696    .ARM.Collect$$libshutdown$$00000004  c_w.l(libshutdown2.o)
    0x0800024a   0x00000000   Code   RO         1699    .ARM.Collect$$libshutdown$$00000007  c_w.l(libshutdown2.o)
    0x0800024a   0x00000000   Code   RO         1702    .ARM.Collect$$libshutdown$$0000000A  c_w.l(libshutdown2.o)
    0x0800024a   0x00000000   Code   RO         1704    .ARM.Collect$$libshutdown$$0000000C  c_w.l(libshutdown2.o)
    0x0800024a   0x00000000   Code   RO         1707    .ARM.Collect$$libshutdown$$0000000F  c_w.l(libshutdown2.o)
    0x0800024a   0x00000002   Code   RO         1708    .ARM.Collect$$libshutdown$$00000010  c_w.l(libshutdown2.o)
    0x0800024c   0x00000000   Code   RO         1467    .ARM.Collect$$rtentry$$00000000  c_w.l(__rtentry.o)
    0x0800024c   0x00000000   Code   RO         1510    .ARM.Collect$$rtentry$$00000002  c_w.l(__rtentry2.o)
    0x0800024c   0x00000006   Code   RO         1522    .ARM.Collect$$rtentry$$00000004  c_w.l(__rtentry4.o)
    0x08000252   0x00000000   Code   RO         1512    .ARM.Collect$$rtentry$$00000009  c_w.l(__rtentry2.o)
    0x08000252   0x00000004   Code   RO         1513    .ARM.Collect$$rtentry$$0000000A  c_w.l(__rtentry2.o)
    0x08000256   0x00000000   Code   RO         1515    .ARM.Collect$$rtentry$$0000000C  c_w.l(__rtentry2.o)
    0x08000256   0x00000008   Code   RO         1516    .ARM.Collect$$rtentry$$0000000D  c_w.l(__rtentry2.o)
    0x0800025e   0x00000002   Code   RO         1644    .ARM.Collect$$rtexit$$00000000  c_w.l(rtexit.o)
    0x08000260   0x00000000   Code   RO         1655    .ARM.Collect$$rtexit$$00000002  c_w.l(rtexit2.o)
    0x08000260   0x00000004   Code   RO         1656    .ARM.Collect$$rtexit$$00000003  c_w.l(rtexit2.o)
    0x08000264   0x00000006   Code   RO         1657    .ARM.Collect$$rtexit$$00000004  c_w.l(rtexit2.o)
    0x0800026a   0x00000002   PAD
    0x0800026c   0x000016b4   Code   RO            3    .text               main.o
    0x08001920   0x0000001a   Code   RO          182    .text               stm32f4xx_it.o
    0x0800193a   0x00000002   PAD
    0x0800193c   0x00000244   Code   RO          205    .text               system_stm32f4xx.o
    0x08001b80   0x00000064   Code   RO          231    .text               bsp.o
    0x08001be4   0x0000036c   Code   RO          251    .text               bsp_can.o
    0x08001f50   0x00000294   Code   RO          271    .text               sca_app.o
    0x080021e4   0x00002a98   Code   RO          294    .text               sca_api.o
    0x08004c7c   0x00000c8c   Code   RO          326    .text               sca_protocol.o
    0x08005908   0x00000104   Code   RO          346    .text               delay.o
    0x08005a0c   0x00000140   Code   RO          386    .text               usart.o
    0x08005b4c   0x0000061c   Code   RO          414    .text               timer.o
    0x08006168   0x00000040   Code   RO          441    .text               startup_stm32f429_439xx.o
    0x080061a8   0x000000e0   Code   RO          447    .text               misc.o
    0x08006288   0x00000294   Code   RO          467    .text               stm32f4xx_gpio.o
    0x0800651c   0x00000660   Code   RO          487    .text               stm32f4xx_rcc.o
    0x08006b7c   0x00000454   Code   RO          529    .text               stm32f4xx_usart.o
    0x08006fd0   0x000009f0   Code   RO          549    .text               stm32f4xx_can.o
    0x080079c0   0x00000ca2   Code   RO          569    .text               stm32f4xx_tim.o
    0x08008662   0x00000002   Code   RO         1372    .text               c_w.l(use_no_semi_2.o)
    0x08008664   0x00000018   Code   RO         1378    .text               c_w.l(noretval__2printf.o)
    0x0800867c   0x00000068   Code   RO         1380    .text               c_w.l(__printf.o)
    0x080086e4   0x00000078   Code   RO         1382    .text               c_w.l(_printf_dec.o)
    0x0800875c   0x00000064   Code   RO         1411    .text               c_w.l(rt_memcpy_w.o)
    0x080087c0   0x0000004e   Code   RO         1415    .text               c_w.l(rt_memclr_w.o)
    0x0800880e   0x00000006   Code   RO         1417    .text               c_w.l(heapauxi.o)
    0x08008814   0x00000002   Code   RO         1465    .text               c_w.l(use_no_semi.o)
    0x08008816   0x00000016   Code   RO         1470    .text               c_w.l(_rserrno.o)
    0x0800882c   0x000000b2   Code   RO         1472    .text               c_w.l(_printf_intcommon.o)
    0x080088de   0x0000041a   Code   RO         1474    .text               c_w.l(_printf_fp_dec.o)
    0x08008cf8   0x00000024   Code   RO         1476    .text               c_w.l(_printf_char_file.o)
    0x08008d1c   0x00000008   Code   RO         1531    .text               c_w.l(rt_locale_intlibspace.o)
    0x08008d24   0x00000008   Code   RO         1536    .text               c_w.l(rt_errno_addr_intlibspace.o)
    0x08008d2c   0x0000008a   Code   RO         1538    .text               c_w.l(lludiv10.o)
    0x08008db6   0x00000002   PAD
    0x08008db8   0x00000030   Code   RO         1540    .text               c_w.l(_printf_char_common.o)
    0x08008de8   0x00000080   Code   RO         1542    .text               c_w.l(_printf_fp_infnan.o)
    0x08008e68   0x000000dc   Code   RO         1544    .text               c_w.l(bigflt0.o)
    0x08008f44   0x00000008   Code   RO         1569    .text               c_w.l(ferror.o)
    0x08008f4c   0x00000008   Code   RO         1580    .text               c_w.l(libspace.o)
    0x08008f54   0x0000004a   Code   RO         1583    .text               c_w.l(sys_stackheap_outer.o)
    0x08008f9e   0x00000012   Code   RO         1589    .text               c_w.l(exit.o)
    0x08008fb0   0x00000080   Code   RO         1591    .text               c_w.l(strcmpv7m.o)
    0x08009030   0x0000003e   Code   RO         1547    CL$$btod_d2e        c_w.l(btod.o)
    0x0800906e   0x00000046   Code   RO         1549    CL$$btod_d2e_denorm_low  c_w.l(btod.o)
    0x080090b4   0x00000060   Code   RO         1548    CL$$btod_d2e_norm_op1  c_w.l(btod.o)
    0x08009114   0x00000338   Code   RO         1557    CL$$btod_div_common  c_w.l(btod.o)
    0x0800944c   0x000000c6   Code   RO         1554    CL$$btod_e2e        c_w.l(btod.o)
    0x08009512   0x00000028   Code   RO         1551    CL$$btod_ediv       c_w.l(btod.o)
    0x0800953a   0x00000028   Code   RO         1550    CL$$btod_emul       c_w.l(btod.o)
    0x08009562   0x00000244   Code   RO         1556    CL$$btod_mult_common  c_w.l(btod.o)
    0x080097a6   0x00000030   Code   RO         1578    i.__ARM_fpclassify  m_wm.l(fpclassify.o)
    0x080097d6   0x00000026   Code   RO         1490    i.__ARM_fpclassifyf  m_wm.l(fpclassifyf.o)
    0x080097fc   0x00000250   Code   RO         1429    i.__hardfp_atan2f   m_wm.l(atan2f.o)
    0x08009a4c   0x00000150   Code   RO         1441    i.__hardfp_cosf     m_wm.l(cosf.o)
    0x08009b9c   0x00000190   Code   RO         1453    i.__hardfp_sinf     m_wm.l(sinf.o)
    0x08009d2c   0x00000006   Code   RO         1493    i.__mathlib_flt_infnan  m_wm.l(funder.o)
    0x08009d32   0x00000006   Code   RO         1494    i.__mathlib_flt_infnan2  m_wm.l(funder.o)
    0x08009d38   0x00000010   Code   RO         1495    i.__mathlib_flt_invalid  m_wm.l(funder.o)
    0x08009d48   0x00000010   Code   RO         1498    i.__mathlib_flt_underflow  m_wm.l(funder.o)
    0x08009d58   0x00000154   Code   RO         1506    i.__mathlib_rredf2  m_wm.l(rredf.o)
    0x08009eac   0x0000002c   Code   RO         1574    locale$$code        c_w.l(lc_numeric_c.o)
    0x08009ed8   0x00000018   Code   RO         1481    x$fpl$dcmpinf       fz_wm.l(dcmpi.o)
    0x08009ef0   0x00000078   Code   RO         1421    x$fpl$dleqf         fz_wm.l(dleqf.o)
    0x08009f68   0x0000009c   Code   RO         1483    x$fpl$dnaninf       fz_wm.l(dnaninf.o)
    0x0800a004   0x0000000c   Code   RO         1485    x$fpl$dretinf       fz_wm.l(dretinf.o)
    0x0800a010   0x0000006c   Code   RO         1423    x$fpl$drleqf        fz_wm.l(drleqf.o)
    0x0800a07c   0x00000056   Code   RO         1425    x$fpl$f2d           fz_wm.l(f2d.o)
    0x0800a0d2   0x0000008c   Code   RO         1487    x$fpl$fnaninf       fz_wm.l(fnaninf.o)
    0x0800a15e   0x0000000a   Code   RO         1652    x$fpl$fpinit        fz_wm.l(fpinit.o)
    0x0800a168   0x00000004   Code   RO         1427    x$fpl$printf1       fz_wm.l(printf1.o)
    0x0800a16c   0x00000000   Code   RO         1489    x$fpl$usenofp       fz_wm.l(usenofp.o)
    0x0800a16c   0x00000020   Data   RO         1507    .constdata          m_wm.l(rredf.o)
    0x0800a18c   0x00000094   Data   RO         1545    .constdata          c_w.l(bigflt0.o)
    0x0800a220   0x0000005f   Data   RO          296    .conststring        sca_api.o
    0x0800a27f   0x00000001   PAD
    0x0800a280   0x00000020   Data   RO         1723    Region$$Table       anon$$obj.o
    0x0800a2a0   0x0000001c   Data   RO         1573    locale$$data        c_w.l(lc_numeric_c.o)


    Execution Region RW_IRAM2 (Base: 0x10000000, Size: 0x00000000, Max: 0x00010000, ABSOLUTE)

    **** No section assigned to this execution region ****


    Execution Region RW_IRAM1 (Base: 0x20000000, Size: 0x00000e28, Max: 0x00030000, ABSOLUTE)

    Base Addr    Size         Type   Attr      Idx    E Section Name        Object

    0x20000000   0x00000020   Data   RW            5    .data               main.o
    0x20000020   0x00000014   Data   RW          206    .data               system_stm32f4xx.o
    0x20000034   0x00000018   Data   RW          272    .data               sca_app.o
    0x2000004c   0x00000004   Data   RW          297    .data               sca_api.o
    0x20000050   0x00000004   Data   RW          347    .data               delay.o
    0x20000054   0x00000004   Data   RW          387    .data               usart.o
    0x20000058   0x00000001   Data   RW          415    .data               timer.o
    0x20000059   0x00000010   Data   RW          488    .data               stm32f4xx_rcc.o
    0x20000069   0x00000003   PAD
    0x2000006c   0x00000138   Zero   RW            4    .bss                main.o
    0x200001a4   0x00000620   Zero   RW          295    .bss                sca_api.o
    0x200007c4   0x00000060   Zero   RW         1581    .bss                c_w.l(libspace.o)
    0x20000824   0x00000004   PAD
    0x20000828   0x00000200   Zero   RW          439    HEAP                startup_stm32f429_439xx.o
    0x20000a28   0x00000400   Zero   RW          438    STACK               startup_stm32f429_439xx.o


==============================================================================

Image component sizes


      Code (inc. data)   RO Data    RW Data    ZI Data      Debug   Object Name

       100          6          0          0          0        636   bsp.o
       876         18          0          0          0       3442   bsp_can.o
       260          8          0          4          0       1457   delay.o
      5812        992          0         32        312     314238   main.o
       224         20          0          0          0       1813   misc.o
     10904        216         95          4       1568      50583   sca_api.o
       660         38          0         24          0       1783   sca_app.o
      3212        116          0          0          0       5948   sca_protocol.o
        64         26        428          0       1536        836   startup_stm32f429_439xx.o
      2544         38          0          0          0       8140   stm32f4xx_can.o
       660         44          0          0          0       4153   stm32f4xx_gpio.o
        26          0          0          0          0       1234   stm32f4xx_it.o
      1632         54          0         16          0      13084   stm32f4xx_rcc.o
      3234         60          0          0          0      23008   stm32f4xx_tim.o
      1108         34          0          0          0       7876   stm32f4xx_usart.o
       580         46          0         20          0       1851   system_stm32f4xx.o
      1564        124          0          1          0       4543   timer.o
       320         12          0          4          0       3729   usart.o

    ----------------------------------------------------------------------
     33782       1852        556        108       3416     448354   Object Totals
         0          0         32          0          0          0   (incl. Generated)
         2          0          1          3          0          0   (incl. Padding)

    ----------------------------------------------------------------------

      Code (inc. data)   RO Data    RW Data    ZI Data      Debug   Library Member Name

         8          0          0          0          0         68   __main.o
       104          0          0          0          0         84   __printf.o
         0          0          0          0          0          0   __rtentry.o
        12          0          0          0          0          0   __rtentry2.o
         6          0          0          0          0          0   __rtentry4.o
        52          8          0          0          0          0   __scatter.o
        26          0          0          0          0          0   __scatter_copy.o
        28          0          0          0          0          0   __scatter_zi.o
        48          6          0          0          0         96   _printf_char_common.o
        36          4          0          0          0         80   _printf_char_file.o
         6          0          0          0          0          0   _printf_d.o
       120         16          0          0          0         92   _printf_dec.o
         6          0          0          0          0          0   _printf_f.o
      1050          0          0          0          0        216   _printf_fp_dec.o
       128         16          0          0          0         84   _printf_fp_infnan.o
       178          0          0          0          0         88   _printf_intcommon.o
         0          0          0          0          0          0   _printf_percent.o
         4          0          0          0          0          0   _printf_percent_end.o
        22          0          0          0          0        100   _rserrno.o
       220          4        148          0          0         96   bigflt0.o
      1910        128          0          0          0        672   btod.o
        18          0          0          0          0         80   exit.o
         8          0          0          0          0         68   ferror.o
         6          0          0          0          0        152   heapauxi.o
        44         10         28          0          0         76   lc_numeric_c.o
         2          0          0          0          0          0   libinit.o
        22          0          0          0          0          0   libinit2.o
         2          0          0          0          0          0   libshutdown.o
         2          0          0          0          0          0   libshutdown2.o
         8          4          0          0         96         68   libspace.o
       138          0          0          0          0         80   lludiv10.o
        24          4          0          0          0         84   noretval__2printf.o
         8          4          0          0          0         68   rt_errno_addr_intlibspace.o
         8          4          0          0          0         68   rt_locale_intlibspace.o
        78          0          0          0          0         80   rt_memclr_w.o
       100          0          0          0          0         80   rt_memcpy_w.o
         2          0          0          0          0          0   rtexit.o
        10          0          0          0          0          0   rtexit2.o
       128          0          0          0          0         68   strcmpv7m.o
        74          0          0          0          0         80   sys_stackheap_outer.o
         2          0          0          0          0         68   use_no_semi.o
         2          0          0          0          0         68   use_no_semi_2.o
        24          0          0          0          0        116   dcmpi.o
       120          4          0          0          0        140   dleqf.o
       156          4          0          0          0        140   dnaninf.o
        12          0          0          0          0        116   dretinf.o
       108          0          0          0          0        128   drleqf.o
        86          4          0          0          0        132   f2d.o
       140          4          0          0          0        132   fnaninf.o
        10          0          0          0          0        116   fpinit.o
         4          0          0          0          0        116   printf1.o
         0          0          0          0          0          0   usenofp.o
       592         90          0          0          0        184   atan2f.o
       336         56          0          0          0        136   cosf.o
        48          0          0          0          0        124   fpclassify.o
        38          0          0          0          0        116   fpclassifyf.o
        44         12          0          0          0        464   funder.o
       340         24         32          0          0        160   rredf.o
       400         56          0          0          0        212   sinf.o

    ----------------------------------------------------------------------
      7114        462        208          0        100       5396   Library Totals
         6          0          0          0          4          0   (incl. Padding)

    ----------------------------------------------------------------------

      Code (inc. data)   RO Data    RW Data    ZI Data      Debug   Library Name

      4650        208        176          0         96       2864   c_w.l
       660         16          0          0          0       1136   fz_wm.l
      1798        238         32          0          0       1396   m_wm.l

    ----------------------------------------------------------------------
      7114        462        208          0        100       5396   Library Totals

    ----------------------------------------------------------------------

==============================================================================


      Code (inc. data)   RO Data    RW Data    ZI Data      Debug   

     40896       2314        764        108       3516     446890   Grand Totals
     40896       2314        764        108       3516     446890   ELF Image Totals
     40896       2314        764        108          0          0   ROM Totals

==============================================================================

    Total RO  Size (Code + RO Data)                41660 (  40.68kB)
    Total RW  Size (RW Data + ZI Data)              3624 (   3.54kB)
    Total ROM Size (Code + RO Data + RW Data)      41768 (  40.79kB)

==============================================================================

